[2025-11-24 15:40:54] ==========================================
[2025-11-24 15:40:54] 开始执行定时任务
[2025-11-24 15:40:54] ==========================================
[2025-11-24 15:40:54] 使用 Python: /Users/mxchip/Documents/sport8-crawl/venv-311/bin/python3
[2025-11-24 15:40:54] 激活虚拟环境: venv
[2025-11-24 15:40:54] 开始执行数据爬取任务...
[2025-11-24 15:40:54] 使用: auto_crawl_with_ocr.py
Error sending stats to Plausible: error sending request for url (https://plausible.io/api/event)

======================================================================
                    🚀 一键自动爬虫（带验证码识别）                    
======================================================================
功能：
  1. 自动登录（自动识别验证码）✨ 新增
  2. 自动提取 tokens
  3. 自动爬取场地数据
  4. 自动爬取订单数据
  5. 自动保存 CSV
  6. 浏览器保持打开
======================================================================
======================================================================
步骤 1/3：自动登录（带验证码识别）
======================================================================
✓ 已加载 ddddocr 识别引擎

[1/5] 启动浏览器...
[2/5] 访问登录页...
[3/5] 填写登录信息...
  ✓ 已填写用户名: hehh
  ✓ 已填写密码: ********

[4/5] 自动识别验证码并登录...

  尝试 1/5:
    ✓ 识别结果: P27F
    ✓ 已填写验证码
    ✓ 已点击登录

  ✓✓✓ 登录成功！
  当前页面: https://stadium.sports8.com.cn/StadiumHelper/index/PageIndexServlet?optype=toIndex

[5/5] 提取 tokens...
  ✓ 成功提取 8 个 tokens
  ✓ 已保存到: login_tokens.json

======================================================================
步骤 2/3：爬取场地数据
======================================================================

验证 tokens...
✓ Tokens 有效！

爬取日期范围: 2025-11-24 到 2025-11-30
[1/7] 2025-11-24... ✓ 3 组场地
[2/7] 2025-11-25... ✓ 3 组场地
[3/7] 2025-11-26... ✓ 3 组场地
[4/7] 2025-11-27... ✓ 3 组场地
[5/7] 2025-11-28... ✓ 3 组场地
[6/7] 2025-11-29... ✓ 3 组场地
[7/7] 2025-11-30... ✓ 3 组场地

✓ 共获取 315 条场地时段，已保存到: data/exports/bookings-20251124.csv

======================================================================
步骤 3/3：爬取未来7天的预订记录
======================================================================
[1/7] 2025-11-24... ✓ 0 条订单
[2/7] 2025-11-25... ✓ 0 条订单
[3/7] 2025-11-26... ✓ 0 条订单
[4/7] 2025-11-27... ✓ 0 条订单
[5/7] 2025-11-28... ✓ 0 条订单
[6/7] 2025-11-29... ✓ 0 条订单
[7/7] 2025-11-30... ✓ 0 条订单

❌ 未获取到任何订单数据

⚠️  订单数据爬取失败

======================================================================
✓✓✓ 所有任务完成！
======================================================================

✓ 浏览器保持打开
提示：你可以继续在浏览器中查看数据
[2025-11-24 15:41:40] ✓ 数据爬取成功
[2025-11-24 15:41:40] 开始执行数据同步任务...
[2025-11-24 15:41:40] 使用: integrations/sport8_sync.py (单次执行)
2025-11-24 15:41:40 | INFO     | Starting looped sync every 900 seconds
2025-11-24 15:41:40 | INFO     | Within active window (07:00-23:00). Running sync...
2025-11-24 15:41:40 | INFO     | Orders sync complete. created=0 payments=0 skipped=1
2025-11-24 15:41:40 | INFO     | Logging in as superadmin
2025-11-24 15:41:41 | INFO     | Login successful, token acquired.
2025-11-24 15:41:41 | INFO     | Locked bookings sync complete. created=2 skipped=24
2025-11-24 15:56:42 | INFO     | Within active window (07:00-23:00). Running sync...
2025-11-24 15:56:42 | INFO     | Orders sync complete. created=0 payments=0 skipped=1
2025-11-24 15:56:42 | INFO     | Locked bookings sync complete. created=0 skipped=26
2025-11-24 16:11:42 | INFO     | Within active window (07:00-23:00). Running sync...
2025-11-24 16:11:42 | INFO     | Orders sync complete. created=0 payments=0 skipped=1
2025-11-24 16:11:42 | INFO     | Locked bookings sync complete. created=0 skipped=26
2025-11-24 16:26:42 | INFO     | Within active window (07:00-23:00). Running sync...
2025-11-24 16:26:42 | INFO     | Orders sync complete. created=0 payments=0 skipped=1
2025-11-24 16:26:42 | INFO     | Locked bookings sync complete. created=0 skipped=26
2025-11-24 16:41:42 | INFO     | Within active window (07:00-23:00). Running sync...
2025-11-24 16:41:42 | INFO     | Orders sync complete. created=0 payments=0 skipped=1
2025-11-24 16:41:42 | INFO     | Locked bookings sync complete. created=0 skipped=26
2025-11-24 16:56:42 | INFO     | Within active window (07:00-23:00). Running sync...
2025-11-24 16:56:42 | INFO     | Orders sync complete. created=0 payments=0 skipped=1
2025-11-24 16:56:42 | INFO     | Locked bookings sync complete. created=0 skipped=26
2025-11-24 17:11:42 | INFO     | Within active window (07:00-23:00). Running sync...
2025-11-24 17:11:42 | INFO     | Orders sync complete. created=0 payments=0 skipped=1
2025-11-24 17:11:42 | INFO     | Locked bookings sync complete. created=0 skipped=26
2025-11-24 17:26:42 | INFO     | Within active window (07:00-23:00). Running sync...
2025-11-24 17:26:42 | INFO     | Orders sync complete. created=0 payments=0 skipped=1
2025-11-24 17:26:42 | INFO     | Locked bookings sync complete. created=0 skipped=26
2025-11-24 17:41:42 | INFO     | Within active window (07:00-23:00). Running sync...
2025-11-24 17:41:42 | INFO     | Orders sync complete. created=0 payments=0 skipped=1
2025-11-24 17:41:42 | INFO     | Locked bookings sync complete. created=0 skipped=26
2025-11-24 17:56:42 | INFO     | Within active window (07:00-23:00). Running sync...
2025-11-24 17:56:42 | INFO     | Orders sync complete. created=0 payments=0 skipped=1
2025-11-24 17:56:43 | INFO     | Locked bookings sync complete. created=0 skipped=26
2025-11-24 18:11:43 | INFO     | Within active window (07:00-23:00). Running sync...
2025-11-24 18:11:43 | INFO     | Orders sync complete. created=0 payments=0 skipped=1
2025-11-24 18:11:43 | INFO     | Locked bookings sync complete. created=0 skipped=26
2025-11-24 18:46:55 | INFO     | Within active window (07:00-23:00). Running sync...
2025-11-24 18:46:55 | INFO     | Orders sync complete. created=0 payments=0 skipped=1
2025-11-24 18:46:55 | INFO     | Locked bookings sync complete. created=0 skipped=26
2025-11-24 19:41:09 | INFO     | Within active window (07:00-23:00). Running sync...
2025-11-24 19:41:09 | INFO     | Orders sync complete. created=0 payments=0 skipped=1
2025-11-24 19:41:09 | INFO     | Locked bookings sync complete. created=0 skipped=26
2025-11-24 19:56:10 | INFO     | Within active window (07:00-23:00). Running sync...
2025-11-24 19:56:10 | INFO     | Orders sync complete. created=0 payments=0 skipped=1
2025-11-24 19:56:10 | INFO     | Locked bookings sync complete. created=0 skipped=26
2025-11-24 20:11:14 | INFO     | Within active window (07:00-23:00). Running sync...
2025-11-24 20:11:14 | INFO     | Orders sync complete. created=0 payments=0 skipped=1
2025-11-24 20:11:14 | INFO     | Locked bookings sync complete. created=0 skipped=26
2025-11-24 20:26:12 | INFO     | Within active window (07:00-23:00). Running sync...
2025-11-24 20:26:12 | INFO     | Orders sync complete. created=0 payments=0 skipped=1
2025-11-24 20:26:12 | INFO     | Locked bookings sync complete. created=0 skipped=26
2025-11-24 20:41:18 | INFO     | Within active window (07:00-23:00). Running sync...
2025-11-24 20:41:18 | INFO     | Orders sync complete. created=0 payments=0 skipped=1
2025-11-24 20:41:18 | INFO     | Locked bookings sync complete. created=0 skipped=26
2025-11-24 20:56:20 | INFO     | Within active window (07:00-23:00). Running sync...
2025-11-24 20:56:20 | INFO     | Orders sync complete. created=0 payments=0 skipped=1
2025-11-24 20:56:20 | INFO     | Locked bookings sync complete. created=0 skipped=26
2025-11-24 21:38:58 | INFO     | Within active window (07:00-23:00). Running sync...
2025-11-24 21:38:58 | INFO     | Orders sync complete. created=0 payments=0 skipped=1
2025-11-24 21:38:58 | INFO     | Locked bookings sync complete. created=0 skipped=26
2025-11-25 09:15:48 | INFO     | Within active window (07:00-23:00). Running sync...
2025-11-25 09:15:48 | INFO     | Orders sync complete. created=0 payments=0 skipped=1
2025-11-25 09:15:48 | INFO     | Locked bookings sync complete. created=0 skipped=27
2025-11-25 09:30:50 | INFO     | Within active window (07:00-23:00). Running sync...
2025-11-25 09:30:50 | INFO     | Orders sync complete. created=0 payments=0 skipped=1
2025-11-25 09:30:50 | INFO     | Locked bookings sync complete. created=0 skipped=27
2025-11-25 09:45:50 | INFO     | Within active window (07:00-23:00). Running sync...
2025-11-25 09:45:50 | INFO     | Orders sync complete. created=0 payments=0 skipped=1
2025-11-25 09:45:51 | INFO     | Locked bookings sync complete. created=0 skipped=27
2025-11-25 10:00:51 | INFO     | Within active window (07:00-23:00). Running sync...
2025-11-25 10:00:51 | INFO     | Orders sync complete. created=0 payments=0 skipped=1
2025-11-25 10:00:51 | INFO     | Locked bookings sync complete. created=0 skipped=27
2025-11-25 10:15:51 | INFO     | Within active window (07:00-23:00). Running sync...
2025-11-25 10:15:51 | INFO     | Orders sync complete. created=0 payments=0 skipped=1
2025-11-25 10:15:51 | INFO     | Locked bookings sync complete. created=0 skipped=27
2025-11-25 10:30:51 | INFO     | Within active window (07:00-23:00). Running sync...
2025-11-25 10:30:51 | INFO     | Orders sync complete. created=0 payments=0 skipped=1
2025-11-25 10:30:51 | INFO     | Locked bookings sync complete. created=0 skipped=27
2025-11-25 10:45:51 | INFO     | Within active window (07:00-23:00). Running sync...
2025-11-25 10:45:51 | INFO     | Orders sync complete. created=0 payments=0 skipped=1
2025-11-25 10:45:51 | INFO     | Locked bookings sync complete. created=0 skipped=27
2025-11-25 11:00:51 | INFO     | Within active window (07:00-23:00). Running sync...
2025-11-25 11:00:51 | INFO     | Orders sync complete. created=0 payments=0 skipped=1
2025-11-25 11:00:51 | INFO     | Locked bookings sync complete. created=0 skipped=27
2025-11-25 11:15:51 | INFO     | Within active window (07:00-23:00). Running sync...
2025-11-25 11:15:51 | INFO     | Orders sync complete. created=0 payments=0 skipped=1
2025-11-25 11:15:51 | INFO     | Locked bookings sync complete. created=0 skipped=27
2025-11-25 11:30:51 | INFO     | Within active window (07:00-23:00). Running sync...
2025-11-25 11:30:51 | INFO     | Orders sync complete. created=0 payments=0 skipped=1
2025-11-25 11:30:51 | INFO     | Locked bookings sync complete. created=0 skipped=27
2025-11-25 13:10:10 | INFO     | Within active window (07:00-23:00). Running sync...
2025-11-25 13:10:10 | INFO     | Orders sync complete. created=0 payments=0 skipped=1
2025-11-25 13:10:10 | INFO     | Locked bookings sync complete. created=0 skipped=27
2025-11-25 13:25:10 | INFO     | Within active window (07:00-23:00). Running sync...
2025-11-25 13:25:10 | INFO     | Orders sync complete. created=0 payments=0 skipped=1
2025-11-25 13:25:10 | INFO     | Locked bookings sync complete. created=0 skipped=27
2025-11-25 13:40:10 | INFO     | Within active window (07:00-23:00). Running sync...
2025-11-25 13:40:10 | INFO     | Orders sync complete. created=0 payments=0 skipped=1
2025-11-25 13:40:10 | INFO     | Locked bookings sync complete. created=0 skipped=27
2025-11-25 13:55:10 | INFO     | Within active window (07:00-23:00). Running sync...
2025-11-25 13:55:10 | INFO     | Orders sync complete. created=0 payments=0 skipped=1
2025-11-25 13:55:10 | INFO     | Locked bookings sync complete. created=0 skipped=27
2025-11-25 14:10:10 | INFO     | Within active window (07:00-23:00). Running sync...
2025-11-25 14:10:10 | INFO     | Orders sync complete. created=0 payments=0 skipped=1
2025-11-25 14:10:10 | INFO     | Locked bookings sync complete. created=0 skipped=27
2025-11-25 14:25:10 | INFO     | Within active window (07:00-23:00). Running sync...
2025-11-25 14:25:10 | INFO     | Orders sync complete. created=0 payments=0 skipped=1
2025-11-25 14:25:10 | INFO     | Locked bookings sync complete. created=0 skipped=27
2025-11-25 14:40:10 | INFO     | Within active window (07:00-23:00). Running sync...
2025-11-25 14:40:10 | INFO     | Orders sync complete. created=0 payments=0 skipped=1
2025-11-25 14:40:10 | INFO     | Locked bookings sync complete. created=0 skipped=27
2025-11-25 14:55:10 | INFO     | Within active window (07:00-23:00). Running sync...
2025-11-25 14:55:10 | INFO     | Orders sync complete. created=0 payments=0 skipped=1
2025-11-25 14:55:10 | INFO     | Locked bookings sync complete. created=0 skipped=27
2025-11-25 15:10:10 | INFO     | Within active window (07:00-23:00). Running sync...
2025-11-25 15:10:10 | INFO     | Orders sync complete. created=0 payments=0 skipped=1
2025-11-25 15:10:10 | INFO     | Locked bookings sync complete. created=0 skipped=27
2025-11-25 15:25:10 | INFO     | Within active window (07:00-23:00). Running sync...
2025-11-25 15:25:10 | INFO     | Orders sync complete. created=0 payments=0 skipped=1
2025-11-25 15:25:10 | INFO     | Locked bookings sync complete. created=0 skipped=27
2025-11-25 15:40:10 | INFO     | Within active window (07:00-23:00). Running sync...
2025-11-25 15:40:10 | INFO     | Orders sync complete. created=0 payments=0 skipped=1
2025-11-25 15:40:10 | INFO     | Locked bookings sync complete. created=0 skipped=27
2025-11-25 15:55:10 | INFO     | Within active window (07:00-23:00). Running sync...
2025-11-25 15:55:10 | INFO     | Orders sync complete. created=0 payments=0 skipped=1
2025-11-25 15:55:10 | INFO     | Locked bookings sync complete. created=0 skipped=27
2025-11-25 16:10:10 | INFO     | Within active window (07:00-23:00). Running sync...
2025-11-25 16:10:10 | INFO     | Orders sync complete. created=0 payments=0 skipped=1
2025-11-25 16:10:10 | INFO     | Locked bookings sync complete. created=0 skipped=27
2025-11-25 16:25:10 | INFO     | Within active window (07:00-23:00). Running sync...
2025-11-25 16:25:10 | INFO     | Orders sync complete. created=0 payments=0 skipped=1
2025-11-25 16:25:10 | INFO     | Locked bookings sync complete. created=0 skipped=27
2025-11-25 16:40:10 | INFO     | Within active window (07:00-23:00). Running sync...
2025-11-25 16:40:11 | INFO     | Orders sync complete. created=0 payments=0 skipped=1
2025-11-25 16:40:11 | INFO     | Locked bookings sync complete. created=0 skipped=27
2025-11-25 16:55:11 | INFO     | Within active window (07:00-23:00). Running sync...
2025-11-25 16:55:11 | INFO     | Orders sync complete. created=0 payments=0 skipped=1
2025-11-25 16:55:11 | INFO     | Locked bookings sync complete. created=0 skipped=27
2025-11-25 17:10:11 | INFO     | Within active window (07:00-23:00). Running sync...
2025-11-25 17:10:11 | INFO     | Orders sync complete. created=0 payments=0 skipped=1
2025-11-25 17:10:11 | INFO     | Locked bookings sync complete. created=0 skipped=27
2025-11-25 17:25:11 | INFO     | Within active window (07:00-23:00). Running sync...
2025-11-25 17:25:11 | INFO     | Orders sync complete. created=0 payments=0 skipped=1
2025-11-25 17:25:11 | INFO     | Locked bookings sync complete. created=0 skipped=27
2025-11-25 17:40:11 | INFO     | Within active window (07:00-23:00). Running sync...
2025-11-25 17:40:11 | INFO     | Orders sync complete. created=0 payments=0 skipped=1
2025-11-25 17:40:11 | INFO     | Locked bookings sync complete. created=0 skipped=27
2025-11-25 17:55:11 | INFO     | Within active window (07:00-23:00). Running sync...
2025-11-25 17:55:11 | INFO     | Orders sync complete. created=0 payments=0 skipped=1
2025-11-25 17:55:11 | INFO     | Locked bookings sync complete. created=0 skipped=27
2025-11-25 18:10:11 | INFO     | Within active window (07:00-23:00). Running sync...
2025-11-25 18:10:11 | INFO     | Orders sync complete. created=0 payments=0 skipped=1
2025-11-25 18:10:11 | INFO     | Locked bookings sync complete. created=0 skipped=27
2025-11-25 18:25:11 | INFO     | Within active window (07:00-23:00). Running sync...
2025-11-25 18:25:11 | INFO     | Orders sync complete. created=0 payments=0 skipped=1
2025-11-25 18:25:11 | INFO     | Locked bookings sync complete. created=0 skipped=27
2025-11-25 18:40:11 | INFO     | Within active window (07:00-23:00). Running sync...
2025-11-25 18:40:11 | INFO     | Orders sync complete. created=0 payments=0 skipped=1
2025-11-25 18:40:11 | INFO     | Locked bookings sync complete. created=0 skipped=27
2025-11-26 01:30:17 | INFO     | Current time 01:30 outside window 07:00-23:00. Sleeping until window opens.
