[2025-11-21 09:05:56] ==========================================
[2025-11-21 09:05:56] 开始执行定时任务
[2025-11-21 09:05:56] ==========================================
[2025-11-21 09:05:56] 使用 Python: /Users/mxchip/Documents/sport8-crawl/venv-311/bin/python3
[2025-11-21 09:05:56] 激活虚拟环境: venv
[2025-11-21 09:05:56] 开始执行数据爬取任务...
[2025-11-21 09:05:56] 使用: auto_crawl_with_ocr.py
Error sending stats to Plausible: error sending request for url (https://plausible.io/api/event)

======================================================================
                    🚀 一键自动爬虫（带验证码识别）                    
======================================================================
功能：
  1. 自动登录（自动识别验证码）✨ 新增
  2. 自动提取 tokens
  3. 自动爬取场地数据
  4. 自动爬取订单数据
  5. 自动保存 CSV
  6. 浏览器保持打开
======================================================================
======================================================================
步骤 1/3：自动登录（带验证码识别）
======================================================================
✓ 已加载 ddddocr 识别引擎

[1/5] 启动浏览器...
[2/5] 访问登录页...
[3/5] 填写登录信息...
  ✓ 已填写用户名: hehh
  ✓ 已填写密码: ********

[4/5] 自动识别验证码并登录...

  尝试 1/5:
    ✓ 识别结果: CNKX
    ✓ 已填写验证码
    ✓ 已点击登录

  ✓✓✓ 登录成功！
  当前页面: https://stadium.sports8.com.cn/StadiumHelper/index/PageIndexServlet?optype=toIndex

[5/5] 提取 tokens...
  ✓ 成功提取 8 个 tokens
  ✓ 已保存到: login_tokens.json

======================================================================
步骤 2/3：爬取场地数据
======================================================================

验证 tokens...
✓ Tokens 有效！

爬取日期范围: 2025-11-21 到 2025-11-27
[1/7] 2025-11-21... ✓ 3 组场地
[2/7] 2025-11-22... ✓ 3 组场地
[3/7] 2025-11-23... ✓ 3 组场地
[4/7] 2025-11-24... ✓ 3 组场地
[5/7] 2025-11-25... ✓ 3 组场地
[6/7] 2025-11-26... ✓ 3 组场地
[7/7] 2025-11-27... ✓ 3 组场地

✓ 共获取 315 条场地时段，已保存到: data/exports/bookings-20251121.csv

======================================================================
步骤 3/3：爬取未来7天的预订记录
======================================================================
[1/7] 2025-11-21... ✓ 0 条订单
[2/7] 2025-11-22... ✓ 0 条订单
[3/7] 2025-11-23... ✓ 0 条订单
[4/7] 2025-11-24... ✓ 0 条订单
[5/7] 2025-11-25... ✓ 0 条订单
[6/7] 2025-11-26... ✓ 0 条订单
[7/7] 2025-11-27... ✓ 0 条订单

❌ 未获取到任何订单数据

⚠️  订单数据爬取失败

======================================================================
✓✓✓ 所有任务完成！
======================================================================

✓ 浏览器保持打开
提示：你可以继续在浏览器中查看数据
[2025-11-21 09:06:33] ✓ 数据爬取成功
[2025-11-21 09:06:33] 开始执行数据同步任务...
[2025-11-21 09:06:33] 使用: integrations/sport8_sync.py (单次执行)
2025-11-21 09:06:34 | INFO     | Starting looped sync every 900 seconds
2025-11-21 09:06:34 | INFO     | Within active window (07:00-23:00). Running sync...
2025-11-21 09:06:34 | INFO     | Orders sync complete. created=0 payments=0 skipped=1
2025-11-21 09:06:34 | INFO     | Logging in as superadmin
2025-11-21 09:06:34 | INFO     | Login successful, token acquired.
2025-11-21 09:06:35 | INFO     | Locked bookings sync complete. created=2 skipped=22
2025-11-21 09:21:35 | INFO     | Within active window (07:00-23:00). Running sync...
2025-11-21 09:21:35 | INFO     | Orders sync complete. created=0 payments=0 skipped=1
2025-11-21 09:21:35 | INFO     | Locked bookings sync complete. created=0 skipped=24
2025-11-21 09:36:35 | INFO     | Within active window (07:00-23:00). Running sync...
2025-11-21 09:36:35 | INFO     | Orders sync complete. created=0 payments=0 skipped=1
2025-11-21 09:36:35 | INFO     | Locked bookings sync complete. created=0 skipped=24
2025-11-21 09:51:35 | INFO     | Within active window (07:00-23:00). Running sync...
2025-11-21 09:51:35 | INFO     | Orders sync complete. created=0 payments=0 skipped=1
2025-11-21 09:51:35 | INFO     | Locked bookings sync complete. created=0 skipped=24
2025-11-21 10:06:35 | INFO     | Within active window (07:00-23:00). Running sync...
2025-11-21 10:06:35 | INFO     | Orders sync complete. created=0 payments=0 skipped=1
2025-11-21 10:06:35 | INFO     | Locked bookings sync complete. created=0 skipped=24
2025-11-21 10:21:35 | INFO     | Within active window (07:00-23:00). Running sync...
2025-11-21 10:21:35 | INFO     | Orders sync complete. created=0 payments=0 skipped=1
2025-11-21 10:21:35 | INFO     | Locked bookings sync complete. created=0 skipped=24
2025-11-21 10:36:35 | INFO     | Within active window (07:00-23:00). Running sync...
2025-11-21 10:36:35 | INFO     | Orders sync complete. created=0 payments=0 skipped=1
2025-11-21 10:36:35 | INFO     | Locked bookings sync complete. created=0 skipped=24
2025-11-21 10:51:35 | INFO     | Within active window (07:00-23:00). Running sync...
2025-11-21 10:51:35 | INFO     | Orders sync complete. created=0 payments=0 skipped=1
2025-11-21 10:51:35 | INFO     | Locked bookings sync complete. created=0 skipped=24
2025-11-21 11:06:35 | INFO     | Within active window (07:00-23:00). Running sync...
2025-11-21 11:06:35 | INFO     | Orders sync complete. created=0 payments=0 skipped=1
2025-11-21 11:06:35 | INFO     | Locked bookings sync complete. created=0 skipped=24
2025-11-21 11:21:35 | INFO     | Within active window (07:00-23:00). Running sync...
2025-11-21 11:21:35 | INFO     | Orders sync complete. created=0 payments=0 skipped=1
2025-11-21 11:21:35 | INFO     | Locked bookings sync complete. created=0 skipped=24
2025-11-21 11:36:35 | INFO     | Within active window (07:00-23:00). Running sync...
2025-11-21 11:36:35 | INFO     | Orders sync complete. created=0 payments=0 skipped=1
2025-11-21 11:36:35 | INFO     | Locked bookings sync complete. created=0 skipped=24
2025-11-21 11:51:35 | INFO     | Within active window (07:00-23:00). Running sync...
2025-11-21 11:51:35 | INFO     | Orders sync complete. created=0 payments=0 skipped=1
2025-11-21 11:51:35 | INFO     | Locked bookings sync complete. created=0 skipped=24
2025-11-21 12:06:35 | INFO     | Within active window (07:00-23:00). Running sync...
2025-11-21 12:06:35 | INFO     | Orders sync complete. created=0 payments=0 skipped=1
2025-11-21 12:06:35 | INFO     | Locked bookings sync complete. created=0 skipped=24
2025-11-21 12:21:35 | INFO     | Within active window (07:00-23:00). Running sync...
2025-11-21 12:21:35 | INFO     | Orders sync complete. created=0 payments=0 skipped=1
2025-11-21 12:21:35 | INFO     | Locked bookings sync complete. created=0 skipped=24
2025-11-21 12:36:35 | INFO     | Within active window (07:00-23:00). Running sync...
2025-11-21 12:36:35 | INFO     | Orders sync complete. created=0 payments=0 skipped=1
2025-11-21 12:36:35 | INFO     | Locked bookings sync complete. created=0 skipped=24
2025-11-21 12:51:35 | INFO     | Within active window (07:00-23:00). Running sync...
2025-11-21 12:51:35 | INFO     | Orders sync complete. created=0 payments=0 skipped=1
2025-11-21 12:51:35 | INFO     | Locked bookings sync complete. created=0 skipped=24
2025-11-21 13:06:35 | INFO     | Within active window (07:00-23:00). Running sync...
2025-11-21 13:06:35 | INFO     | Orders sync complete. created=0 payments=0 skipped=1
2025-11-21 13:06:35 | INFO     | Locked bookings sync complete. created=0 skipped=24
2025-11-21 13:21:35 | INFO     | Within active window (07:00-23:00). Running sync...
2025-11-21 13:21:35 | INFO     | Orders sync complete. created=0 payments=0 skipped=1
2025-11-21 13:21:35 | INFO     | Locked bookings sync complete. created=0 skipped=24
2025-11-21 13:36:35 | INFO     | Within active window (07:00-23:00). Running sync...
2025-11-21 13:36:35 | INFO     | Orders sync complete. created=0 payments=0 skipped=1
2025-11-21 13:36:35 | INFO     | Locked bookings sync complete. created=0 skipped=24
2025-11-21 13:51:35 | INFO     | Within active window (07:00-23:00). Running sync...
2025-11-21 13:51:35 | INFO     | Orders sync complete. created=0 payments=0 skipped=1
2025-11-21 13:51:35 | INFO     | Locked bookings sync complete. created=0 skipped=24
2025-11-21 14:06:35 | INFO     | Within active window (07:00-23:00). Running sync...
2025-11-21 14:06:35 | INFO     | Orders sync complete. created=0 payments=0 skipped=1
2025-11-21 14:06:35 | INFO     | Locked bookings sync complete. created=0 skipped=24
2025-11-21 14:21:35 | INFO     | Within active window (07:00-23:00). Running sync...
2025-11-21 14:21:35 | INFO     | Orders sync complete. created=0 payments=0 skipped=1
2025-11-21 14:21:35 | INFO     | Locked bookings sync complete. created=0 skipped=24
2025-11-21 14:36:35 | INFO     | Within active window (07:00-23:00). Running sync...
2025-11-21 14:36:35 | INFO     | Orders sync complete. created=0 payments=0 skipped=1
2025-11-21 14:36:35 | INFO     | Locked bookings sync complete. created=0 skipped=24
2025-11-21 14:51:35 | INFO     | Within active window (07:00-23:00). Running sync...
2025-11-21 14:51:35 | INFO     | Orders sync complete. created=0 payments=0 skipped=1
2025-11-21 14:51:35 | INFO     | Locked bookings sync complete. created=0 skipped=24
2025-11-21 15:06:36 | INFO     | Within active window (07:00-23:00). Running sync...
2025-11-21 15:06:36 | INFO     | Orders sync complete. created=0 payments=0 skipped=1
2025-11-21 15:06:36 | INFO     | Locked bookings sync complete. created=0 skipped=24
2025-11-21 15:21:36 | INFO     | Within active window (07:00-23:00). Running sync...
2025-11-21 15:21:36 | INFO     | Orders sync complete. created=0 payments=0 skipped=1
2025-11-21 15:21:36 | INFO     | Locked bookings sync complete. created=0 skipped=24
2025-11-21 15:36:36 | INFO     | Within active window (07:00-23:00). Running sync...
2025-11-21 15:36:36 | INFO     | Orders sync complete. created=0 payments=0 skipped=1
2025-11-21 15:36:36 | INFO     | Locked bookings sync complete. created=0 skipped=24
2025-11-21 15:51:36 | INFO     | Within active window (07:00-23:00). Running sync...
2025-11-21 15:51:36 | INFO     | Orders sync complete. created=0 payments=0 skipped=1
2025-11-21 15:51:36 | INFO     | Locked bookings sync complete. created=0 skipped=24
2025-11-21 16:06:36 | INFO     | Within active window (07:00-23:00). Running sync...
2025-11-21 16:06:36 | INFO     | Orders sync complete. created=0 payments=0 skipped=1
2025-11-21 16:06:36 | INFO     | Locked bookings sync complete. created=0 skipped=24
2025-11-21 16:21:36 | INFO     | Within active window (07:00-23:00). Running sync...
2025-11-21 16:21:36 | INFO     | Orders sync complete. created=0 payments=0 skipped=1
2025-11-21 16:21:36 | INFO     | Locked bookings sync complete. created=0 skipped=24
2025-11-21 16:36:36 | INFO     | Within active window (07:00-23:00). Running sync...
2025-11-21 16:36:36 | INFO     | Orders sync complete. created=0 payments=0 skipped=1
2025-11-21 16:36:36 | INFO     | Locked bookings sync complete. created=0 skipped=24
2025-11-21 16:51:36 | INFO     | Within active window (07:00-23:00). Running sync...
2025-11-21 16:51:36 | INFO     | Orders sync complete. created=0 payments=0 skipped=1
2025-11-21 16:51:36 | INFO     | Locked bookings sync complete. created=0 skipped=24
2025-11-21 17:06:36 | INFO     | Within active window (07:00-23:00). Running sync...
2025-11-21 17:06:36 | INFO     | Orders sync complete. created=0 payments=0 skipped=1
2025-11-21 17:06:36 | INFO     | Locked bookings sync complete. created=0 skipped=24
2025-11-21 17:21:36 | INFO     | Within active window (07:00-23:00). Running sync...
2025-11-21 17:21:36 | INFO     | Orders sync complete. created=0 payments=0 skipped=1
2025-11-21 17:21:36 | INFO     | Locked bookings sync complete. created=0 skipped=24
2025-11-21 17:36:36 | INFO     | Within active window (07:00-23:00). Running sync...
2025-11-21 17:36:36 | INFO     | Orders sync complete. created=0 payments=0 skipped=1
2025-11-21 17:36:36 | INFO     | Locked bookings sync complete. created=0 skipped=24
2025-11-21 17:51:36 | INFO     | Within active window (07:00-23:00). Running sync...
2025-11-21 17:51:36 | INFO     | Orders sync complete. created=0 payments=0 skipped=1
2025-11-21 17:51:36 | INFO     | Locked bookings sync complete. created=0 skipped=24
2025-11-21 18:06:36 | INFO     | Within active window (07:00-23:00). Running sync...
2025-11-21 18:06:36 | INFO     | Orders sync complete. created=0 payments=0 skipped=1
2025-11-21 18:06:36 | INFO     | Locked bookings sync complete. created=0 skipped=24
2025-11-21 18:21:36 | INFO     | Within active window (07:00-23:00). Running sync...
2025-11-21 18:21:36 | INFO     | Orders sync complete. created=0 payments=0 skipped=1
2025-11-21 18:21:36 | INFO     | Locked bookings sync complete. created=0 skipped=24
2025-11-21 18:36:36 | INFO     | Within active window (07:00-23:00). Running sync...
2025-11-21 18:36:36 | INFO     | Orders sync complete. created=0 payments=0 skipped=1
2025-11-21 18:36:36 | INFO     | Locked bookings sync complete. created=0 skipped=24
2025-11-22 09:06:42 | INFO     | Within active window (07:00-23:00). Running sync...
2025-11-22 09:06:42 | INFO     | Orders sync complete. created=0 payments=0 skipped=1
2025-11-22 09:06:42 | INFO     | Locked bookings sync complete. created=0 skipped=24
2025-11-22 09:21:43 | INFO     | Within active window (07:00-23:00). Running sync...
2025-11-22 09:21:43 | INFO     | Orders sync complete. created=0 payments=0 skipped=1
2025-11-22 09:21:43 | INFO     | Locked bookings sync complete. created=0 skipped=24
2025-11-22 09:36:44 | INFO     | Within active window (07:00-23:00). Running sync...
2025-11-22 09:36:44 | INFO     | Orders sync complete. created=0 payments=0 skipped=1
2025-11-22 09:36:44 | INFO     | Locked bookings sync complete. created=0 skipped=24
2025-11-22 09:51:44 | INFO     | Within active window (07:00-23:00). Running sync...
2025-11-22 09:51:44 | INFO     | Orders sync complete. created=0 payments=0 skipped=1
2025-11-22 09:51:44 | INFO     | Locked bookings sync complete. created=0 skipped=24
2025-11-22 10:06:44 | INFO     | Within active window (07:00-23:00). Running sync...
2025-11-22 10:06:44 | INFO     | Orders sync complete. created=0 payments=0 skipped=1
2025-11-22 10:06:44 | INFO     | Locked bookings sync complete. created=0 skipped=24
2025-11-22 10:21:44 | INFO     | Within active window (07:00-23:00). Running sync...
2025-11-22 10:21:44 | INFO     | Orders sync complete. created=0 payments=0 skipped=1
2025-11-22 10:21:44 | INFO     | Locked bookings sync complete. created=0 skipped=24
2025-11-22 10:36:44 | INFO     | Within active window (07:00-23:00). Running sync...
2025-11-22 10:36:44 | INFO     | Orders sync complete. created=0 payments=0 skipped=1
2025-11-22 10:36:44 | INFO     | Locked bookings sync complete. created=0 skipped=24
2025-11-22 10:51:44 | INFO     | Within active window (07:00-23:00). Running sync...
2025-11-22 10:51:44 | INFO     | Orders sync complete. created=0 payments=0 skipped=1
2025-11-22 10:51:44 | INFO     | Locked bookings sync complete. created=0 skipped=24
2025-11-22 11:06:44 | INFO     | Within active window (07:00-23:00). Running sync...
2025-11-22 11:06:44 | INFO     | Orders sync complete. created=0 payments=0 skipped=1
2025-11-22 11:06:44 | INFO     | Locked bookings sync complete. created=0 skipped=24
2025-11-22 11:21:44 | INFO     | Within active window (07:00-23:00). Running sync...
2025-11-22 11:21:44 | INFO     | Orders sync complete. created=0 payments=0 skipped=1
2025-11-22 11:21:44 | INFO     | Locked bookings sync complete. created=0 skipped=24
2025-11-22 11:36:44 | INFO     | Within active window (07:00-23:00). Running sync...
2025-11-22 11:36:44 | INFO     | Orders sync complete. created=0 payments=0 skipped=1
2025-11-22 11:36:44 | INFO     | Locked bookings sync complete. created=0 skipped=24
2025-11-22 11:51:44 | INFO     | Within active window (07:00-23:00). Running sync...
2025-11-22 11:51:44 | INFO     | Orders sync complete. created=0 payments=0 skipped=1
2025-11-22 11:51:44 | INFO     | Locked bookings sync complete. created=0 skipped=24
2025-11-22 12:06:45 | INFO     | Within active window (07:00-23:00). Running sync...
2025-11-22 12:06:45 | INFO     | Orders sync complete. created=0 payments=0 skipped=1
2025-11-22 12:06:45 | INFO     | Locked bookings sync complete. created=0 skipped=24
2025-11-22 12:38:45 | INFO     | Within active window (07:00-23:00). Running sync...
2025-11-22 12:38:45 | INFO     | Orders sync complete. created=0 payments=0 skipped=1
2025-11-22 12:38:45 | INFO     | Locked bookings sync complete. created=0 skipped=24
2025-11-22 14:09:55 | INFO     | Within active window (07:00-23:00). Running sync...
2025-11-22 14:09:55 | INFO     | Orders sync complete. created=0 payments=0 skipped=1
2025-11-22 14:09:55 | INFO     | Locked bookings sync complete. created=0 skipped=24
2025-11-22 14:24:55 | INFO     | Within active window (07:00-23:00). Running sync...
2025-11-22 14:24:55 | INFO     | Orders sync complete. created=0 payments=0 skipped=1
2025-11-22 14:24:55 | INFO     | Locked bookings sync complete. created=0 skipped=24
2025-11-22 14:39:55 | INFO     | Within active window (07:00-23:00). Running sync...
2025-11-22 14:39:55 | INFO     | Orders sync complete. created=0 payments=0 skipped=1
2025-11-22 14:39:55 | INFO     | Locked bookings sync complete. created=0 skipped=24
2025-11-22 14:54:55 | INFO     | Within active window (07:00-23:00). Running sync...
2025-11-22 14:54:55 | INFO     | Orders sync complete. created=0 payments=0 skipped=1
2025-11-22 14:54:55 | INFO     | Locked bookings sync complete. created=0 skipped=24
2025-11-22 15:09:55 | INFO     | Within active window (07:00-23:00). Running sync...
2025-11-22 15:09:55 | INFO     | Orders sync complete. created=0 payments=0 skipped=1
2025-11-22 15:09:55 | INFO     | Locked bookings sync complete. created=0 skipped=24
2025-11-22 15:24:55 | INFO     | Within active window (07:00-23:00). Running sync...
2025-11-22 15:24:55 | INFO     | Orders sync complete. created=0 payments=0 skipped=1
2025-11-22 15:24:55 | INFO     | Locked bookings sync complete. created=0 skipped=24
2025-11-22 15:39:56 | INFO     | Within active window (07:00-23:00). Running sync...
2025-11-22 15:39:56 | INFO     | Orders sync complete. created=0 payments=0 skipped=1
2025-11-22 15:39:56 | INFO     | Locked bookings sync complete. created=0 skipped=24
2025-11-22 15:54:56 | INFO     | Within active window (07:00-23:00). Running sync...
2025-11-22 15:54:56 | INFO     | Orders sync complete. created=0 payments=0 skipped=1
2025-11-22 15:54:56 | INFO     | Locked bookings sync complete. created=0 skipped=24
2025-11-22 16:11:14 | INFO     | Within active window (07:00-23:00). Running sync...
2025-11-22 16:11:14 | INFO     | Orders sync complete. created=0 payments=0 skipped=1
2025-11-22 16:11:14 | INFO     | Locked bookings sync complete. created=0 skipped=24
2025-11-22 16:26:14 | INFO     | Within active window (07:00-23:00). Running sync...
2025-11-22 16:26:14 | INFO     | Orders sync complete. created=0 payments=0 skipped=1
2025-11-22 16:26:14 | INFO     | Locked bookings sync complete. created=0 skipped=24
2025-11-22 16:41:14 | INFO     | Within active window (07:00-23:00). Running sync...
2025-11-22 16:41:14 | INFO     | Orders sync complete. created=0 payments=0 skipped=1
2025-11-22 16:41:14 | INFO     | Locked bookings sync complete. created=0 skipped=24
2025-11-22 16:56:14 | INFO     | Within active window (07:00-23:00). Running sync...
2025-11-22 16:56:14 | INFO     | Orders sync complete. created=0 payments=0 skipped=1
2025-11-22 16:56:14 | INFO     | Locked bookings sync complete. created=0 skipped=24
2025-11-22 17:11:16 | INFO     | Within active window (07:00-23:00). Running sync...
2025-11-22 17:11:16 | INFO     | Orders sync complete. created=0 payments=0 skipped=1
2025-11-22 17:11:16 | INFO     | Locked bookings sync complete. created=0 skipped=24
2025-11-22 17:26:16 | INFO     | Within active window (07:00-23:00). Running sync...
2025-11-22 17:26:16 | INFO     | Orders sync complete. created=0 payments=0 skipped=1
2025-11-22 17:26:16 | INFO     | Locked bookings sync complete. created=0 skipped=24
2025-11-23 10:17:57 | INFO     | Within active window (07:00-23:00). Running sync...
2025-11-23 10:17:57 | INFO     | Orders sync complete. created=0 payments=0 skipped=1
2025-11-23 10:17:57 | INFO     | Locked bookings sync complete. created=0 skipped=24
2025-11-23 10:32:57 | INFO     | Within active window (07:00-23:00). Running sync...
2025-11-23 10:32:57 | INFO     | Orders sync complete. created=0 payments=0 skipped=1
2025-11-23 10:32:57 | INFO     | Locked bookings sync complete. created=0 skipped=24
2025-11-23 10:48:14 | INFO     | Within active window (07:00-23:00). Running sync...
2025-11-23 10:48:14 | INFO     | Orders sync complete. created=0 payments=0 skipped=1
2025-11-23 10:48:14 | INFO     | Locked bookings sync complete. created=0 skipped=24
2025-11-23 11:03:15 | INFO     | Within active window (07:00-23:00). Running sync...
2025-11-23 11:03:15 | INFO     | Orders sync complete. created=0 payments=0 skipped=1
2025-11-23 11:03:15 | INFO     | Locked bookings sync complete. created=0 skipped=24
2025-11-23 11:18:15 | INFO     | Within active window (07:00-23:00). Running sync...
2025-11-23 11:18:15 | INFO     | Orders sync complete. created=0 payments=0 skipped=1
2025-11-23 11:18:15 | INFO     | Locked bookings sync complete. created=0 skipped=24
2025-11-23 11:33:15 | INFO     | Within active window (07:00-23:00). Running sync...
2025-11-23 11:33:15 | INFO     | Orders sync complete. created=0 payments=0 skipped=1
2025-11-23 11:33:15 | INFO     | Locked bookings sync complete. created=0 skipped=24
2025-11-23 11:48:15 | INFO     | Within active window (07:00-23:00). Running sync...
2025-11-23 11:48:15 | INFO     | Orders sync complete. created=0 payments=0 skipped=1
2025-11-23 11:48:15 | INFO     | Locked bookings sync complete. created=0 skipped=24
2025-11-23 12:03:15 | INFO     | Within active window (07:00-23:00). Running sync...
2025-11-23 12:03:15 | INFO     | Orders sync complete. created=0 payments=0 skipped=1
2025-11-23 12:03:15 | INFO     | Locked bookings sync complete. created=0 skipped=24
2025-11-23 12:18:15 | INFO     | Within active window (07:00-23:00). Running sync...
2025-11-23 12:18:15 | INFO     | Orders sync complete. created=0 payments=0 skipped=1
2025-11-23 12:18:15 | INFO     | Locked bookings sync complete. created=0 skipped=24
2025-11-23 12:33:15 | INFO     | Within active window (07:00-23:00). Running sync...
2025-11-23 12:33:15 | INFO     | Orders sync complete. created=0 payments=0 skipped=1
2025-11-23 12:33:15 | INFO     | Locked bookings sync complete. created=0 skipped=24
2025-11-23 12:48:15 | INFO     | Within active window (07:00-23:00). Running sync...
2025-11-23 12:48:15 | INFO     | Orders sync complete. created=0 payments=0 skipped=1
2025-11-23 12:48:15 | INFO     | Locked bookings sync complete. created=0 skipped=24
2025-11-23 13:03:15 | INFO     | Within active window (07:00-23:00). Running sync...
2025-11-23 13:03:15 | INFO     | Orders sync complete. created=0 payments=0 skipped=1
2025-11-23 13:03:15 | INFO     | Locked bookings sync complete. created=0 skipped=24
2025-11-23 13:18:15 | INFO     | Within active window (07:00-23:00). Running sync...
2025-11-23 13:18:15 | INFO     | Orders sync complete. created=0 payments=0 skipped=1
2025-11-23 13:18:15 | INFO     | Locked bookings sync complete. created=0 skipped=24
2025-11-23 13:33:15 | INFO     | Within active window (07:00-23:00). Running sync...
2025-11-23 13:33:15 | INFO     | Orders sync complete. created=0 payments=0 skipped=1
2025-11-23 13:33:15 | INFO     | Locked bookings sync complete. created=0 skipped=24
2025-11-23 13:48:15 | INFO     | Within active window (07:00-23:00). Running sync...
2025-11-23 13:48:15 | INFO     | Orders sync complete. created=0 payments=0 skipped=1
2025-11-23 13:48:15 | INFO     | Locked bookings sync complete. created=0 skipped=24
2025-11-23 14:03:15 | INFO     | Within active window (07:00-23:00). Running sync...
2025-11-23 14:03:15 | INFO     | Orders sync complete. created=0 payments=0 skipped=1
2025-11-23 14:03:15 | INFO     | Locked bookings sync complete. created=0 skipped=24
2025-11-23 14:18:15 | INFO     | Within active window (07:00-23:00). Running sync...
2025-11-23 14:18:15 | INFO     | Orders sync complete. created=0 payments=0 skipped=1
2025-11-23 14:18:15 | INFO     | Locked bookings sync complete. created=0 skipped=24
2025-11-23 14:33:15 | INFO     | Within active window (07:00-23:00). Running sync...
2025-11-23 14:33:15 | INFO     | Orders sync complete. created=0 payments=0 skipped=1
2025-11-23 14:33:15 | INFO     | Locked bookings sync complete. created=0 skipped=24
2025-11-23 14:48:15 | INFO     | Within active window (07:00-23:00). Running sync...
2025-11-23 14:48:15 | INFO     | Orders sync complete. created=0 payments=0 skipped=1
2025-11-23 14:48:15 | INFO     | Locked bookings sync complete. created=0 skipped=24
2025-11-23 15:03:15 | INFO     | Within active window (07:00-23:00). Running sync...
2025-11-23 15:03:15 | INFO     | Orders sync complete. created=0 payments=0 skipped=1
2025-11-23 15:03:15 | INFO     | Locked bookings sync complete. created=0 skipped=24
2025-11-23 15:18:15 | INFO     | Within active window (07:00-23:00). Running sync...
2025-11-23 15:18:15 | INFO     | Orders sync complete. created=0 payments=0 skipped=1
2025-11-23 15:18:15 | INFO     | Locked bookings sync complete. created=0 skipped=24
2025-11-23 15:33:15 | INFO     | Within active window (07:00-23:00). Running sync...
2025-11-23 15:33:15 | INFO     | Orders sync complete. created=0 payments=0 skipped=1
2025-11-23 15:33:15 | INFO     | Locked bookings sync complete. created=0 skipped=24
2025-11-23 15:48:15 | INFO     | Within active window (07:00-23:00). Running sync...
2025-11-23 15:48:15 | INFO     | Orders sync complete. created=0 payments=0 skipped=1
2025-11-23 15:48:15 | INFO     | Locked bookings sync complete. created=0 skipped=24
2025-11-23 16:03:15 | INFO     | Within active window (07:00-23:00). Running sync...
2025-11-23 16:03:15 | INFO     | Orders sync complete. created=0 payments=0 skipped=1
2025-11-23 16:03:15 | INFO     | Locked bookings sync complete. created=0 skipped=24
2025-11-23 16:18:15 | INFO     | Within active window (07:00-23:00). Running sync...
2025-11-23 16:18:15 | INFO     | Orders sync complete. created=0 payments=0 skipped=1
2025-11-23 16:18:15 | INFO     | Locked bookings sync complete. created=0 skipped=24
2025-11-23 16:33:15 | INFO     | Within active window (07:00-23:00). Running sync...
2025-11-23 16:33:15 | INFO     | Orders sync complete. created=0 payments=0 skipped=1
2025-11-23 16:33:15 | INFO     | Locked bookings sync complete. created=0 skipped=24
2025-11-23 16:48:15 | INFO     | Within active window (07:00-23:00). Running sync...
2025-11-23 16:48:15 | INFO     | Orders sync complete. created=0 payments=0 skipped=1
2025-11-23 16:48:15 | INFO     | Locked bookings sync complete. created=0 skipped=24
2025-11-23 17:03:16 | INFO     | Within active window (07:00-23:00). Running sync...
2025-11-23 17:03:16 | INFO     | Orders sync complete. created=0 payments=0 skipped=1
2025-11-23 17:03:16 | INFO     | Locked bookings sync complete. created=0 skipped=24
2025-11-23 18:32:51 | INFO     | Within active window (07:00-23:00). Running sync...
2025-11-23 18:32:51 | INFO     | Orders sync complete. created=0 payments=0 skipped=1
2025-11-23 18:32:51 | INFO     | Locked bookings sync complete. created=0 skipped=24
2025-11-23 18:47:51 | INFO     | Within active window (07:00-23:00). Running sync...
2025-11-23 18:47:51 | INFO     | Orders sync complete. created=0 payments=0 skipped=1
2025-11-23 18:47:51 | INFO     | Locked bookings sync complete. created=0 skipped=24
2025-11-23 19:02:51 | INFO     | Within active window (07:00-23:00). Running sync...
2025-11-23 19:02:51 | INFO     | Orders sync complete. created=0 payments=0 skipped=1
2025-11-23 19:02:51 | INFO     | Locked bookings sync complete. created=0 skipped=24
2025-11-23 19:17:51 | INFO     | Within active window (07:00-23:00). Running sync...
2025-11-23 19:17:51 | INFO     | Orders sync complete. created=0 payments=0 skipped=1
2025-11-23 19:17:51 | INFO     | Locked bookings sync complete. created=0 skipped=24
2025-11-23 19:32:51 | INFO     | Within active window (07:00-23:00). Running sync...
2025-11-23 19:32:51 | INFO     | Orders sync complete. created=0 payments=0 skipped=1
2025-11-23 19:32:51 | INFO     | Locked bookings sync complete. created=0 skipped=24
2025-11-23 19:47:51 | INFO     | Within active window (07:00-23:00). Running sync...
2025-11-23 19:47:51 | INFO     | Orders sync complete. created=0 payments=0 skipped=1
2025-11-23 19:47:51 | INFO     | Locked bookings sync complete. created=0 skipped=24
2025-11-23 20:02:51 | INFO     | Within active window (07:00-23:00). Running sync...
2025-11-23 20:02:51 | INFO     | Orders sync complete. created=0 payments=0 skipped=1
2025-11-23 20:02:51 | INFO     | Locked bookings sync complete. created=0 skipped=24
2025-11-23 20:17:51 | INFO     | Within active window (07:00-23:00). Running sync...
2025-11-23 20:17:51 | INFO     | Orders sync complete. created=0 payments=0 skipped=1
2025-11-23 20:17:51 | INFO     | Locked bookings sync complete. created=0 skipped=24
2025-11-23 20:32:51 | INFO     | Within active window (07:00-23:00). Running sync...
2025-11-23 20:32:51 | INFO     | Orders sync complete. created=0 payments=0 skipped=1
2025-11-23 20:32:51 | INFO     | Locked bookings sync complete. created=0 skipped=24
2025-11-23 20:47:51 | INFO     | Within active window (07:00-23:00). Running sync...
2025-11-23 20:47:51 | INFO     | Orders sync complete. created=0 payments=0 skipped=1
2025-11-23 20:47:51 | INFO     | Locked bookings sync complete. created=0 skipped=24
2025-11-23 21:02:52 | INFO     | Within active window (07:00-23:00). Running sync...
2025-11-23 21:02:52 | INFO     | Orders sync complete. created=0 payments=0 skipped=1
2025-11-23 21:02:52 | INFO     | Locked bookings sync complete. created=0 skipped=24
2025-11-23 21:17:52 | INFO     | Within active window (07:00-23:00). Running sync...
2025-11-23 21:17:52 | INFO     | Orders sync complete. created=0 payments=0 skipped=1
2025-11-23 21:17:52 | INFO     | Locked bookings sync complete. created=0 skipped=24
2025-11-23 21:32:52 | INFO     | Within active window (07:00-23:00). Running sync...
2025-11-23 21:32:52 | INFO     | Orders sync complete. created=0 payments=0 skipped=1
2025-11-23 21:32:52 | INFO     | Locked bookings sync complete. created=0 skipped=24
2025-11-23 21:47:52 | INFO     | Within active window (07:00-23:00). Running sync...
2025-11-23 21:47:52 | INFO     | Orders sync complete. created=0 payments=0 skipped=1
2025-11-23 21:47:52 | INFO     | Locked bookings sync complete. created=0 skipped=24
2025-11-23 22:02:52 | INFO     | Within active window (07:00-23:00). Running sync...
2025-11-23 22:02:52 | INFO     | Orders sync complete. created=0 payments=0 skipped=1
2025-11-23 22:02:52 | INFO     | Locked bookings sync complete. created=0 skipped=24
2025-11-23 22:17:52 | INFO     | Within active window (07:00-23:00). Running sync...
2025-11-23 22:17:52 | INFO     | Orders sync complete. created=0 payments=0 skipped=1
2025-11-23 22:17:52 | INFO     | Locked bookings sync complete. created=0 skipped=24
2025-11-23 22:32:52 | INFO     | Within active window (07:00-23:00). Running sync...
2025-11-23 22:32:52 | INFO     | Orders sync complete. created=0 payments=0 skipped=1
2025-11-23 22:32:52 | INFO     | Locked bookings sync complete. created=0 skipped=24
2025-11-23 22:47:52 | INFO     | Within active window (07:00-23:00). Running sync...
2025-11-23 22:47:52 | INFO     | Orders sync complete. created=0 payments=0 skipped=1
2025-11-23 22:47:52 | INFO     | Locked bookings sync complete. created=0 skipped=24
2025-11-23 23:02:52 | INFO     | Current time 23:02 outside window 07:00-23:00. Sleeping until window opens.
2025-11-23 23:17:52 | INFO     | Current time 23:17 outside window 07:00-23:00. Sleeping until window opens.
2025-11-23 23:32:52 | INFO     | Current time 23:32 outside window 07:00-23:00. Sleeping until window opens.
2025-11-23 23:47:52 | INFO     | Current time 23:47 outside window 07:00-23:00. Sleeping until window opens.
2025-11-24 00:02:52 | INFO     | Current time 00:02 outside window 07:00-23:00. Sleeping until window opens.
2025-11-24 06:49:26 | INFO     | Current time 06:49 outside window 07:00-23:00. Sleeping until window opens.
2025-11-24 07:31:16 | INFO     | Within active window (07:00-23:00). Running sync...
2025-11-24 07:31:16 | INFO     | Orders sync complete. created=0 payments=0 skipped=1
2025-11-24 07:31:16 | INFO     | Locked bookings sync complete. created=0 skipped=24
2025-11-24 08:46:51 | INFO     | Within active window (07:00-23:00). Running sync...
2025-11-24 08:46:51 | INFO     | Orders sync complete. created=0 payments=0 skipped=1
2025-11-24 08:46:51 | INFO     | Locked bookings sync complete. created=0 skipped=24
2025-11-24 09:02:33 | INFO     | Within active window (07:00-23:00). Running sync...
2025-11-24 09:02:33 | INFO     | Orders sync complete. created=0 payments=0 skipped=1
2025-11-24 09:02:33 | INFO     | Locked bookings sync complete. created=0 skipped=24
2025-11-24 09:18:00 | INFO     | Within active window (07:00-23:00). Running sync...
2025-11-24 09:18:00 | INFO     | Orders sync complete. created=0 payments=0 skipped=1
2025-11-24 09:18:00 | INFO     | Locked bookings sync complete. created=0 skipped=24
2025-11-24 09:33:00 | INFO     | Within active window (07:00-23:00). Running sync...
2025-11-24 09:33:00 | INFO     | Orders sync complete. created=0 payments=0 skipped=1
2025-11-24 09:33:00 | INFO     | Locked bookings sync complete. created=0 skipped=24
2025-11-24 09:48:01 | INFO     | Within active window (07:00-23:00). Running sync...
2025-11-24 09:48:01 | INFO     | Orders sync complete. created=0 payments=0 skipped=1
2025-11-24 09:48:01 | INFO     | Locked bookings sync complete. created=0 skipped=24
2025-11-24 10:03:01 | INFO     | Within active window (07:00-23:00). Running sync...
2025-11-24 10:03:01 | INFO     | Orders sync complete. created=0 payments=0 skipped=1
2025-11-24 10:03:01 | INFO     | Locked bookings sync complete. created=0 skipped=24
2025-11-24 10:18:01 | INFO     | Within active window (07:00-23:00). Running sync...
2025-11-24 10:18:01 | INFO     | Orders sync complete. created=0 payments=0 skipped=1
2025-11-24 10:18:01 | INFO     | Locked bookings sync complete. created=0 skipped=24
2025-11-24 10:33:01 | INFO     | Within active window (07:00-23:00). Running sync...
2025-11-24 10:33:01 | INFO     | Orders sync complete. created=0 payments=0 skipped=1
2025-11-24 10:33:01 | INFO     | Locked bookings sync complete. created=0 skipped=24
2025-11-24 10:48:01 | INFO     | Within active window (07:00-23:00). Running sync...
2025-11-24 10:48:01 | INFO     | Orders sync complete. created=0 payments=0 skipped=1
2025-11-24 10:48:01 | INFO     | Locked bookings sync complete. created=0 skipped=24
2025-11-24 11:03:01 | INFO     | Within active window (07:00-23:00). Running sync...
2025-11-24 11:03:01 | INFO     | Orders sync complete. created=0 payments=0 skipped=1
2025-11-24 11:03:01 | INFO     | Locked bookings sync complete. created=0 skipped=24
2025-11-24 11:18:01 | INFO     | Within active window (07:00-23:00). Running sync...
2025-11-24 11:18:01 | INFO     | Orders sync complete. created=0 payments=0 skipped=1
2025-11-24 11:18:01 | INFO     | Locked bookings sync complete. created=0 skipped=24
2025-11-24 11:33:01 | INFO     | Within active window (07:00-23:00). Running sync...
2025-11-24 11:33:01 | INFO     | Orders sync complete. created=0 payments=0 skipped=1
2025-11-24 11:33:01 | INFO     | Locked bookings sync complete. created=0 skipped=24
2025-11-24 11:48:01 | INFO     | Within active window (07:00-23:00). Running sync...
2025-11-24 11:48:01 | INFO     | Orders sync complete. created=0 payments=0 skipped=1
2025-11-24 11:48:01 | INFO     | Locked bookings sync complete. created=0 skipped=24
2025-11-24 12:03:01 | INFO     | Within active window (07:00-23:00). Running sync...
2025-11-24 12:03:01 | INFO     | Orders sync complete. created=0 payments=0 skipped=1
2025-11-24 12:03:01 | INFO     | Locked bookings sync complete. created=0 skipped=24
2025-11-24 12:18:01 | INFO     | Within active window (07:00-23:00). Running sync...
2025-11-24 12:18:01 | INFO     | Orders sync complete. created=0 payments=0 skipped=1
2025-11-24 12:18:01 | INFO     | Locked bookings sync complete. created=0 skipped=24
2025-11-24 12:33:01 | INFO     | Within active window (07:00-23:00). Running sync...
2025-11-24 12:33:01 | INFO     | Orders sync complete. created=0 payments=0 skipped=1
2025-11-24 12:33:01 | INFO     | Locked bookings sync complete. created=0 skipped=24
2025-11-24 12:48:01 | INFO     | Within active window (07:00-23:00). Running sync...
2025-11-24 12:48:01 | INFO     | Orders sync complete. created=0 payments=0 skipped=1
2025-11-24 12:48:01 | INFO     | Locked bookings sync complete. created=0 skipped=24
2025-11-24 14:59:47 | INFO     | Within active window (07:00-23:00). Running sync...
2025-11-24 14:59:47 | INFO     | Orders sync complete. created=0 payments=0 skipped=1
2025-11-24 14:59:47 | INFO     | Locked bookings sync complete. created=0 skipped=24
2025-11-24 15:18:33 | INFO     | Within active window (07:00-23:00). Running sync...
2025-11-24 15:18:33 | INFO     | Orders sync complete. created=0 payments=0 skipped=1
2025-11-24 15:18:33 | INFO     | Locked bookings sync complete. created=0 skipped=24
2025-11-24 15:33:33 | INFO     | Within active window (07:00-23:00). Running sync...
2025-11-24 15:33:33 | INFO     | Orders sync complete. created=0 payments=0 skipped=1
2025-11-24 15:33:33 | INFO     | Locked bookings sync complete. created=0 skipped=24
Traceback (most recent call last):
  File "/Users/mxchip/Documents/sport8-crawl/integrations/sport8_sync.py", line 547, in <module>
    main()
  File "/Users/mxchip/Documents/sport8-crawl/integrations/sport8_sync.py", line 542, in main
    time.sleep(args.interval)
KeyboardInterrupt
