[2025-12-05 16:16:41] ==========================================
[2025-12-05 16:16:41] 开始执行定时任务
[2025-12-05 16:16:41] ==========================================
[2025-12-05 16:16:41] 使用 Python: /Users/mxchip/Documents/sport8-crawl/venv-311/bin/python3
[2025-12-05 16:16:41] 激活虚拟环境: venv
[2025-12-05 16:16:41] 开始执行数据爬取任务...
[2025-12-05 16:16:41] 使用: auto_crawl_with_ocr.py

======================================================================
                    🚀 一键自动爬虫（带验证码识别）                    
======================================================================
功能：
  1. 自动登录（自动识别验证码）✨ 新增
  2. 自动提取 tokens
  3. 自动爬取场地数据
  4. 自动爬取订单数据
  5. 自动保存 CSV
  6. 浏览器保持打开
======================================================================
======================================================================
步骤 1/3：自动登录（带验证码识别）
======================================================================
✓ 已加载 ddddocr 识别引擎

[1/5] 启动浏览器...
[2/5] 访问登录页...
[3/5] 填写登录信息...
  ✓ 已填写用户名: hehh
  ✓ 已填写密码: ********

[4/5] 自动识别验证码并登录...

  尝试 1/5:
    ✓ 识别结果: ZUB5
    ✓ 已填写验证码
    ✓ 已点击登录

  ✓✓✓ 登录成功！
  当前页面: https://stadium.sports8.com.cn/StadiumHelper/index/PageIndexServlet?optype=toIndex

[5/5] 提取 tokens...
  ✓ 成功提取 8 个 tokens
  ✓ 已保存到: login_tokens.json

======================================================================
步骤 2/3：爬取场地数据
======================================================================

验证 tokens...
✓ Tokens 有效！

爬取日期范围: 2025-12-05 到 2025-12-11
[1/7] 2025-12-05... ✓ 3 组场地
[2/7] 2025-12-06... ✓ 3 组场地
[3/7] 2025-12-07... ✓ 3 组场地
[4/7] 2025-12-08... ✓ 3 组场地
[5/7] 2025-12-09... ✓ 3 组场地
[6/7] 2025-12-10... ✓ 3 组场地
[7/7] 2025-12-11... ✓ 3 组场地

✓ 共获取 315 条场地时段，已保存到: data/exports/bookings-20251205.csv

======================================================================
步骤 3/3：爬取未来7天的预订记录
======================================================================
[1/7] 2025-12-05... ✓ 1 条订单
[2/7] 2025-12-06... ✓ 0 条订单
[3/7] 2025-12-07... ✓ 0 条订单
[4/7] 2025-12-08... ✓ 0 条订单
[5/7] 2025-12-09... ✓ 0 条订单
[6/7] 2025-12-10... ✓ 0 条订单
[7/7] 2025-12-11... ✓ 0 条订单

✓ 共获取 1 条订单记录，已保存到: data/exports/orders-future-20251205-to-20251211.csv

======================================================================
✓✓✓ 所有任务完成！
======================================================================

✓ 浏览器保持打开
提示：你可以继续在浏览器中查看数据
[2025-12-05 16:17:20] ✓ 数据爬取成功
[2025-12-05 16:17:20] 开始执行数据同步任务...
[2025-12-05 16:17:20] 使用: integrations/sport8_sync.py (单次执行)
2025-12-05 16:17:20 | INFO     | Starting looped sync every 900 seconds
2025-12-05 16:17:20 | INFO     | Within active window (07:00-23:00). Running sync...
2025-12-05 16:17:20 | INFO     | Logging in as superadmin
2025-12-05 16:17:21 | INFO     | Login successful, token acquired.
2025-12-05 16:17:21 | WARNING  | Order T2512051548585828942650 skipped: slot already booked (POST /bookings/with-datetime failed: {'code': 3001, 'message': '该时间段已被预约', 'data': None})
2025-12-05 16:17:21 | INFO     | Orders sync complete. created=0 payments=0 skipped=3
2025-12-05 16:17:22 | WARNING  | Locked slot 2025-12-05::23::19 skipped: already booked (POST /bookings/with-datetime failed: {'code': 3001, 'message': '该时间段已被预约', 'data': None})
2025-12-05 16:17:22 | WARNING  | Locked slot 2025-12-05::23::20 skipped: already booked (POST /bookings/with-datetime failed: {'code': 3001, 'message': '该时间段已被预约', 'data': None})
2025-12-05 16:17:22 | WARNING  | Locked slot 2025-12-06::23::11 skipped: already booked (POST /bookings/with-datetime failed: {'code': 3001, 'message': '该时间段已被预约', 'data': None})
2025-12-05 16:17:22 | INFO     | Locked bookings sync complete. created=5 skipped=39
2025-12-05 16:32:22 | INFO     | Within active window (07:00-23:00). Running sync...
2025-12-05 16:32:22 | INFO     | Orders sync complete. created=0 payments=0 skipped=3
2025-12-05 16:32:22 | INFO     | Locked bookings sync complete. created=0 skipped=44
2025-12-05 16:47:22 | INFO     | Within active window (07:00-23:00). Running sync...
2025-12-05 16:47:22 | INFO     | Orders sync complete. created=0 payments=0 skipped=3
2025-12-05 16:47:22 | INFO     | Locked bookings sync complete. created=0 skipped=44
2025-12-05 17:02:22 | INFO     | Within active window (07:00-23:00). Running sync...
2025-12-05 17:02:22 | INFO     | Orders sync complete. created=0 payments=0 skipped=3
2025-12-05 17:02:22 | INFO     | Locked bookings sync complete. created=0 skipped=44
2025-12-05 17:17:22 | INFO     | Within active window (07:00-23:00). Running sync...
2025-12-05 17:17:22 | INFO     | Orders sync complete. created=0 payments=0 skipped=3
2025-12-05 17:17:22 | INFO     | Locked bookings sync complete. created=0 skipped=44
2025-12-05 17:32:22 | INFO     | Within active window (07:00-23:00). Running sync...
2025-12-05 17:32:22 | INFO     | Orders sync complete. created=0 payments=0 skipped=3
2025-12-05 17:32:22 | INFO     | Locked bookings sync complete. created=0 skipped=44
2025-12-05 17:47:23 | INFO     | Within active window (07:00-23:00). Running sync...
2025-12-05 17:47:23 | INFO     | Orders sync complete. created=0 payments=0 skipped=3
2025-12-05 17:47:23 | INFO     | Locked bookings sync complete. created=0 skipped=44
2025-12-05 18:02:23 | INFO     | Within active window (07:00-23:00). Running sync...
2025-12-05 18:02:23 | INFO     | Orders sync complete. created=0 payments=0 skipped=3
2025-12-05 18:02:23 | INFO     | Locked bookings sync complete. created=0 skipped=44
2025-12-05 18:17:23 | INFO     | Within active window (07:00-23:00). Running sync...
2025-12-05 18:17:23 | INFO     | Orders sync complete. created=0 payments=0 skipped=3
2025-12-05 18:17:23 | INFO     | Locked bookings sync complete. created=0 skipped=44
2025-12-07 03:55:06 | INFO     | Current time 03:55 outside window 07:00-23:00. Sleeping until window opens.
2025-12-07 09:35:18 | INFO     | Within active window (07:00-23:00). Running sync...
2025-12-07 09:35:18 | INFO     | Orders sync complete. created=0 payments=0 skipped=3
2025-12-07 09:35:18 | INFO     | Locked bookings sync complete. created=0 skipped=44
2025-12-07 09:51:05 | INFO     | Within active window (07:00-23:00). Running sync...
2025-12-07 09:51:05 | INFO     | Orders sync complete. created=0 payments=0 skipped=3
2025-12-07 09:51:05 | INFO     | Locked bookings sync complete. created=0 skipped=44
2025-12-07 10:07:05 | INFO     | Within active window (07:00-23:00). Running sync...
2025-12-07 10:07:05 | INFO     | Orders sync complete. created=0 payments=0 skipped=3
2025-12-07 10:07:05 | INFO     | Locked bookings sync complete. created=0 skipped=44
2025-12-08 09:15:31 | INFO     | Within active window (07:00-23:00). Running sync...
2025-12-08 09:15:31 | INFO     | Orders sync complete. created=0 payments=0 skipped=3
2025-12-08 09:15:31 | INFO     | Locked bookings sync complete. created=0 skipped=44
2025-12-08 09:30:31 | INFO     | Within active window (07:00-23:00). Running sync...
2025-12-08 09:30:31 | INFO     | Orders sync complete. created=0 payments=0 skipped=3
2025-12-08 09:30:31 | INFO     | Locked bookings sync complete. created=0 skipped=44
2025-12-08 09:45:31 | INFO     | Within active window (07:00-23:00). Running sync...
2025-12-08 09:45:31 | INFO     | Orders sync complete. created=0 payments=0 skipped=3
2025-12-08 09:45:31 | INFO     | Locked bookings sync complete. created=0 skipped=44
2025-12-08 10:00:31 | INFO     | Within active window (07:00-23:00). Running sync...
2025-12-08 10:00:31 | INFO     | Orders sync complete. created=0 payments=0 skipped=3
2025-12-08 10:00:31 | INFO     | Locked bookings sync complete. created=0 skipped=44
2025-12-08 10:15:31 | INFO     | Within active window (07:00-23:00). Running sync...
2025-12-08 10:15:31 | INFO     | Orders sync complete. created=0 payments=0 skipped=3
2025-12-08 10:15:31 | INFO     | Locked bookings sync complete. created=0 skipped=44
2025-12-08 10:30:31 | INFO     | Within active window (07:00-23:00). Running sync...
2025-12-08 10:30:31 | INFO     | Orders sync complete. created=0 payments=0 skipped=3
2025-12-08 10:30:31 | INFO     | Locked bookings sync complete. created=0 skipped=44
2025-12-08 10:45:35 | INFO     | Within active window (07:00-23:00). Running sync...
2025-12-08 10:45:35 | INFO     | Orders sync complete. created=0 payments=0 skipped=3
2025-12-08 10:45:35 | INFO     | Locked bookings sync complete. created=0 skipped=44
2025-12-08 11:00:35 | INFO     | Within active window (07:00-23:00). Running sync...
2025-12-08 11:00:35 | INFO     | Orders sync complete. created=0 payments=0 skipped=3
2025-12-08 11:00:36 | INFO     | Locked bookings sync complete. created=0 skipped=44
2025-12-08 11:15:36 | INFO     | Within active window (07:00-23:00). Running sync...
2025-12-08 11:15:36 | INFO     | Orders sync complete. created=0 payments=0 skipped=3
2025-12-08 11:15:36 | INFO     | Locked bookings sync complete. created=0 skipped=44
2025-12-08 11:30:36 | INFO     | Within active window (07:00-23:00). Running sync...
2025-12-08 11:30:36 | INFO     | Orders sync complete. created=0 payments=0 skipped=3
2025-12-08 11:30:36 | INFO     | Locked bookings sync complete. created=0 skipped=44
Traceback (most recent call last):
  File "/Users/mxchip/Documents/sport8-crawl/integrations/sport8_sync.py", line 547, in <module>
    main()
  File "/Users/mxchip/Documents/sport8-crawl/integrations/sport8_sync.py", line 542, in main
    time.sleep(args.interval)
KeyboardInterrupt
