[2025-11-30 14:52:25] ==========================================
[2025-11-30 14:52:26] 开始执行定时任务
[2025-11-30 14:52:26] ==========================================
[2025-11-30 14:52:26] 使用 Python: /Users/mxchip/Documents/sport8-crawl/venv-311/bin/python3
[2025-11-30 14:52:26] 激活虚拟环境: venv
[2025-11-30 14:52:26] 开始执行数据爬取任务...
[2025-11-30 14:52:26] 使用: auto_crawl_with_ocr.py
There was an error managing chromedriver (error decoding response body); using driver found in the cache

======================================================================
                    🚀 一键自动爬虫（带验证码识别）                    
======================================================================
功能：
  1. 自动登录（自动识别验证码）✨ 新增
  2. 自动提取 tokens
  3. 自动爬取场地数据
  4. 自动爬取订单数据
  5. 自动保存 CSV
  6. 浏览器保持打开
======================================================================
======================================================================
步骤 1/3：自动登录（带验证码识别）
======================================================================
✓ 已加载 ddddocr 识别引擎

[1/5] 启动浏览器...
[2/5] 访问登录页...
[3/5] 填写登录信息...
❌ 填写登录信息失败: Message: 
Stacktrace:
0   chromedriver                        0x000000010fb66698 chromedriver + 6153880
1   chromedriver                        0x000000010fb5db6a chromedriver + 6118250
2   chromedriver                        0x000000010f5f2a5b chromedriver + 436827
3   chromedriver                        0x000000010f645538 chromedriver + 775480
4   chromedriver                        0x000000010f645791 chromedriver + 776081
5   chromedriver                        0x000000010f696934 chromedriver + 1108276
6   chromedriver                        0x000000010f693c8e chromedriver + 1096846
7   chromedriver                        0x000000010f637b6f chromedriver + 719727
8   chromedriver                        0x000000010f638871 chromedriver + 723057
9   chromedriver                        0x000000010fb23011 chromedriver + 5877777
10  chromedriver                        0x000000010fb274c2 chromedriver + 5895362
11  chromedriver                        0x000000010faff155 chromedriver + 5730645
12  chromedriver                        0x000000010fb27f6f chromedriver + 5898095
13  chromedriver                        0x000000010faeedc4 chromedriver + 5664196
14  chromedriver                        0x000000010fb4ab48 chromedriver + 6040392
15  chromedriver                        0x000000010fb4ad0d chromedriver + 6040845
16  chromedriver                        0x000000010fb5d751 chromedriver + 6117201
17  libsystem_pthread.dylib             0x00007ff80b3fe1d3 _pthread_start + 125
18  libsystem_pthread.dylib             0x00007ff80b3f9bd3 thread_start + 15


❌ 登录失败，无法继续
[2025-11-30 14:55:54] ✓ 数据爬取成功
[2025-11-30 14:55:54] 开始执行数据同步任务...
[2025-11-30 14:55:54] 使用: integrations/sport8_sync.py (单次执行)
2025-11-30 14:55:54 | INFO     | Starting looped sync every 900 seconds
2025-11-30 14:55:54 | INFO     | Within active window (07:00-23:00). Running sync...
2025-11-30 14:55:54 | INFO     | Orders sync complete. created=0 payments=0 skipped=1
2025-11-30 14:55:54 | INFO     | Locked bookings sync complete. created=0 skipped=32
2025-11-30 15:10:54 | INFO     | Within active window (07:00-23:00). Running sync...
2025-11-30 15:10:54 | INFO     | Orders sync complete. created=0 payments=0 skipped=1
2025-11-30 15:10:54 | INFO     | Locked bookings sync complete. created=0 skipped=32
2025-11-30 15:25:55 | INFO     | Within active window (07:00-23:00). Running sync...
2025-11-30 15:25:55 | INFO     | Orders sync complete. created=0 payments=0 skipped=1
2025-11-30 15:25:55 | INFO     | Locked bookings sync complete. created=0 skipped=32
2025-11-30 15:40:55 | INFO     | Within active window (07:00-23:00). Running sync...
2025-11-30 15:40:55 | INFO     | Orders sync complete. created=0 payments=0 skipped=1
2025-11-30 15:40:55 | INFO     | Locked bookings sync complete. created=0 skipped=32
2025-11-30 15:55:55 | INFO     | Within active window (07:00-23:00). Running sync...
2025-11-30 15:55:55 | INFO     | Orders sync complete. created=0 payments=0 skipped=1
2025-11-30 15:55:55 | INFO     | Locked bookings sync complete. created=0 skipped=32
2025-11-30 16:10:55 | INFO     | Within active window (07:00-23:00). Running sync...
2025-11-30 16:10:55 | INFO     | Orders sync complete. created=0 payments=0 skipped=1
2025-11-30 16:10:55 | INFO     | Locked bookings sync complete. created=0 skipped=32
2025-11-30 16:25:55 | INFO     | Within active window (07:00-23:00). Running sync...
2025-11-30 16:25:55 | INFO     | Orders sync complete. created=0 payments=0 skipped=1
2025-11-30 16:25:55 | INFO     | Locked bookings sync complete. created=0 skipped=32
2025-11-30 19:52:56 | INFO     | Within active window (07:00-23:00). Running sync...
2025-11-30 19:52:56 | INFO     | Orders sync complete. created=0 payments=0 skipped=1
2025-11-30 19:52:56 | INFO     | Locked bookings sync complete. created=0 skipped=32
2025-11-30 20:07:56 | INFO     | Within active window (07:00-23:00). Running sync...
2025-11-30 20:07:56 | INFO     | Orders sync complete. created=0 payments=0 skipped=1
2025-11-30 20:07:56 | INFO     | Locked bookings sync complete. created=0 skipped=32
2025-11-30 20:22:56 | INFO     | Within active window (07:00-23:00). Running sync...
2025-11-30 20:22:56 | INFO     | Orders sync complete. created=0 payments=0 skipped=1
2025-11-30 20:22:56 | INFO     | Locked bookings sync complete. created=0 skipped=32
2025-11-30 20:37:56 | INFO     | Within active window (07:00-23:00). Running sync...
2025-11-30 20:37:56 | INFO     | Orders sync complete. created=0 payments=0 skipped=1
2025-11-30 20:37:56 | INFO     | Locked bookings sync complete. created=0 skipped=32
2025-11-30 20:52:56 | INFO     | Within active window (07:00-23:00). Running sync...
2025-11-30 20:52:56 | INFO     | Orders sync complete. created=0 payments=0 skipped=1
2025-11-30 20:52:56 | INFO     | Locked bookings sync complete. created=0 skipped=32
2025-11-30 21:07:56 | INFO     | Within active window (07:00-23:00). Running sync...
2025-11-30 21:07:56 | INFO     | Orders sync complete. created=0 payments=0 skipped=1
2025-11-30 21:07:56 | INFO     | Locked bookings sync complete. created=0 skipped=32
2025-11-30 21:23:00 | INFO     | Within active window (07:00-23:00). Running sync...
2025-11-30 21:23:01 | INFO     | Orders sync complete. created=0 payments=0 skipped=1
2025-11-30 21:23:01 | INFO     | Locked bookings sync complete. created=0 skipped=32
2025-11-30 21:38:01 | INFO     | Within active window (07:00-23:00). Running sync...
2025-11-30 21:38:01 | INFO     | Orders sync complete. created=0 payments=0 skipped=1
2025-11-30 21:38:01 | INFO     | Locked bookings sync complete. created=0 skipped=32
2025-11-30 21:53:01 | INFO     | Within active window (07:00-23:00). Running sync...
2025-11-30 21:53:01 | INFO     | Orders sync complete. created=0 payments=0 skipped=1
2025-11-30 21:53:01 | INFO     | Locked bookings sync complete. created=0 skipped=32
2025-11-30 22:08:01 | INFO     | Within active window (07:00-23:00). Running sync...
2025-11-30 22:08:01 | INFO     | Orders sync complete. created=0 payments=0 skipped=1
2025-11-30 22:08:01 | INFO     | Locked bookings sync complete. created=0 skipped=32
2025-11-30 22:23:01 | INFO     | Within active window (07:00-23:00). Running sync...
2025-11-30 22:23:01 | INFO     | Orders sync complete. created=0 payments=0 skipped=1
2025-11-30 22:23:01 | INFO     | Locked bookings sync complete. created=0 skipped=32
2025-11-30 22:38:01 | INFO     | Within active window (07:00-23:00). Running sync...
2025-11-30 22:38:01 | INFO     | Orders sync complete. created=0 payments=0 skipped=1
2025-11-30 22:38:01 | INFO     | Locked bookings sync complete. created=0 skipped=32
2025-11-30 22:53:01 | INFO     | Within active window (07:00-23:00). Running sync...
2025-11-30 22:53:01 | INFO     | Orders sync complete. created=0 payments=0 skipped=1
2025-11-30 22:53:01 | INFO     | Locked bookings sync complete. created=0 skipped=32
2025-11-30 23:08:01 | INFO     | Current time 23:08 outside window 07:00-23:00. Sleeping until window opens.
2025-11-30 23:23:01 | INFO     | Current time 23:23 outside window 07:00-23:00. Sleeping until window opens.
2025-11-30 23:38:01 | INFO     | Current time 23:38 outside window 07:00-23:00. Sleeping until window opens.
2025-11-30 23:53:01 | INFO     | Current time 23:53 outside window 07:00-23:00. Sleeping until window opens.
2025-12-01 08:09:52 | INFO     | Within active window (07:00-23:00). Running sync...
2025-12-01 08:09:53 | INFO     | Orders sync complete. created=0 payments=0 skipped=1
2025-12-01 08:09:53 | INFO     | Locked bookings sync complete. created=0 skipped=32
2025-12-01 08:49:20 | INFO     | Within active window (07:00-23:00). Running sync...
2025-12-01 08:49:20 | INFO     | Orders sync complete. created=0 payments=0 skipped=1
2025-12-01 08:49:20 | INFO     | Locked bookings sync complete. created=0 skipped=32
2025-12-01 09:04:20 | INFO     | Within active window (07:00-23:00). Running sync...
2025-12-01 09:04:20 | INFO     | Orders sync complete. created=0 payments=0 skipped=1
2025-12-01 09:04:20 | INFO     | Locked bookings sync complete. created=0 skipped=32
2025-12-01 09:19:20 | INFO     | Within active window (07:00-23:00). Running sync...
2025-12-01 09:19:20 | INFO     | Orders sync complete. created=0 payments=0 skipped=1
2025-12-01 09:19:20 | INFO     | Locked bookings sync complete. created=0 skipped=32
2025-12-01 09:34:20 | INFO     | Within active window (07:00-23:00). Running sync...
2025-12-01 09:34:20 | INFO     | Orders sync complete. created=0 payments=0 skipped=1
2025-12-01 09:34:20 | INFO     | Locked bookings sync complete. created=0 skipped=32
2025-12-01 09:49:20 | INFO     | Within active window (07:00-23:00). Running sync...
2025-12-01 09:49:20 | INFO     | Orders sync complete. created=0 payments=0 skipped=1
2025-12-01 09:49:20 | INFO     | Locked bookings sync complete. created=0 skipped=32
2025-12-01 10:04:20 | INFO     | Within active window (07:00-23:00). Running sync...
2025-12-01 10:04:20 | INFO     | Orders sync complete. created=0 payments=0 skipped=1
2025-12-01 10:04:21 | INFO     | Locked bookings sync complete. created=0 skipped=32
2025-12-01 10:19:21 | INFO     | Within active window (07:00-23:00). Running sync...
2025-12-01 10:19:21 | INFO     | Orders sync complete. created=0 payments=0 skipped=1
2025-12-01 10:19:21 | INFO     | Locked bookings sync complete. created=0 skipped=32
2025-12-01 10:34:21 | INFO     | Within active window (07:00-23:00). Running sync...
2025-12-01 10:34:21 | INFO     | Orders sync complete. created=0 payments=0 skipped=1
2025-12-01 10:34:21 | INFO     | Locked bookings sync complete. created=0 skipped=32
2025-12-01 10:49:21 | INFO     | Within active window (07:00-23:00). Running sync...
2025-12-01 10:49:21 | INFO     | Orders sync complete. created=0 payments=0 skipped=1
2025-12-01 10:49:21 | INFO     | Locked bookings sync complete. created=0 skipped=32
2025-12-01 11:04:21 | INFO     | Within active window (07:00-23:00). Running sync...
2025-12-01 11:04:21 | INFO     | Orders sync complete. created=0 payments=0 skipped=1
2025-12-01 11:04:21 | INFO     | Locked bookings sync complete. created=0 skipped=32
2025-12-01 11:19:21 | INFO     | Within active window (07:00-23:00). Running sync...
2025-12-01 11:19:21 | INFO     | Orders sync complete. created=0 payments=0 skipped=1
2025-12-01 11:19:21 | INFO     | Locked bookings sync complete. created=0 skipped=32
2025-12-01 11:34:21 | INFO     | Within active window (07:00-23:00). Running sync...
2025-12-01 11:34:21 | INFO     | Orders sync complete. created=0 payments=0 skipped=1
2025-12-01 11:34:21 | INFO     | Locked bookings sync complete. created=0 skipped=32
2025-12-01 11:49:21 | INFO     | Within active window (07:00-23:00). Running sync...
2025-12-01 11:49:21 | INFO     | Orders sync complete. created=0 payments=0 skipped=1
2025-12-01 11:49:21 | INFO     | Locked bookings sync complete. created=0 skipped=32
2025-12-01 12:04:21 | INFO     | Within active window (07:00-23:00). Running sync...
2025-12-01 12:04:21 | INFO     | Orders sync complete. created=0 payments=0 skipped=1
2025-12-01 12:04:21 | INFO     | Locked bookings sync complete. created=0 skipped=32
2025-12-01 12:19:21 | INFO     | Within active window (07:00-23:00). Running sync...
2025-12-01 12:19:21 | INFO     | Orders sync complete. created=0 payments=0 skipped=1
2025-12-01 12:19:21 | INFO     | Locked bookings sync complete. created=0 skipped=32
2025-12-01 12:34:21 | INFO     | Within active window (07:00-23:00). Running sync...
2025-12-01 12:34:21 | INFO     | Orders sync complete. created=0 payments=0 skipped=1
2025-12-01 12:34:21 | INFO     | Locked bookings sync complete. created=0 skipped=32
2025-12-01 12:49:21 | INFO     | Within active window (07:00-23:00). Running sync...
2025-12-01 12:49:21 | INFO     | Orders sync complete. created=0 payments=0 skipped=1
2025-12-01 12:49:21 | INFO     | Locked bookings sync complete. created=0 skipped=32
2025-12-01 13:04:21 | INFO     | Within active window (07:00-23:00). Running sync...
2025-12-01 13:04:21 | INFO     | Orders sync complete. created=0 payments=0 skipped=1
2025-12-01 13:04:21 | INFO     | Locked bookings sync complete. created=0 skipped=32
2025-12-01 13:19:21 | INFO     | Within active window (07:00-23:00). Running sync...
2025-12-01 13:19:21 | INFO     | Orders sync complete. created=0 payments=0 skipped=1
2025-12-01 13:19:21 | INFO     | Locked bookings sync complete. created=0 skipped=32
2025-12-01 13:34:21 | INFO     | Within active window (07:00-23:00). Running sync...
2025-12-01 13:34:21 | INFO     | Orders sync complete. created=0 payments=0 skipped=1
2025-12-01 13:34:21 | INFO     | Locked bookings sync complete. created=0 skipped=32
2025-12-01 13:49:21 | INFO     | Within active window (07:00-23:00). Running sync...
2025-12-01 13:49:21 | INFO     | Orders sync complete. created=0 payments=0 skipped=1
2025-12-01 13:49:21 | INFO     | Locked bookings sync complete. created=0 skipped=32
2025-12-01 14:04:21 | INFO     | Within active window (07:00-23:00). Running sync...
2025-12-01 14:04:21 | INFO     | Orders sync complete. created=0 payments=0 skipped=1
2025-12-01 14:04:21 | INFO     | Locked bookings sync complete. created=0 skipped=32
2025-12-01 14:19:21 | INFO     | Within active window (07:00-23:00). Running sync...
2025-12-01 14:19:21 | INFO     | Orders sync complete. created=0 payments=0 skipped=1
2025-12-01 14:19:21 | INFO     | Locked bookings sync complete. created=0 skipped=32
2025-12-01 14:34:21 | INFO     | Within active window (07:00-23:00). Running sync...
2025-12-01 14:34:21 | INFO     | Orders sync complete. created=0 payments=0 skipped=1
2025-12-01 14:34:21 | INFO     | Locked bookings sync complete. created=0 skipped=32
2025-12-01 14:49:21 | INFO     | Within active window (07:00-23:00). Running sync...
2025-12-01 14:49:21 | INFO     | Orders sync complete. created=0 payments=0 skipped=1
2025-12-01 14:49:21 | INFO     | Locked bookings sync complete. created=0 skipped=32
2025-12-01 15:04:21 | INFO     | Within active window (07:00-23:00). Running sync...
2025-12-01 15:04:21 | INFO     | Orders sync complete. created=0 payments=0 skipped=1
2025-12-01 15:04:21 | INFO     | Locked bookings sync complete. created=0 skipped=32
2025-12-01 15:19:21 | INFO     | Within active window (07:00-23:00). Running sync...
2025-12-01 15:19:21 | INFO     | Orders sync complete. created=0 payments=0 skipped=1
2025-12-01 15:19:21 | INFO     | Locked bookings sync complete. created=0 skipped=32
2025-12-01 15:34:21 | INFO     | Within active window (07:00-23:00). Running sync...
2025-12-01 15:34:21 | INFO     | Orders sync complete. created=0 payments=0 skipped=1
2025-12-01 15:34:21 | INFO     | Locked bookings sync complete. created=0 skipped=32
2025-12-01 15:49:21 | INFO     | Within active window (07:00-23:00). Running sync...
2025-12-01 15:49:21 | INFO     | Orders sync complete. created=0 payments=0 skipped=1
2025-12-01 15:49:21 | INFO     | Locked bookings sync complete. created=0 skipped=32
2025-12-01 16:04:21 | INFO     | Within active window (07:00-23:00). Running sync...
2025-12-01 16:04:21 | INFO     | Orders sync complete. created=0 payments=0 skipped=1
2025-12-01 16:04:21 | INFO     | Locked bookings sync complete. created=0 skipped=32
2025-12-01 16:19:21 | INFO     | Within active window (07:00-23:00). Running sync...
2025-12-01 16:19:21 | INFO     | Orders sync complete. created=0 payments=0 skipped=1
2025-12-01 16:19:21 | INFO     | Locked bookings sync complete. created=0 skipped=32
2025-12-01 16:34:21 | INFO     | Within active window (07:00-23:00). Running sync...
2025-12-01 16:34:21 | INFO     | Orders sync complete. created=0 payments=0 skipped=1
2025-12-01 16:34:21 | INFO     | Locked bookings sync complete. created=0 skipped=32
2025-12-01 16:49:21 | INFO     | Within active window (07:00-23:00). Running sync...
2025-12-01 16:49:21 | INFO     | Orders sync complete. created=0 payments=0 skipped=1
2025-12-01 16:49:21 | INFO     | Locked bookings sync complete. created=0 skipped=32
2025-12-01 17:04:21 | INFO     | Within active window (07:00-23:00). Running sync...
2025-12-01 17:04:21 | INFO     | Orders sync complete. created=0 payments=0 skipped=1
2025-12-01 17:04:22 | INFO     | Locked bookings sync complete. created=0 skipped=32
2025-12-01 17:19:22 | INFO     | Within active window (07:00-23:00). Running sync...
2025-12-01 17:19:22 | INFO     | Orders sync complete. created=0 payments=0 skipped=1
2025-12-01 17:19:22 | INFO     | Locked bookings sync complete. created=0 skipped=32
2025-12-01 17:34:22 | INFO     | Within active window (07:00-23:00). Running sync...
2025-12-01 17:34:22 | INFO     | Orders sync complete. created=0 payments=0 skipped=1
2025-12-01 17:34:22 | INFO     | Locked bookings sync complete. created=0 skipped=32
2025-12-01 17:49:22 | INFO     | Within active window (07:00-23:00). Running sync...
2025-12-01 17:49:22 | INFO     | Orders sync complete. created=0 payments=0 skipped=1
2025-12-01 17:49:22 | INFO     | Locked bookings sync complete. created=0 skipped=32
2025-12-01 20:06:11 | INFO     | Within active window (07:00-23:00). Running sync...
2025-12-01 20:06:11 | INFO     | Orders sync complete. created=0 payments=0 skipped=1
2025-12-01 20:06:11 | INFO     | Locked bookings sync complete. created=0 skipped=32
2025-12-01 23:16:17 | INFO     | Current time 23:16 outside window 07:00-23:00. Sleeping until window opens.
2025-12-02 04:15:29 | INFO     | Current time 04:15 outside window 07:00-23:00. Sleeping until window opens.
Traceback (most recent call last):
  File "/Users/mxchip/Documents/sport8-crawl/integrations/sport8_sync.py", line 547, in <module>
    main()
  File "/Users/mxchip/Documents/sport8-crawl/integrations/sport8_sync.py", line 542, in main
    time.sleep(args.interval)
KeyboardInterrupt
