[2025-11-25 09:13:15] ==========================================
[2025-11-25 09:13:15] 开始执行定时任务
[2025-11-25 09:13:15] ==========================================
[2025-11-25 09:13:15] 使用 Python: /Users/mxchip/Documents/sport8-crawl/venv-311/bin/python3
[2025-11-25 09:13:15] 激活虚拟环境: venv
[2025-11-25 09:13:15] 开始执行数据爬取任务...
[2025-11-25 09:13:15] 使用: auto_crawl_with_ocr.py

======================================================================
                    🚀 一键自动爬虫（带验证码识别）                    
======================================================================
功能：
  1. 自动登录（自动识别验证码）✨ 新增
  2. 自动提取 tokens
  3. 自动爬取场地数据
  4. 自动爬取订单数据
  5. 自动保存 CSV
  6. 浏览器保持打开
======================================================================
======================================================================
步骤 1/3：自动登录（带验证码识别）
======================================================================
✓ 已加载 ddddocr 识别引擎

[1/5] 启动浏览器...
[2/5] 访问登录页...
[3/5] 填写登录信息...
  ✓ 已填写用户名: hehh
  ✓ 已填写密码: ********

[4/5] 自动识别验证码并登录...

  尝试 1/5:
    ✓ 识别结果: 3523
    ✓ 已填写验证码
    ✓ 已点击登录

  ✓✓✓ 登录成功！
  当前页面: https://stadium.sports8.com.cn/StadiumHelper/index/PageIndexServlet?optype=toIndex

[5/5] 提取 tokens...
  ✓ 成功提取 8 个 tokens
  ✓ 已保存到: login_tokens.json

======================================================================
步骤 2/3：爬取场地数据
======================================================================

验证 tokens...
✓ Tokens 有效！

爬取日期范围: 2025-11-25 到 2025-12-01
[1/7] 2025-11-25... ✓ 3 组场地
[2/7] 2025-11-26... ✓ 3 组场地
[3/7] 2025-11-27... ✓ 3 组场地
[4/7] 2025-11-28... ✓ 3 组场地
[5/7] 2025-11-29... ✓ 3 组场地
[6/7] 2025-11-30... ✓ 3 组场地
[7/7] 2025-12-01... ✓ 3 组场地

✓ 共获取 315 条场地时段，已保存到: data/exports/bookings-20251125.csv

======================================================================
步骤 3/3：爬取未来7天的预订记录
======================================================================
[1/7] 2025-11-25... ✓ 0 条订单
[2/7] 2025-11-26... ✓ 0 条订单
[3/7] 2025-11-27... ✓ 0 条订单
[4/7] 2025-11-28... ✓ 0 条订单
[5/7] 2025-11-29... ✓ 0 条订单
[6/7] 2025-11-30... ✓ 0 条订单
[7/7] 2025-12-01... ✓ 0 条订单

❌ 未获取到任何订单数据

⚠️  订单数据爬取失败

======================================================================
✓✓✓ 所有任务完成！
======================================================================

✓ 浏览器保持打开
提示：你可以继续在浏览器中查看数据
[2025-11-25 09:13:57] ✓ 数据爬取成功
[2025-11-25 09:13:57] 开始执行数据同步任务...
[2025-11-25 09:13:57] 使用: integrations/sport8_sync.py (单次执行)
2025-11-25 09:13:57 | INFO     | Starting looped sync every 900 seconds
2025-11-25 09:13:57 | INFO     | Within active window (07:00-23:00). Running sync...
2025-11-25 09:13:57 | INFO     | Orders sync complete. created=0 payments=0 skipped=1
2025-11-25 09:13:57 | INFO     | Logging in as superadmin
2025-11-25 09:13:57 | INFO     | Login successful, token acquired.
2025-11-25 09:13:58 | INFO     | Locked bookings sync complete. created=1 skipped=26
2025-11-25 09:29:00 | INFO     | Within active window (07:00-23:00). Running sync...
2025-11-25 09:29:00 | INFO     | Orders sync complete. created=0 payments=0 skipped=1
2025-11-25 09:29:00 | INFO     | Locked bookings sync complete. created=0 skipped=27
2025-11-25 09:44:00 | INFO     | Within active window (07:00-23:00). Running sync...
2025-11-25 09:44:00 | INFO     | Orders sync complete. created=0 payments=0 skipped=1
2025-11-25 09:44:00 | INFO     | Locked bookings sync complete. created=0 skipped=27
2025-11-25 09:59:00 | INFO     | Within active window (07:00-23:00). Running sync...
2025-11-25 09:59:00 | INFO     | Orders sync complete. created=0 payments=0 skipped=1
2025-11-25 09:59:00 | INFO     | Locked bookings sync complete. created=0 skipped=27
2025-11-25 10:14:00 | INFO     | Within active window (07:00-23:00). Running sync...
2025-11-25 10:14:00 | INFO     | Orders sync complete. created=0 payments=0 skipped=1
2025-11-25 10:14:00 | INFO     | Locked bookings sync complete. created=0 skipped=27
2025-11-25 10:29:00 | INFO     | Within active window (07:00-23:00). Running sync...
2025-11-25 10:29:00 | INFO     | Orders sync complete. created=0 payments=0 skipped=1
2025-11-25 10:29:00 | INFO     | Locked bookings sync complete. created=0 skipped=27
2025-11-25 10:44:00 | INFO     | Within active window (07:00-23:00). Running sync...
2025-11-25 10:44:00 | INFO     | Orders sync complete. created=0 payments=0 skipped=1
2025-11-25 10:44:00 | INFO     | Locked bookings sync complete. created=0 skipped=27
2025-11-25 10:59:00 | INFO     | Within active window (07:00-23:00). Running sync...
2025-11-25 10:59:00 | INFO     | Orders sync complete. created=0 payments=0 skipped=1
2025-11-25 10:59:00 | INFO     | Locked bookings sync complete. created=0 skipped=27
2025-11-25 11:14:00 | INFO     | Within active window (07:00-23:00). Running sync...
2025-11-25 11:14:00 | INFO     | Orders sync complete. created=0 payments=0 skipped=1
2025-11-25 11:14:00 | INFO     | Locked bookings sync complete. created=0 skipped=27
2025-11-25 11:29:00 | INFO     | Within active window (07:00-23:00). Running sync...
2025-11-25 11:29:01 | INFO     | Orders sync complete. created=0 payments=0 skipped=1
2025-11-25 11:29:01 | INFO     | Locked bookings sync complete. created=0 skipped=27
2025-11-25 13:08:19 | INFO     | Within active window (07:00-23:00). Running sync...
2025-11-25 13:08:19 | INFO     | Orders sync complete. created=0 payments=0 skipped=1
2025-11-25 13:08:19 | INFO     | Locked bookings sync complete. created=0 skipped=27
2025-11-25 13:23:19 | INFO     | Within active window (07:00-23:00). Running sync...
2025-11-25 13:23:19 | INFO     | Orders sync complete. created=0 payments=0 skipped=1
2025-11-25 13:23:19 | INFO     | Locked bookings sync complete. created=0 skipped=27
2025-11-25 13:38:20 | INFO     | Within active window (07:00-23:00). Running sync...
2025-11-25 13:38:20 | INFO     | Orders sync complete. created=0 payments=0 skipped=1
2025-11-25 13:38:20 | INFO     | Locked bookings sync complete. created=0 skipped=27
2025-11-25 13:53:20 | INFO     | Within active window (07:00-23:00). Running sync...
2025-11-25 13:53:20 | INFO     | Orders sync complete. created=0 payments=0 skipped=1
2025-11-25 13:53:20 | INFO     | Locked bookings sync complete. created=0 skipped=27
2025-11-25 14:08:20 | INFO     | Within active window (07:00-23:00). Running sync...
2025-11-25 14:08:20 | INFO     | Orders sync complete. created=0 payments=0 skipped=1
2025-11-25 14:08:20 | INFO     | Locked bookings sync complete. created=0 skipped=27
2025-11-25 14:23:20 | INFO     | Within active window (07:00-23:00). Running sync...
2025-11-25 14:23:20 | INFO     | Orders sync complete. created=0 payments=0 skipped=1
2025-11-25 14:23:20 | INFO     | Locked bookings sync complete. created=0 skipped=27
Traceback (most recent call last):
  File "/Users/mxchip/Documents/sport8-crawl/integrations/sport8_sync.py", line 547, in <module>
    main()
  File "/Users/mxchip/Documents/sport8-crawl/integrations/sport8_sync.py", line 542, in main
    time.sleep(args.interval)
KeyboardInterrupt
[2025-11-25 14:31:13] ==========================================
[2025-11-25 14:31:13] 开始执行定时任务
[2025-11-25 14:31:13] ==========================================
[2025-11-25 14:31:13] 使用 Python: /Users/mxchip/Documents/sport8-crawl/venv-311/bin/python3
[2025-11-25 14:31:13] 激活虚拟环境: venv
[2025-11-25 14:31:13] 开始执行数据爬取任务...
[2025-11-25 14:31:13] 使用: auto_crawl_with_ocr.py
There was an error managing chromedriver (error sending request for url (https://googlechromelabs.github.io/chrome-for-testing/known-good-versions-with-downloads.json)); using driver found in the cache
Error sending stats to Plausible: error sending request for url (https://plausible.io/api/event)
Traceback (most recent call last):
  File "/Users/mxchip/Documents/sport8-crawl/auto_crawl_with_ocr.py", line 61, in auto_login_with_ocr
    driver.get(login_url)
  File "/Users/mxchip/Documents/sport8-crawl/venv-311/lib/python3.11/site-packages/selenium/webdriver/remote/webdriver.py", line 483, in get
    self.execute(Command.GET, {"url": url})
  File "/Users/mxchip/Documents/sport8-crawl/venv-311/lib/python3.11/site-packages/selenium/webdriver/remote/webdriver.py", line 458, in execute
    self.error_handler.check_response(response)
  File "/Users/mxchip/Documents/sport8-crawl/venv-311/lib/python3.11/site-packages/selenium/webdriver/remote/errorhandler.py", line 233, in check_response
    raise exception_class(message, screen, stacktrace)
selenium.common.exceptions.WebDriverException: Message: unknown error: net::ERR_TUNNEL_CONNECTION_FAILED
  (Session info: chrome=142.0.7444.176)
Stacktrace:
0   chromedriver                        0x000000010ac78698 chromedriver + 6153880
1   chromedriver                        0x000000010ac6fb6a chromedriver + 6118250
2   chromedriver                        0x000000010a704a5b chromedriver + 436827
3   chromedriver                        0x000000010a6fb7a6 chromedriver + 399270
4   chromedriver                        0x000000010a6ec8d8 chromedriver + 338136
5   chromedriver                        0x000000010a6ee6fb chromedriver + 345851
6   chromedriver                        0x000000010a6ece13 chromedriver + 339475
7   chromedriver                        0x000000010a6ec669 chromedriver + 337513
8   chromedriver                        0x000000010a6ec369 chromedriver + 336745
9   chromedriver                        0x000000010a6ea1c1 chromedriver + 328129
10  chromedriver                        0x000000010a6ea9aa chromedriver + 330154
11  chromedriver                        0x000000010a708269 chromedriver + 451177
12  chromedriver                        0x000000010a7a6885 chromedriver + 1099909
13  chromedriver                        0x000000010a7a5c8e chromedriver + 1096846
14  chromedriver                        0x000000010a749b6f chromedriver + 719727
15  chromedriver                        0x000000010a74a871 chromedriver + 723057
16  chromedriver                        0x000000010ac35011 chromedriver + 5877777
17  chromedriver                        0x000000010ac394c2 chromedriver + 5895362
18  chromedriver                        0x000000010ac11155 chromedriver + 5730645
19  chromedriver                        0x000000010ac39f6f chromedriver + 5898095
20  chromedriver                        0x000000010ac00dc4 chromedriver + 5664196
21  chromedriver                        0x000000010ac5cb48 chromedriver + 6040392
22  chromedriver                        0x000000010ac5cd0d chromedriver + 6040845
23  chromedriver                        0x000000010ac6f751 chromedriver + 6117201
24  libsystem_pthread.dylib             0x00007ff817b891d3 _pthread_start + 125
25  libsystem_pthread.dylib             0x00007ff817b84bd3 thread_start + 15


======================================================================
                    🚀 一键自动爬虫（带验证码识别）                    
======================================================================
功能：
  1. 自动登录（自动识别验证码）✨ 新增
  2. 自动提取 tokens
  3. 自动爬取场地数据
  4. 自动爬取订单数据
  5. 自动保存 CSV
  6. 浏览器保持打开
======================================================================
======================================================================
步骤 1/3：自动登录（带验证码识别）
======================================================================
✓ 已加载 ddddocr 识别引擎

[1/5] 启动浏览器...
[2/5] 访问登录页...

❌ 错误: Message: unknown error: net::ERR_TUNNEL_CONNECTION_FAILED
  (Session info: chrome=142.0.7444.176)
Stacktrace:
0   chromedriver                        0x000000010ac78698 chromedriver + 6153880
1   chromedriver                        0x000000010ac6fb6a chromedriver + 6118250
2   chromedriver                        0x000000010a704a5b chromedriver + 436827
3   chromedriver                        0x000000010a6fb7a6 chromedriver + 399270
4   chromedriver                        0x000000010a6ec8d8 chromedriver + 338136
5   chromedriver                        0x000000010a6ee6fb chromedriver + 345851
6   chromedriver                        0x000000010a6ece13 chromedriver + 339475
7   chromedriver                        0x000000010a6ec669 chromedriver + 337513
8   chromedriver                        0x000000010a6ec369 chromedriver + 336745
9   chromedriver                        0x000000010a6ea1c1 chromedriver + 328129
10  chromedriver                        0x000000010a6ea9aa chromedriver + 330154
11  chromedriver                        0x000000010a708269 chromedriver + 451177
12  chromedriver                        0x000000010a7a6885 chromedriver + 1099909
13  chromedriver                        0x000000010a7a5c8e chromedriver + 1096846
14  chromedriver                        0x000000010a749b6f chromedriver + 719727
15  chromedriver                        0x000000010a74a871 chromedriver + 723057
16  chromedriver                        0x000000010ac35011 chromedriver + 5877777
17  chromedriver                        0x000000010ac394c2 chromedriver + 5895362
18  chromedriver                        0x000000010ac11155 chromedriver + 5730645
19  chromedriver                        0x000000010ac39f6f chromedriver + 5898095
20  chromedriver                        0x000000010ac00dc4 chromedriver + 5664196
21  chromedriver                        0x000000010ac5cb48 chromedriver + 6040392
22  chromedriver                        0x000000010ac5cd0d chromedriver + 6040845
23  chromedriver                        0x000000010ac6f751 chromedriver + 6117201
24  libsystem_pthread.dylib             0x00007ff817b891d3 _pthread_start + 125
25  libsystem_pthread.dylib             0x00007ff817b84bd3 thread_start + 15


❌ 登录失败，无法继续
[2025-11-25 14:31:28] ✓ 数据爬取成功
[2025-11-25 14:31:28] 开始执行数据同步任务...
[2025-11-25 14:31:28] 使用: integrations/sport8_sync.py (单次执行)
2025-11-25 14:31:28 | INFO     | Starting looped sync every 900 seconds
2025-11-25 14:31:28 | INFO     | Within active window (07:00-23:00). Running sync...
2025-11-25 14:31:28 | INFO     | Orders sync complete. created=0 payments=0 skipped=1
2025-11-25 14:31:28 | INFO     | Locked bookings sync complete. created=0 skipped=27
2025-11-25 14:46:28 | INFO     | Within active window (07:00-23:00). Running sync...
2025-11-25 14:46:28 | INFO     | Orders sync complete. created=0 payments=0 skipped=1
2025-11-25 14:46:28 | INFO     | Locked bookings sync complete. created=0 skipped=27
2025-11-25 15:01:28 | INFO     | Within active window (07:00-23:00). Running sync...
2025-11-25 15:01:28 | INFO     | Orders sync complete. created=0 payments=0 skipped=1
2025-11-25 15:01:28 | INFO     | Locked bookings sync complete. created=0 skipped=27
2025-11-25 15:16:28 | INFO     | Within active window (07:00-23:00). Running sync...
2025-11-25 15:16:28 | INFO     | Orders sync complete. created=0 payments=0 skipped=1
2025-11-25 15:16:28 | INFO     | Locked bookings sync complete. created=0 skipped=27
2025-11-25 15:31:28 | INFO     | Within active window (07:00-23:00). Running sync...
2025-11-25 15:31:28 | INFO     | Orders sync complete. created=0 payments=0 skipped=1
2025-11-25 15:31:28 | INFO     | Locked bookings sync complete. created=0 skipped=27
2025-11-25 15:46:28 | INFO     | Within active window (07:00-23:00). Running sync...
2025-11-25 15:46:28 | INFO     | Orders sync complete. created=0 payments=0 skipped=1
2025-11-25 15:46:28 | INFO     | Locked bookings sync complete. created=0 skipped=27
2025-11-25 16:01:28 | INFO     | Within active window (07:00-23:00). Running sync...
2025-11-25 16:01:28 | INFO     | Orders sync complete. created=0 payments=0 skipped=1
2025-11-25 16:01:28 | INFO     | Locked bookings sync complete. created=0 skipped=27
2025-11-25 16:16:28 | INFO     | Within active window (07:00-23:00). Running sync...
2025-11-25 16:16:28 | INFO     | Orders sync complete. created=0 payments=0 skipped=1
2025-11-25 16:16:28 | INFO     | Locked bookings sync complete. created=0 skipped=27
2025-11-25 16:31:28 | INFO     | Within active window (07:00-23:00). Running sync...
2025-11-25 16:31:28 | INFO     | Orders sync complete. created=0 payments=0 skipped=1
2025-11-25 16:31:28 | INFO     | Locked bookings sync complete. created=0 skipped=27
2025-11-25 16:46:28 | INFO     | Within active window (07:00-23:00). Running sync...
2025-11-25 16:46:28 | INFO     | Orders sync complete. created=0 payments=0 skipped=1
2025-11-25 16:46:28 | INFO     | Locked bookings sync complete. created=0 skipped=27
2025-11-25 17:01:28 | INFO     | Within active window (07:00-23:00). Running sync...
2025-11-25 17:01:28 | INFO     | Orders sync complete. created=0 payments=0 skipped=1
2025-11-25 17:01:29 | INFO     | Locked bookings sync complete. created=0 skipped=27
2025-11-25 17:16:29 | INFO     | Within active window (07:00-23:00). Running sync...
2025-11-25 17:16:29 | INFO     | Orders sync complete. created=0 payments=0 skipped=1
2025-11-25 17:16:29 | INFO     | Locked bookings sync complete. created=0 skipped=27
2025-11-25 17:31:29 | INFO     | Within active window (07:00-23:00). Running sync...
2025-11-25 17:31:29 | INFO     | Orders sync complete. created=0 payments=0 skipped=1
2025-11-25 17:31:29 | INFO     | Locked bookings sync complete. created=0 skipped=27
2025-11-25 17:46:29 | INFO     | Within active window (07:00-23:00). Running sync...
2025-11-25 17:46:29 | INFO     | Orders sync complete. created=0 payments=0 skipped=1
2025-11-25 17:46:29 | INFO     | Locked bookings sync complete. created=0 skipped=27
2025-11-25 18:01:29 | INFO     | Within active window (07:00-23:00). Running sync...
2025-11-25 18:01:29 | INFO     | Orders sync complete. created=0 payments=0 skipped=1
2025-11-25 18:01:29 | INFO     | Locked bookings sync complete. created=0 skipped=27
2025-11-25 18:16:29 | INFO     | Within active window (07:00-23:00). Running sync...
2025-11-25 18:16:29 | INFO     | Orders sync complete. created=0 payments=0 skipped=1
2025-11-25 18:16:29 | INFO     | Locked bookings sync complete. created=0 skipped=27
2025-11-25 18:31:29 | INFO     | Within active window (07:00-23:00). Running sync...
2025-11-25 18:31:29 | INFO     | Orders sync complete. created=0 payments=0 skipped=1
2025-11-25 18:31:29 | INFO     | Locked bookings sync complete. created=0 skipped=27
2025-11-25 18:46:29 | INFO     | Within active window (07:00-23:00). Running sync...
2025-11-25 18:46:30 | INFO     | Orders sync complete. created=0 payments=0 skipped=1
2025-11-25 18:46:30 | INFO     | Locked bookings sync complete. created=0 skipped=27
Traceback (most recent call last):
  File "/Users/mxchip/Documents/sport8-crawl/integrations/sport8_sync.py", line 547, in <module>
    main()
  File "/Users/mxchip/Documents/sport8-crawl/integrations/sport8_sync.py", line 542, in main
    time.sleep(args.interval)
KeyboardInterrupt
