[2025-11-26 08:20:28] ==========================================
[2025-11-26 08:20:28] 开始执行定时任务
[2025-11-26 08:20:28] ==========================================
[2025-11-26 08:20:28] 使用 Python: /Users/mxchip/Documents/sport8-crawl/venv-311/bin/python3
[2025-11-26 08:20:28] 激活虚拟环境: venv
[2025-11-26 08:20:28] 开始执行数据爬取任务...
[2025-11-26 08:20:28] 使用: auto_crawl_with_ocr.py

======================================================================
                    🚀 一键自动爬虫（带验证码识别）                    
======================================================================
功能：
  1. 自动登录（自动识别验证码）✨ 新增
  2. 自动提取 tokens
  3. 自动爬取场地数据
  4. 自动爬取订单数据
  5. 自动保存 CSV
  6. 浏览器保持打开
======================================================================
======================================================================
步骤 1/3：自动登录（带验证码识别）
======================================================================
✓ 已加载 ddddocr 识别引擎

[1/5] 启动浏览器...
[2/5] 访问登录页...
[3/5] 填写登录信息...
  ✓ 已填写用户名: hehh
  ✓ 已填写密码: ********

[4/5] 自动识别验证码并登录...

  尝试 1/5:
    ✓ 识别结果: JPCU
    ✓ 已填写验证码
    ✓ 已点击登录

  ✓✓✓ 登录成功！
  当前页面: https://stadium.sports8.com.cn/StadiumHelper/index/PageIndexServlet?optype=toIndex

[5/5] 提取 tokens...
  ✓ 成功提取 8 个 tokens
  ✓ 已保存到: login_tokens.json

======================================================================
步骤 2/3：爬取场地数据
======================================================================

验证 tokens...
✓ Tokens 有效！

爬取日期范围: 2025-11-26 到 2025-12-02
[1/7] 2025-11-26... ✓ 3 组场地
[2/7] 2025-11-27... ✓ 3 组场地
[3/7] 2025-11-28... ✓ 3 组场地
[4/7] 2025-11-29... ✓ 3 组场地
[5/7] 2025-11-30... ✓ 3 组场地
[6/7] 2025-12-01... ✓ 3 组场地
[7/7] 2025-12-02... ✓ 3 组场地

✓ 共获取 315 条场地时段，已保存到: data/exports/bookings-20251126.csv

======================================================================
步骤 3/3：爬取未来7天的预订记录
======================================================================
[1/7] 2025-11-26... ✓ 0 条订单
[2/7] 2025-11-27... ✓ 0 条订单
[3/7] 2025-11-28... ✓ 0 条订单
[4/7] 2025-11-29... ✓ 0 条订单
[5/7] 2025-11-30... ✓ 0 条订单
[6/7] 2025-12-01... ✓ 0 条订单
[7/7] 2025-12-02... ✓ 0 条订单

❌ 未获取到任何订单数据

⚠️  订单数据爬取失败

======================================================================
✓✓✓ 所有任务完成！
======================================================================

✓ 浏览器保持打开
提示：你可以继续在浏览器中查看数据
[2025-11-26 08:21:04] ✓ 数据爬取成功
[2025-11-26 08:21:04] 开始执行数据同步任务...
[2025-11-26 08:21:04] 使用: integrations/sport8_sync.py (单次执行)
2025-11-26 08:21:05 | INFO     | Starting looped sync every 900 seconds
2025-11-26 08:21:05 | INFO     | Within active window (07:00-23:00). Running sync...
2025-11-26 08:21:05 | INFO     | Orders sync complete. created=0 payments=0 skipped=1
2025-11-26 08:21:05 | INFO     | Logging in as superadmin
2025-11-26 08:21:05 | INFO     | Login successful, token acquired.
2025-11-26 08:21:06 | INFO     | Locked bookings sync complete. created=1 skipped=27
2025-11-26 08:36:08 | INFO     | Within active window (07:00-23:00). Running sync...
2025-11-26 08:36:08 | INFO     | Orders sync complete. created=0 payments=0 skipped=1
2025-11-26 08:36:08 | INFO     | Locked bookings sync complete. created=0 skipped=28
2025-11-26 08:51:08 | INFO     | Within active window (07:00-23:00). Running sync...
2025-11-26 08:51:08 | INFO     | Orders sync complete. created=0 payments=0 skipped=1
2025-11-26 08:51:08 | INFO     | Locked bookings sync complete. created=0 skipped=28
2025-11-26 09:06:08 | INFO     | Within active window (07:00-23:00). Running sync...
2025-11-26 09:06:08 | INFO     | Orders sync complete. created=0 payments=0 skipped=1
2025-11-26 09:06:08 | INFO     | Locked bookings sync complete. created=0 skipped=28
2025-11-26 09:21:09 | INFO     | Within active window (07:00-23:00). Running sync...
2025-11-26 09:21:09 | INFO     | Orders sync complete. created=0 payments=0 skipped=1
2025-11-26 09:21:09 | INFO     | Locked bookings sync complete. created=0 skipped=28
2025-11-26 09:36:09 | INFO     | Within active window (07:00-23:00). Running sync...
2025-11-26 09:36:09 | INFO     | Orders sync complete. created=0 payments=0 skipped=1
2025-11-26 09:36:09 | INFO     | Locked bookings sync complete. created=0 skipped=28
2025-11-26 09:51:09 | INFO     | Within active window (07:00-23:00). Running sync...
2025-11-26 09:51:09 | INFO     | Orders sync complete. created=0 payments=0 skipped=1
2025-11-26 09:51:09 | INFO     | Locked bookings sync complete. created=0 skipped=28
2025-11-26 10:06:09 | INFO     | Within active window (07:00-23:00). Running sync...
2025-11-26 10:06:09 | INFO     | Orders sync complete. created=0 payments=0 skipped=1
2025-11-26 10:06:09 | INFO     | Locked bookings sync complete. created=0 skipped=28
2025-11-26 10:21:09 | INFO     | Within active window (07:00-23:00). Running sync...
2025-11-26 10:21:09 | INFO     | Orders sync complete. created=0 payments=0 skipped=1
2025-11-26 10:21:09 | INFO     | Locked bookings sync complete. created=0 skipped=28
2025-11-26 10:36:09 | INFO     | Within active window (07:00-23:00). Running sync...
2025-11-26 10:36:09 | INFO     | Orders sync complete. created=0 payments=0 skipped=1
2025-11-26 10:36:09 | INFO     | Locked bookings sync complete. created=0 skipped=28
2025-11-26 10:51:09 | INFO     | Within active window (07:00-23:00). Running sync...
2025-11-26 10:51:09 | INFO     | Orders sync complete. created=0 payments=0 skipped=1
2025-11-26 10:51:09 | INFO     | Locked bookings sync complete. created=0 skipped=28
2025-11-26 11:06:09 | INFO     | Within active window (07:00-23:00). Running sync...
2025-11-26 11:06:09 | INFO     | Orders sync complete. created=0 payments=0 skipped=1
2025-11-26 11:06:09 | INFO     | Locked bookings sync complete. created=0 skipped=28
2025-11-26 11:21:09 | INFO     | Within active window (07:00-23:00). Running sync...
2025-11-26 11:21:09 | INFO     | Orders sync complete. created=0 payments=0 skipped=1
2025-11-26 11:21:09 | INFO     | Locked bookings sync complete. created=0 skipped=28
2025-11-26 11:36:09 | INFO     | Within active window (07:00-23:00). Running sync...
2025-11-26 11:36:09 | INFO     | Orders sync complete. created=0 payments=0 skipped=1
2025-11-26 11:36:09 | INFO     | Locked bookings sync complete. created=0 skipped=28
2025-11-26 11:51:09 | INFO     | Within active window (07:00-23:00). Running sync...
2025-11-26 11:51:09 | INFO     | Orders sync complete. created=0 payments=0 skipped=1
2025-11-26 11:51:09 | INFO     | Locked bookings sync complete. created=0 skipped=28
2025-11-26 12:06:09 | INFO     | Within active window (07:00-23:00). Running sync...
2025-11-26 12:06:09 | INFO     | Orders sync complete. created=0 payments=0 skipped=1
2025-11-26 12:06:09 | INFO     | Locked bookings sync complete. created=0 skipped=28
2025-11-26 12:21:09 | INFO     | Within active window (07:00-23:00). Running sync...
2025-11-26 12:21:09 | INFO     | Orders sync complete. created=0 payments=0 skipped=1
2025-11-26 12:21:09 | INFO     | Locked bookings sync complete. created=0 skipped=28
2025-11-26 12:36:09 | INFO     | Within active window (07:00-23:00). Running sync...
2025-11-26 12:36:09 | INFO     | Orders sync complete. created=0 payments=0 skipped=1
2025-11-26 12:36:09 | INFO     | Locked bookings sync complete. created=0 skipped=28
2025-11-26 12:51:09 | INFO     | Within active window (07:00-23:00). Running sync...
2025-11-26 12:51:09 | INFO     | Orders sync complete. created=0 payments=0 skipped=1
2025-11-26 12:51:09 | INFO     | Locked bookings sync complete. created=0 skipped=28
2025-11-26 13:06:09 | INFO     | Within active window (07:00-23:00). Running sync...
2025-11-26 13:06:09 | INFO     | Orders sync complete. created=0 payments=0 skipped=1
2025-11-26 13:06:09 | INFO     | Locked bookings sync complete. created=0 skipped=28
2025-11-26 13:21:09 | INFO     | Within active window (07:00-23:00). Running sync...
2025-11-26 13:21:09 | INFO     | Orders sync complete. created=0 payments=0 skipped=1
2025-11-26 13:21:09 | INFO     | Locked bookings sync complete. created=0 skipped=28
2025-11-26 13:36:09 | INFO     | Within active window (07:00-23:00). Running sync...
2025-11-26 13:36:09 | INFO     | Orders sync complete. created=0 payments=0 skipped=1
2025-11-26 13:36:09 | INFO     | Locked bookings sync complete. created=0 skipped=28
2025-11-26 13:51:09 | INFO     | Within active window (07:00-23:00). Running sync...
2025-11-26 13:51:09 | INFO     | Orders sync complete. created=0 payments=0 skipped=1
2025-11-26 13:51:09 | INFO     | Locked bookings sync complete. created=0 skipped=28
2025-11-26 14:06:09 | INFO     | Within active window (07:00-23:00). Running sync...
2025-11-26 14:06:09 | INFO     | Orders sync complete. created=0 payments=0 skipped=1
2025-11-26 14:06:09 | INFO     | Locked bookings sync complete. created=0 skipped=28
2025-11-26 14:21:09 | INFO     | Within active window (07:00-23:00). Running sync...
2025-11-26 14:21:10 | INFO     | Orders sync complete. created=0 payments=0 skipped=1
2025-11-26 14:21:10 | INFO     | Locked bookings sync complete. created=0 skipped=28
2025-11-26 14:36:10 | INFO     | Within active window (07:00-23:00). Running sync...
2025-11-26 14:36:10 | INFO     | Orders sync complete. created=0 payments=0 skipped=1
2025-11-26 14:36:10 | INFO     | Locked bookings sync complete. created=0 skipped=28
2025-11-26 14:51:10 | INFO     | Within active window (07:00-23:00). Running sync...
2025-11-26 14:51:10 | INFO     | Orders sync complete. created=0 payments=0 skipped=1
2025-11-26 14:51:10 | INFO     | Locked bookings sync complete. created=0 skipped=28
2025-11-26 15:06:10 | INFO     | Within active window (07:00-23:00). Running sync...
2025-11-26 15:06:10 | INFO     | Orders sync complete. created=0 payments=0 skipped=1
2025-11-26 15:06:10 | INFO     | Locked bookings sync complete. created=0 skipped=28
2025-11-26 15:21:10 | INFO     | Within active window (07:00-23:00). Running sync...
2025-11-26 15:21:10 | INFO     | Orders sync complete. created=0 payments=0 skipped=1
2025-11-26 15:21:10 | INFO     | Locked bookings sync complete. created=0 skipped=28
2025-11-26 15:36:10 | INFO     | Within active window (07:00-23:00). Running sync...
2025-11-26 15:36:10 | INFO     | Orders sync complete. created=0 payments=0 skipped=1
2025-11-26 15:36:10 | INFO     | Locked bookings sync complete. created=0 skipped=28
2025-11-26 15:51:10 | INFO     | Within active window (07:00-23:00). Running sync...
2025-11-26 15:51:10 | INFO     | Orders sync complete. created=0 payments=0 skipped=1
2025-11-26 15:51:10 | INFO     | Locked bookings sync complete. created=0 skipped=28
2025-11-26 16:06:10 | INFO     | Within active window (07:00-23:00). Running sync...
2025-11-26 16:06:10 | INFO     | Orders sync complete. created=0 payments=0 skipped=1
2025-11-26 16:06:10 | INFO     | Locked bookings sync complete. created=0 skipped=28
2025-11-26 16:21:10 | INFO     | Within active window (07:00-23:00). Running sync...
2025-11-26 16:21:10 | INFO     | Orders sync complete. created=0 payments=0 skipped=1
2025-11-26 16:21:10 | INFO     | Locked bookings sync complete. created=0 skipped=28
2025-11-26 16:36:10 | INFO     | Within active window (07:00-23:00). Running sync...
2025-11-26 16:36:10 | INFO     | Orders sync complete. created=0 payments=0 skipped=1
2025-11-26 16:36:10 | INFO     | Locked bookings sync complete. created=0 skipped=28
2025-11-26 16:51:10 | INFO     | Within active window (07:00-23:00). Running sync...
2025-11-26 16:51:10 | INFO     | Orders sync complete. created=0 payments=0 skipped=1
2025-11-26 16:51:10 | INFO     | Locked bookings sync complete. created=0 skipped=28
2025-11-26 17:06:10 | INFO     | Within active window (07:00-23:00). Running sync...
2025-11-26 17:06:10 | INFO     | Orders sync complete. created=0 payments=0 skipped=1
2025-11-26 17:06:10 | INFO     | Locked bookings sync complete. created=0 skipped=28
2025-11-26 17:21:10 | INFO     | Within active window (07:00-23:00). Running sync...
2025-11-26 17:21:10 | INFO     | Orders sync complete. created=0 payments=0 skipped=1
2025-11-26 17:21:10 | INFO     | Locked bookings sync complete. created=0 skipped=28
2025-11-26 17:36:10 | INFO     | Within active window (07:00-23:00). Running sync...
2025-11-26 17:36:10 | INFO     | Orders sync complete. created=0 payments=0 skipped=1
2025-11-26 17:36:10 | INFO     | Locked bookings sync complete. created=0 skipped=28
2025-11-26 17:51:10 | INFO     | Within active window (07:00-23:00). Running sync...
2025-11-26 17:51:10 | INFO     | Orders sync complete. created=0 payments=0 skipped=1
2025-11-26 17:51:10 | INFO     | Locked bookings sync complete. created=0 skipped=28
2025-11-26 18:06:10 | INFO     | Within active window (07:00-23:00). Running sync...
2025-11-26 18:06:10 | INFO     | Orders sync complete. created=0 payments=0 skipped=1
2025-11-26 18:06:10 | INFO     | Locked bookings sync complete. created=0 skipped=28
2025-11-26 18:21:10 | INFO     | Within active window (07:00-23:00). Running sync...
2025-11-26 18:21:10 | INFO     | Orders sync complete. created=0 payments=0 skipped=1
2025-11-26 18:21:10 | INFO     | Locked bookings sync complete. created=0 skipped=28
2025-11-27 08:45:26 | INFO     | Within active window (07:00-23:00). Running sync...
2025-11-27 08:45:26 | INFO     | Orders sync complete. created=0 payments=0 skipped=1
2025-11-27 08:45:26 | INFO     | Locked bookings sync complete. created=0 skipped=28
