[2025-12-14 15:45:52] ==========================================
[2025-12-14 15:45:52] 开始执行定时任务
[2025-12-14 15:45:52] ==========================================
[2025-12-14 15:45:52] 使用 Python: /Users/mxchip/Documents/sport8-crawl/venv-311/bin/python3
[2025-12-14 15:45:52] 激活虚拟环境: venv
[2025-12-14 15:45:52] 开始执行数据爬取任务...
[2025-12-14 15:45:52] 使用: auto_crawl_with_ocr.py

======================================================================
                    🚀 一键自动爬虫（带验证码识别）                    
======================================================================
功能：
  1. 自动登录（自动识别验证码）✨ 新增
  2. 自动提取 tokens
  3. 自动爬取场地数据
  4. 自动爬取订单数据
  5. 自动保存 CSV
  6. 浏览器保持打开
======================================================================
======================================================================
步骤 1/3：自动登录（带验证码识别）
======================================================================
✓ 已加载 ddddocr 识别引擎

[1/5] 启动浏览器...
[2/5] 访问登录页...
[3/5] 填写登录信息...
  ✓ 已填写用户名: hehh
  ✓ 已填写密码: ********

[4/5] 自动识别验证码并登录...

  尝试 1/5:
    ✓ 识别结果: 9PMH
    ✓ 已填写验证码
    ✓ 已点击登录

  ✓✓✓ 登录成功！
  当前页面: https://stadium.sports8.com.cn/StadiumHelper/index/PageIndexServlet?optype=toIndex

[5/5] 提取 tokens...
  ✓ 成功提取 8 个 tokens
  ✓ 已保存到: login_tokens.json

======================================================================
步骤 2/3：爬取场地数据
======================================================================

验证 tokens...
✓ Tokens 有效！

爬取日期范围: 2025-12-14 到 2025-12-20
[1/7] 2025-12-14... ✓ 3 组场地
[2/7] 2025-12-15... ✓ 3 组场地
[3/7] 2025-12-16... ✓ 3 组场地
[4/7] 2025-12-17... ✓ 3 组场地
[5/7] 2025-12-18... ✓ 3 组场地
[6/7] 2025-12-19... ✓ 3 组场地
[7/7] 2025-12-20... ✓ 3 组场地

✓ 共获取 315 条场地时段，已保存到: data/exports/bookings-20251214.csv

======================================================================
步骤 3/3：爬取未来7天的预订记录
======================================================================
[1/7] 2025-12-14... ✓ 0 条订单
[2/7] 2025-12-15... ✓ 0 条订单
[3/7] 2025-12-16... ✓ 0 条订单
[4/7] 2025-12-17... ✓ 0 条订单
[5/7] 2025-12-18... ✓ 0 条订单
[6/7] 2025-12-19... ✓ 0 条订单
[7/7] 2025-12-20... ✓ 0 条订单

❌ 未获取到任何订单数据

⚠️  订单数据爬取失败

======================================================================
✓✓✓ 所有任务完成！
======================================================================

✓ 浏览器保持打开
提示：你可以继续在浏览器中查看数据
[2025-12-14 15:46:56] ✓ 数据爬取成功
[2025-12-14 15:46:56] 开始执行数据同步任务...
[2025-12-14 15:46:56] 使用: integrations/sport8_sync.py (单次执行)
2025-12-14 15:46:56 | INFO     | Starting looped sync every 900 seconds
2025-12-14 15:46:56 | INFO     | Within active window (07:00-23:00). Running sync...
2025-12-14 15:46:56 | INFO     | Orders sync complete. created=0 payments=0 skipped=3
2025-12-14 15:46:56 | INFO     | Logging in as superadmin
2025-12-14 15:46:57 | INFO     | Login successful, token acquired.
2025-12-14 15:46:57 | WARNING  | Locked slot 2025-12-14::21::16 skipped: already booked (POST /bookings/with-datetime failed: {'code': 3001, 'message': '该时间段已被预约', 'data': None})
2025-12-14 15:46:58 | WARNING  | Locked slot 2025-12-14::23::13 skipped: already booked (POST /bookings/with-datetime failed: {'code': 3001, 'message': '该时间段已被预约', 'data': None})
2025-12-14 15:46:58 | INFO     | Locked bookings sync complete. created=5 skipped=50
2025-12-14 16:01:58 | INFO     | Within active window (07:00-23:00). Running sync...
2025-12-14 16:01:58 | INFO     | Orders sync complete. created=0 payments=0 skipped=3
2025-12-14 16:01:58 | INFO     | Locked bookings sync complete. created=0 skipped=55
2025-12-14 16:16:58 | INFO     | Within active window (07:00-23:00). Running sync...
2025-12-14 16:16:58 | INFO     | Orders sync complete. created=0 payments=0 skipped=3
2025-12-14 16:16:58 | INFO     | Locked bookings sync complete. created=0 skipped=55
2025-12-14 16:31:58 | INFO     | Within active window (07:00-23:00). Running sync...
2025-12-14 16:31:58 | INFO     | Orders sync complete. created=0 payments=0 skipped=3
2025-12-14 16:31:58 | INFO     | Locked bookings sync complete. created=0 skipped=55
2025-12-14 16:46:58 | INFO     | Within active window (07:00-23:00). Running sync...
2025-12-14 16:46:58 | INFO     | Orders sync complete. created=0 payments=0 skipped=3
2025-12-14 16:46:58 | INFO     | Locked bookings sync complete. created=0 skipped=55
2025-12-14 17:01:58 | INFO     | Within active window (07:00-23:00). Running sync...
2025-12-14 17:01:58 | INFO     | Orders sync complete. created=0 payments=0 skipped=3
2025-12-14 17:01:58 | INFO     | Locked bookings sync complete. created=0 skipped=55
2025-12-14 17:16:58 | INFO     | Within active window (07:00-23:00). Running sync...
2025-12-14 17:16:58 | INFO     | Orders sync complete. created=0 payments=0 skipped=3
2025-12-14 17:16:58 | INFO     | Locked bookings sync complete. created=0 skipped=55
2025-12-14 17:31:59 | INFO     | Within active window (07:00-23:00). Running sync...
2025-12-14 17:31:59 | INFO     | Orders sync complete. created=0 payments=0 skipped=3
2025-12-14 17:31:59 | INFO     | Locked bookings sync complete. created=0 skipped=55
2025-12-14 17:46:59 | INFO     | Within active window (07:00-23:00). Running sync...
2025-12-14 17:46:59 | INFO     | Orders sync complete. created=0 payments=0 skipped=3
2025-12-14 17:46:59 | INFO     | Locked bookings sync complete. created=0 skipped=55
2025-12-14 18:02:00 | INFO     | Within active window (07:00-23:00). Running sync...
2025-12-14 18:02:00 | INFO     | Orders sync complete. created=0 payments=0 skipped=3
2025-12-14 18:02:00 | INFO     | Locked bookings sync complete. created=0 skipped=55
2025-12-14 18:17:00 | INFO     | Within active window (07:00-23:00). Running sync...
2025-12-14 18:17:00 | INFO     | Orders sync complete. created=0 payments=0 skipped=3
2025-12-14 18:17:00 | INFO     | Locked bookings sync complete. created=0 skipped=55
2025-12-14 18:32:00 | INFO     | Within active window (07:00-23:00). Running sync...
2025-12-14 18:32:00 | INFO     | Orders sync complete. created=0 payments=0 skipped=3
2025-12-14 18:32:00 | INFO     | Locked bookings sync complete. created=0 skipped=55
2025-12-14 18:47:00 | INFO     | Within active window (07:00-23:00). Running sync...
2025-12-14 18:47:00 | INFO     | Orders sync complete. created=0 payments=0 skipped=3
2025-12-14 18:47:00 | INFO     | Locked bookings sync complete. created=0 skipped=55
2025-12-14 19:02:00 | INFO     | Within active window (07:00-23:00). Running sync...
2025-12-14 19:02:00 | INFO     | Orders sync complete. created=0 payments=0 skipped=3
2025-12-14 19:02:00 | INFO     | Locked bookings sync complete. created=0 skipped=55
2025-12-14 19:17:01 | INFO     | Within active window (07:00-23:00). Running sync...
2025-12-14 19:17:01 | INFO     | Orders sync complete. created=0 payments=0 skipped=3
2025-12-14 19:17:01 | INFO     | Locked bookings sync complete. created=0 skipped=55
2025-12-14 19:32:01 | INFO     | Within active window (07:00-23:00). Running sync...
2025-12-14 19:32:01 | INFO     | Orders sync complete. created=0 payments=0 skipped=3
2025-12-14 19:32:01 | INFO     | Locked bookings sync complete. created=0 skipped=55
2025-12-14 19:47:01 | INFO     | Within active window (07:00-23:00). Running sync...
2025-12-14 19:47:01 | INFO     | Orders sync complete. created=0 payments=0 skipped=3
2025-12-14 19:47:01 | INFO     | Locked bookings sync complete. created=0 skipped=55
2025-12-14 20:02:01 | INFO     | Within active window (07:00-23:00). Running sync...
2025-12-14 20:02:01 | INFO     | Orders sync complete. created=0 payments=0 skipped=3
2025-12-14 20:02:01 | INFO     | Locked bookings sync complete. created=0 skipped=55
2025-12-14 20:17:01 | INFO     | Within active window (07:00-23:00). Running sync...
2025-12-14 20:17:01 | INFO     | Orders sync complete. created=0 payments=0 skipped=3
2025-12-14 20:17:01 | INFO     | Locked bookings sync complete. created=0 skipped=55
2025-12-14 20:32:01 | INFO     | Within active window (07:00-23:00). Running sync...
2025-12-14 20:32:01 | INFO     | Orders sync complete. created=0 payments=0 skipped=3
2025-12-14 20:32:01 | INFO     | Locked bookings sync complete. created=0 skipped=55
2025-12-14 20:47:01 | INFO     | Within active window (07:00-23:00). Running sync...
2025-12-14 20:47:01 | INFO     | Orders sync complete. created=0 payments=0 skipped=3
2025-12-14 20:47:01 | INFO     | Locked bookings sync complete. created=0 skipped=55
2025-12-14 21:02:01 | INFO     | Within active window (07:00-23:00). Running sync...
2025-12-14 21:02:01 | INFO     | Orders sync complete. created=0 payments=0 skipped=3
2025-12-14 21:02:01 | INFO     | Locked bookings sync complete. created=0 skipped=55
2025-12-14 21:17:01 | INFO     | Within active window (07:00-23:00). Running sync...
2025-12-14 21:17:01 | INFO     | Orders sync complete. created=0 payments=0 skipped=3
2025-12-14 21:17:02 | INFO     | Locked bookings sync complete. created=0 skipped=55
2025-12-14 21:32:01 | INFO     | Within active window (07:00-23:00). Running sync...
2025-12-14 21:32:01 | INFO     | Orders sync complete. created=0 payments=0 skipped=3
2025-12-14 21:32:02 | INFO     | Locked bookings sync complete. created=0 skipped=55
2025-12-14 21:47:02 | INFO     | Within active window (07:00-23:00). Running sync...
2025-12-14 21:47:02 | INFO     | Orders sync complete. created=0 payments=0 skipped=3
2025-12-14 21:47:02 | INFO     | Locked bookings sync complete. created=0 skipped=55
2025-12-14 22:02:01 | INFO     | Within active window (07:00-23:00). Running sync...
2025-12-14 22:02:02 | INFO     | Orders sync complete. created=0 payments=0 skipped=3
2025-12-14 22:02:02 | INFO     | Locked bookings sync complete. created=0 skipped=55
2025-12-14 22:17:02 | INFO     | Within active window (07:00-23:00). Running sync...
2025-12-14 22:17:02 | INFO     | Orders sync complete. created=0 payments=0 skipped=3
2025-12-14 22:17:02 | INFO     | Locked bookings sync complete. created=0 skipped=55
2025-12-14 22:32:02 | INFO     | Within active window (07:00-23:00). Running sync...
2025-12-14 22:32:02 | INFO     | Orders sync complete. created=0 payments=0 skipped=3
2025-12-14 22:32:02 | INFO     | Locked bookings sync complete. created=0 skipped=55
2025-12-14 22:47:02 | INFO     | Within active window (07:00-23:00). Running sync...
2025-12-14 22:47:02 | INFO     | Orders sync complete. created=0 payments=0 skipped=3
2025-12-14 22:47:02 | INFO     | Locked bookings sync complete. created=0 skipped=55
2025-12-14 23:02:02 | INFO     | Current time 23:02 outside window 07:00-23:00. Sleeping until window opens.
2025-12-14 23:17:02 | INFO     | Current time 23:17 outside window 07:00-23:00. Sleeping until window opens.
2025-12-14 23:32:02 | INFO     | Current time 23:32 outside window 07:00-23:00. Sleeping until window opens.
2025-12-14 23:47:02 | INFO     | Current time 23:47 outside window 07:00-23:00. Sleeping until window opens.
2025-12-15 00:02:02 | INFO     | Current time 00:02 outside window 07:00-23:00. Sleeping until window opens.
2025-12-15 00:17:02 | INFO     | Current time 00:17 outside window 07:00-23:00. Sleeping until window opens.
2025-12-15 00:32:02 | INFO     | Current time 00:32 outside window 07:00-23:00. Sleeping until window opens.
2025-12-15 07:17:38 | INFO     | Within active window (07:00-23:00). Running sync...
2025-12-15 07:17:38 | INFO     | Orders sync complete. created=0 payments=0 skipped=3
2025-12-15 07:17:38 | INFO     | Locked bookings sync complete. created=0 skipped=55
2025-12-15 07:53:44 | INFO     | Within active window (07:00-23:00). Running sync...
2025-12-15 07:53:44 | INFO     | Orders sync complete. created=0 payments=0 skipped=3
2025-12-15 07:53:44 | INFO     | Locked bookings sync complete. created=0 skipped=55
2025-12-15 08:13:49 | INFO     | Within active window (07:00-23:00). Running sync...
2025-12-15 08:13:49 | INFO     | Orders sync complete. created=0 payments=0 skipped=3
2025-12-15 08:13:49 | INFO     | Locked bookings sync complete. created=0 skipped=55
2025-12-15 08:56:41 | INFO     | Within active window (07:00-23:00). Running sync...
2025-12-15 08:56:41 | INFO     | Orders sync complete. created=0 payments=0 skipped=3
2025-12-15 08:56:41 | INFO     | Locked bookings sync complete. created=0 skipped=55
2025-12-15 09:11:41 | INFO     | Within active window (07:00-23:00). Running sync...
2025-12-15 09:11:41 | INFO     | Orders sync complete. created=0 payments=0 skipped=3
2025-12-15 09:11:41 | INFO     | Locked bookings sync complete. created=0 skipped=55
2025-12-15 09:26:41 | INFO     | Within active window (07:00-23:00). Running sync...
2025-12-15 09:26:41 | INFO     | Orders sync complete. created=0 payments=0 skipped=3
2025-12-15 09:26:41 | INFO     | Locked bookings sync complete. created=0 skipped=55
2025-12-15 09:41:41 | INFO     | Within active window (07:00-23:00). Running sync...
2025-12-15 09:41:41 | INFO     | Orders sync complete. created=0 payments=0 skipped=3
2025-12-15 09:41:41 | INFO     | Locked bookings sync complete. created=0 skipped=55
2025-12-15 09:56:41 | INFO     | Within active window (07:00-23:00). Running sync...
2025-12-15 09:56:41 | INFO     | Orders sync complete. created=0 payments=0 skipped=3
2025-12-15 09:56:41 | INFO     | Locked bookings sync complete. created=0 skipped=55
2025-12-15 10:11:41 | INFO     | Within active window (07:00-23:00). Running sync...
2025-12-15 10:11:41 | INFO     | Orders sync complete. created=0 payments=0 skipped=3
2025-12-15 10:11:41 | INFO     | Locked bookings sync complete. created=0 skipped=55
2025-12-15 10:26:41 | INFO     | Within active window (07:00-23:00). Running sync...
2025-12-15 10:26:41 | INFO     | Orders sync complete. created=0 payments=0 skipped=3
2025-12-15 10:26:42 | INFO     | Locked bookings sync complete. created=0 skipped=55
2025-12-15 10:41:42 | INFO     | Within active window (07:00-23:00). Running sync...
2025-12-15 10:41:42 | INFO     | Orders sync complete. created=0 payments=0 skipped=3
2025-12-15 10:41:42 | INFO     | Locked bookings sync complete. created=0 skipped=55
2025-12-15 10:56:42 | INFO     | Within active window (07:00-23:00). Running sync...
2025-12-15 10:56:42 | INFO     | Orders sync complete. created=0 payments=0 skipped=3
2025-12-15 10:56:42 | INFO     | Locked bookings sync complete. created=0 skipped=55
2025-12-15 11:11:42 | INFO     | Within active window (07:00-23:00). Running sync...
2025-12-15 11:11:42 | INFO     | Orders sync complete. created=0 payments=0 skipped=3
2025-12-15 11:11:42 | INFO     | Locked bookings sync complete. created=0 skipped=55
2025-12-15 11:26:42 | INFO     | Within active window (07:00-23:00). Running sync...
2025-12-15 11:26:42 | INFO     | Orders sync complete. created=0 payments=0 skipped=3
2025-12-15 11:26:42 | INFO     | Locked bookings sync complete. created=0 skipped=55
2025-12-15 11:41:42 | INFO     | Within active window (07:00-23:00). Running sync...
2025-12-15 11:41:42 | INFO     | Orders sync complete. created=0 payments=0 skipped=3
2025-12-15 11:41:42 | INFO     | Locked bookings sync complete. created=0 skipped=55
2025-12-15 11:56:42 | INFO     | Within active window (07:00-23:00). Running sync...
2025-12-15 11:56:42 | INFO     | Orders sync complete. created=0 payments=0 skipped=3
2025-12-15 11:56:42 | INFO     | Locked bookings sync complete. created=0 skipped=55
2025-12-15 12:11:42 | INFO     | Within active window (07:00-23:00). Running sync...
2025-12-15 12:11:42 | INFO     | Orders sync complete. created=0 payments=0 skipped=3
2025-12-15 12:11:42 | INFO     | Locked bookings sync complete. created=0 skipped=55
2025-12-15 12:26:42 | INFO     | Within active window (07:00-23:00). Running sync...
2025-12-15 12:26:42 | INFO     | Orders sync complete. created=0 payments=0 skipped=3
2025-12-15 12:26:42 | INFO     | Locked bookings sync complete. created=0 skipped=55
2025-12-15 12:41:42 | INFO     | Within active window (07:00-23:00). Running sync...
2025-12-15 12:41:42 | INFO     | Orders sync complete. created=0 payments=0 skipped=3
2025-12-15 12:41:42 | INFO     | Locked bookings sync complete. created=0 skipped=55
2025-12-15 12:56:42 | INFO     | Within active window (07:00-23:00). Running sync...
2025-12-15 12:56:42 | INFO     | Orders sync complete. created=0 payments=0 skipped=3
2025-12-15 12:56:42 | INFO     | Locked bookings sync complete. created=0 skipped=55
2025-12-15 13:11:42 | INFO     | Within active window (07:00-23:00). Running sync...
2025-12-15 13:11:42 | INFO     | Orders sync complete. created=0 payments=0 skipped=3
2025-12-15 13:11:42 | INFO     | Locked bookings sync complete. created=0 skipped=55
2025-12-15 13:26:42 | INFO     | Within active window (07:00-23:00). Running sync...
2025-12-15 13:26:42 | INFO     | Orders sync complete. created=0 payments=0 skipped=3
2025-12-15 13:26:42 | INFO     | Locked bookings sync complete. created=0 skipped=55
2025-12-15 13:41:42 | INFO     | Within active window (07:00-23:00). Running sync...
2025-12-15 13:41:42 | INFO     | Orders sync complete. created=0 payments=0 skipped=3
2025-12-15 13:41:42 | INFO     | Locked bookings sync complete. created=0 skipped=55
2025-12-15 13:56:42 | INFO     | Within active window (07:00-23:00). Running sync...
2025-12-15 13:56:42 | INFO     | Orders sync complete. created=0 payments=0 skipped=3
2025-12-15 13:56:42 | INFO     | Locked bookings sync complete. created=0 skipped=55
2025-12-15 14:11:42 | INFO     | Within active window (07:00-23:00). Running sync...
2025-12-15 14:11:42 | INFO     | Orders sync complete. created=0 payments=0 skipped=3
2025-12-15 14:11:42 | INFO     | Locked bookings sync complete. created=0 skipped=55
2025-12-15 14:26:43 | INFO     | Within active window (07:00-23:00). Running sync...
2025-12-15 14:26:43 | INFO     | Orders sync complete. created=0 payments=0 skipped=3
2025-12-15 14:26:43 | INFO     | Locked bookings sync complete. created=0 skipped=55
2025-12-15 14:41:43 | INFO     | Within active window (07:00-23:00). Running sync...
2025-12-15 14:41:43 | INFO     | Orders sync complete. created=0 payments=0 skipped=3
2025-12-15 14:41:43 | INFO     | Locked bookings sync complete. created=0 skipped=55
2025-12-15 14:56:43 | INFO     | Within active window (07:00-23:00). Running sync...
2025-12-15 14:56:43 | INFO     | Orders sync complete. created=0 payments=0 skipped=3
2025-12-15 14:56:43 | INFO     | Locked bookings sync complete. created=0 skipped=55
2025-12-15 15:11:43 | INFO     | Within active window (07:00-23:00). Running sync...
2025-12-15 15:11:43 | INFO     | Orders sync complete. created=0 payments=0 skipped=3
2025-12-15 15:11:43 | INFO     | Locked bookings sync complete. created=0 skipped=55
2025-12-15 15:26:43 | INFO     | Within active window (07:00-23:00). Running sync...
2025-12-15 15:26:43 | INFO     | Orders sync complete. created=0 payments=0 skipped=3
2025-12-15 15:26:43 | INFO     | Locked bookings sync complete. created=0 skipped=55
2025-12-15 15:41:43 | INFO     | Within active window (07:00-23:00). Running sync...
2025-12-15 15:41:43 | INFO     | Orders sync complete. created=0 payments=0 skipped=3
2025-12-15 15:41:43 | INFO     | Locked bookings sync complete. created=0 skipped=55
2025-12-15 15:56:43 | INFO     | Within active window (07:00-23:00). Running sync...
2025-12-15 15:56:43 | INFO     | Orders sync complete. created=0 payments=0 skipped=3
2025-12-15 15:56:43 | INFO     | Locked bookings sync complete. created=0 skipped=55
2025-12-15 16:11:43 | INFO     | Within active window (07:00-23:00). Running sync...
2025-12-15 16:11:43 | INFO     | Orders sync complete. created=0 payments=0 skipped=3
2025-12-15 16:11:43 | INFO     | Locked bookings sync complete. created=0 skipped=55
2025-12-15 16:26:43 | INFO     | Within active window (07:00-23:00). Running sync...
2025-12-15 16:26:43 | INFO     | Orders sync complete. created=0 payments=0 skipped=3
2025-12-15 16:26:43 | INFO     | Locked bookings sync complete. created=0 skipped=55
2025-12-15 16:41:43 | INFO     | Within active window (07:00-23:00). Running sync...
2025-12-15 16:41:43 | INFO     | Orders sync complete. created=0 payments=0 skipped=3
2025-12-15 16:41:43 | INFO     | Locked bookings sync complete. created=0 skipped=55
2025-12-15 16:56:43 | INFO     | Within active window (07:00-23:00). Running sync...
2025-12-15 16:56:43 | INFO     | Orders sync complete. created=0 payments=0 skipped=3
2025-12-15 16:56:43 | INFO     | Locked bookings sync complete. created=0 skipped=55
2025-12-15 17:11:43 | INFO     | Within active window (07:00-23:00). Running sync...
2025-12-15 17:11:43 | INFO     | Orders sync complete. created=0 payments=0 skipped=3
2025-12-15 17:11:43 | INFO     | Locked bookings sync complete. created=0 skipped=55
2025-12-15 17:26:43 | INFO     | Within active window (07:00-23:00). Running sync...
2025-12-15 17:26:43 | INFO     | Orders sync complete. created=0 payments=0 skipped=3
2025-12-15 17:26:44 | INFO     | Locked bookings sync complete. created=0 skipped=55
2025-12-15 17:41:44 | INFO     | Within active window (07:00-23:00). Running sync...
2025-12-15 17:41:44 | INFO     | Orders sync complete. created=0 payments=0 skipped=3
2025-12-15 17:41:44 | INFO     | Locked bookings sync complete. created=0 skipped=55
2025-12-15 17:56:44 | INFO     | Within active window (07:00-23:00). Running sync...
2025-12-15 17:56:44 | INFO     | Orders sync complete. created=0 payments=0 skipped=3
2025-12-15 17:56:44 | INFO     | Locked bookings sync complete. created=0 skipped=55
2025-12-15 18:11:44 | INFO     | Within active window (07:00-23:00). Running sync...
2025-12-15 18:11:44 | INFO     | Orders sync complete. created=0 payments=0 skipped=3
2025-12-15 18:11:44 | INFO     | Locked bookings sync complete. created=0 skipped=55
2025-12-15 22:07:00 | INFO     | Within active window (07:00-23:00). Running sync...
2025-12-15 22:07:00 | INFO     | Orders sync complete. created=0 payments=0 skipped=3
2025-12-15 22:07:00 | INFO     | Locked bookings sync complete. created=0 skipped=55
2025-12-15 22:22:00 | INFO     | Within active window (07:00-23:00). Running sync...
2025-12-15 22:22:00 | INFO     | Orders sync complete. created=0 payments=0 skipped=3
2025-12-15 22:22:00 | INFO     | Locked bookings sync complete. created=0 skipped=55
2025-12-15 22:37:00 | INFO     | Within active window (07:00-23:00). Running sync...
2025-12-15 22:37:00 | INFO     | Orders sync complete. created=0 payments=0 skipped=3
2025-12-15 22:37:00 | INFO     | Locked bookings sync complete. created=0 skipped=55
2025-12-15 22:52:00 | INFO     | Within active window (07:00-23:00). Running sync...
2025-12-15 22:52:00 | INFO     | Orders sync complete. created=0 payments=0 skipped=3
2025-12-15 22:52:01 | INFO     | Locked bookings sync complete. created=0 skipped=55
2025-12-15 23:07:01 | INFO     | Current time 23:07 outside window 07:00-23:00. Sleeping until window opens.
2025-12-15 23:22:01 | INFO     | Current time 23:22 outside window 07:00-23:00. Sleeping until window opens.
2025-12-15 23:37:01 | INFO     | Current time 23:37 outside window 07:00-23:00. Sleeping until window opens.
2025-12-15 23:52:01 | INFO     | Current time 23:52 outside window 07:00-23:00. Sleeping until window opens.
2025-12-16 00:07:01 | INFO     | Current time 00:07 outside window 07:00-23:00. Sleeping until window opens.
2025-12-16 00:22:01 | INFO     | Current time 00:22 outside window 07:00-23:00. Sleeping until window opens.
2025-12-16 00:37:01 | INFO     | Current time 00:37 outside window 07:00-23:00. Sleeping until window opens.
2025-12-16 00:52:01 | INFO     | Current time 00:52 outside window 07:00-23:00. Sleeping until window opens.
2025-12-16 01:07:01 | INFO     | Current time 01:07 outside window 07:00-23:00. Sleeping until window opens.
2025-12-16 01:22:01 | INFO     | Current time 01:22 outside window 07:00-23:00. Sleeping until window opens.
2025-12-16 01:37:01 | INFO     | Current time 01:37 outside window 07:00-23:00. Sleeping until window opens.
2025-12-16 01:52:01 | INFO     | Current time 01:52 outside window 07:00-23:00. Sleeping until window opens.
2025-12-16 02:07:01 | INFO     | Current time 02:07 outside window 07:00-23:00. Sleeping until window opens.
2025-12-16 02:22:01 | INFO     | Current time 02:22 outside window 07:00-23:00. Sleeping until window opens.
2025-12-16 02:37:01 | INFO     | Current time 02:37 outside window 07:00-23:00. Sleeping until window opens.
2025-12-16 02:52:01 | INFO     | Current time 02:52 outside window 07:00-23:00. Sleeping until window opens.
2025-12-16 03:07:01 | INFO     | Current time 03:07 outside window 07:00-23:00. Sleeping until window opens.
2025-12-16 03:22:01 | INFO     | Current time 03:22 outside window 07:00-23:00. Sleeping until window opens.
2025-12-16 03:37:01 | INFO     | Current time 03:37 outside window 07:00-23:00. Sleeping until window opens.
2025-12-16 03:52:01 | INFO     | Current time 03:52 outside window 07:00-23:00. Sleeping until window opens.
2025-12-16 04:07:01 | INFO     | Current time 04:07 outside window 07:00-23:00. Sleeping until window opens.
2025-12-16 04:22:01 | INFO     | Current time 04:22 outside window 07:00-23:00. Sleeping until window opens.
2025-12-16 04:37:03 | INFO     | Current time 04:37 outside window 07:00-23:00. Sleeping until window opens.
2025-12-16 04:52:03 | INFO     | Current time 04:52 outside window 07:00-23:00. Sleeping until window opens.
2025-12-16 05:07:03 | INFO     | Current time 05:07 outside window 07:00-23:00. Sleeping until window opens.
2025-12-16 05:22:03 | INFO     | Current time 05:22 outside window 07:00-23:00. Sleeping until window opens.
2025-12-16 05:37:03 | INFO     | Current time 05:37 outside window 07:00-23:00. Sleeping until window opens.
2025-12-16 05:52:03 | INFO     | Current time 05:52 outside window 07:00-23:00. Sleeping until window opens.
2025-12-16 06:07:03 | INFO     | Current time 06:07 outside window 07:00-23:00. Sleeping until window opens.
2025-12-16 06:22:03 | INFO     | Current time 06:22 outside window 07:00-23:00. Sleeping until window opens.
2025-12-16 06:37:03 | INFO     | Current time 06:37 outside window 07:00-23:00. Sleeping until window opens.
2025-12-16 06:52:03 | INFO     | Current time 06:52 outside window 07:00-23:00. Sleeping until window opens.
2025-12-16 07:44:19 | INFO     | Within active window (07:00-23:00). Running sync...
2025-12-16 07:44:19 | INFO     | Orders sync complete. created=0 payments=0 skipped=3
2025-12-16 07:44:19 | INFO     | Locked bookings sync complete. created=0 skipped=55
2025-12-16 08:24:51 | INFO     | Within active window (07:00-23:00). Running sync...
2025-12-16 08:24:51 | INFO     | Orders sync complete. created=0 payments=0 skipped=3
2025-12-16 08:24:51 | INFO     | Locked bookings sync complete. created=0 skipped=55
2025-12-16 11:09:24 | INFO     | Within active window (07:00-23:00). Running sync...
2025-12-16 11:09:25 | INFO     | Orders sync complete. created=0 payments=0 skipped=3
2025-12-16 11:09:25 | INFO     | Locked bookings sync complete. created=0 skipped=55
2025-12-16 11:24:25 | INFO     | Within active window (07:00-23:00). Running sync...
2025-12-16 11:24:25 | INFO     | Orders sync complete. created=0 payments=0 skipped=3
2025-12-16 11:24:25 | INFO     | Locked bookings sync complete. created=0 skipped=55
2025-12-16 11:39:25 | INFO     | Within active window (07:00-23:00). Running sync...
2025-12-16 11:39:25 | INFO     | Orders sync complete. created=0 payments=0 skipped=3
2025-12-16 11:39:25 | INFO     | Locked bookings sync complete. created=0 skipped=55
2025-12-16 11:54:25 | INFO     | Within active window (07:00-23:00). Running sync...
2025-12-16 11:54:25 | INFO     | Orders sync complete. created=0 payments=0 skipped=3
2025-12-16 11:54:25 | INFO     | Locked bookings sync complete. created=0 skipped=55
2025-12-16 12:09:25 | INFO     | Within active window (07:00-23:00). Running sync...
2025-12-16 12:09:25 | INFO     | Orders sync complete. created=0 payments=0 skipped=3
2025-12-16 12:09:25 | INFO     | Locked bookings sync complete. created=0 skipped=55
2025-12-16 12:24:25 | INFO     | Within active window (07:00-23:00). Running sync...
2025-12-16 12:24:25 | INFO     | Orders sync complete. created=0 payments=0 skipped=3
2025-12-16 12:24:26 | INFO     | Locked bookings sync complete. created=0 skipped=55
2025-12-16 12:39:26 | INFO     | Within active window (07:00-23:00). Running sync...
2025-12-16 12:39:26 | INFO     | Orders sync complete. created=0 payments=0 skipped=3
2025-12-16 12:39:26 | INFO     | Locked bookings sync complete. created=0 skipped=55
2025-12-16 12:54:26 | INFO     | Within active window (07:00-23:00). Running sync...
2025-12-16 12:54:26 | INFO     | Orders sync complete. created=0 payments=0 skipped=3
2025-12-16 12:54:26 | INFO     | Locked bookings sync complete. created=0 skipped=55
2025-12-16 13:09:26 | INFO     | Within active window (07:00-23:00). Running sync...
2025-12-16 13:09:26 | INFO     | Orders sync complete. created=0 payments=0 skipped=3
2025-12-16 13:09:26 | INFO     | Locked bookings sync complete. created=0 skipped=55
2025-12-16 13:24:26 | INFO     | Within active window (07:00-23:00). Running sync...
2025-12-16 13:24:26 | INFO     | Orders sync complete. created=0 payments=0 skipped=3
2025-12-16 13:24:26 | INFO     | Locked bookings sync complete. created=0 skipped=55
2025-12-16 13:39:26 | INFO     | Within active window (07:00-23:00). Running sync...
2025-12-16 13:39:26 | INFO     | Orders sync complete. created=0 payments=0 skipped=3
2025-12-16 13:39:26 | INFO     | Locked bookings sync complete. created=0 skipped=55
2025-12-16 13:54:26 | INFO     | Within active window (07:00-23:00). Running sync...
2025-12-16 13:54:26 | INFO     | Orders sync complete. created=0 payments=0 skipped=3
2025-12-16 13:54:26 | INFO     | Locked bookings sync complete. created=0 skipped=55
2025-12-16 14:09:26 | INFO     | Within active window (07:00-23:00). Running sync...
2025-12-16 14:09:26 | INFO     | Orders sync complete. created=0 payments=0 skipped=3
2025-12-16 14:09:26 | INFO     | Locked bookings sync complete. created=0 skipped=55
2025-12-16 14:24:26 | INFO     | Within active window (07:00-23:00). Running sync...
2025-12-16 14:24:26 | INFO     | Orders sync complete. created=0 payments=0 skipped=3
2025-12-16 14:24:26 | INFO     | Locked bookings sync complete. created=0 skipped=55
2025-12-16 14:39:26 | INFO     | Within active window (07:00-23:00). Running sync...
2025-12-16 14:39:26 | INFO     | Orders sync complete. created=0 payments=0 skipped=3
2025-12-16 14:39:26 | INFO     | Locked bookings sync complete. created=0 skipped=55
2025-12-16 14:54:26 | INFO     | Within active window (07:00-23:00). Running sync...
2025-12-16 14:54:26 | INFO     | Orders sync complete. created=0 payments=0 skipped=3
2025-12-16 14:54:26 | INFO     | Locked bookings sync complete. created=0 skipped=55
2025-12-16 15:09:26 | INFO     | Within active window (07:00-23:00). Running sync...
2025-12-16 15:09:26 | INFO     | Orders sync complete. created=0 payments=0 skipped=3
2025-12-16 15:09:26 | INFO     | Locked bookings sync complete. created=0 skipped=55
2025-12-16 15:24:26 | INFO     | Within active window (07:00-23:00). Running sync...
2025-12-16 15:24:26 | INFO     | Orders sync complete. created=0 payments=0 skipped=3
2025-12-16 15:24:26 | INFO     | Locked bookings sync complete. created=0 skipped=55
2025-12-16 15:39:26 | INFO     | Within active window (07:00-23:00). Running sync...
2025-12-16 15:39:26 | INFO     | Orders sync complete. created=0 payments=0 skipped=3
2025-12-16 15:39:26 | INFO     | Locked bookings sync complete. created=0 skipped=55
2025-12-16 15:54:26 | INFO     | Within active window (07:00-23:00). Running sync...
2025-12-16 15:54:26 | INFO     | Orders sync complete. created=0 payments=0 skipped=3
2025-12-16 15:54:26 | INFO     | Locked bookings sync complete. created=0 skipped=55
2025-12-16 16:09:27 | INFO     | Within active window (07:00-23:00). Running sync...
2025-12-16 16:09:27 | INFO     | Orders sync complete. created=0 payments=0 skipped=3
2025-12-16 16:09:27 | INFO     | Locked bookings sync complete. created=0 skipped=55
2025-12-16 16:24:27 | INFO     | Within active window (07:00-23:00). Running sync...
2025-12-16 16:24:27 | INFO     | Orders sync complete. created=0 payments=0 skipped=3
2025-12-16 16:24:27 | INFO     | Locked bookings sync complete. created=0 skipped=55
2025-12-16 16:39:27 | INFO     | Within active window (07:00-23:00). Running sync...
2025-12-16 16:39:27 | INFO     | Orders sync complete. created=0 payments=0 skipped=3
2025-12-16 16:39:27 | INFO     | Locked bookings sync complete. created=0 skipped=55
2025-12-16 16:54:27 | INFO     | Within active window (07:00-23:00). Running sync...
2025-12-16 16:54:27 | INFO     | Orders sync complete. created=0 payments=0 skipped=3
2025-12-16 16:54:27 | INFO     | Locked bookings sync complete. created=0 skipped=55
2025-12-16 17:09:27 | INFO     | Within active window (07:00-23:00). Running sync...
2025-12-16 17:09:27 | INFO     | Orders sync complete. created=0 payments=0 skipped=3
2025-12-16 17:09:27 | INFO     | Locked bookings sync complete. created=0 skipped=55
2025-12-16 17:24:27 | INFO     | Within active window (07:00-23:00). Running sync...
2025-12-16 17:24:27 | INFO     | Orders sync complete. created=0 payments=0 skipped=3
2025-12-16 17:24:27 | INFO     | Locked bookings sync complete. created=0 skipped=55
2025-12-16 17:39:27 | INFO     | Within active window (07:00-23:00). Running sync...
2025-12-16 17:39:27 | INFO     | Orders sync complete. created=0 payments=0 skipped=3
2025-12-16 17:39:27 | INFO     | Locked bookings sync complete. created=0 skipped=55
2025-12-16 17:54:27 | INFO     | Within active window (07:00-23:00). Running sync...
2025-12-16 17:54:27 | INFO     | Orders sync complete. created=0 payments=0 skipped=3
2025-12-16 17:54:27 | INFO     | Locked bookings sync complete. created=0 skipped=55
2025-12-16 18:09:27 | INFO     | Within active window (07:00-23:00). Running sync...
2025-12-16 18:09:27 | INFO     | Orders sync complete. created=0 payments=0 skipped=3
2025-12-16 18:09:27 | INFO     | Locked bookings sync complete. created=0 skipped=55
2025-12-16 18:24:27 | INFO     | Within active window (07:00-23:00). Running sync...
2025-12-16 18:24:28 | INFO     | Orders sync complete. created=0 payments=0 skipped=3
2025-12-16 18:24:28 | INFO     | Locked bookings sync complete. created=0 skipped=55
2025-12-16 18:55:06 | INFO     | Within active window (07:00-23:00). Running sync...
2025-12-16 18:55:06 | INFO     | Orders sync complete. created=0 payments=0 skipped=3
2025-12-16 18:55:06 | INFO     | Locked bookings sync complete. created=0 skipped=55
2025-12-16 19:53:29 | INFO     | Within active window (07:00-23:00). Running sync...
2025-12-16 19:53:29 | INFO     | Orders sync complete. created=0 payments=0 skipped=3
2025-12-16 19:53:29 | INFO     | Locked bookings sync complete. created=0 skipped=55
2025-12-17 08:29:58 | INFO     | Within active window (07:00-23:00). Running sync...
2025-12-17 08:29:58 | INFO     | Orders sync complete. created=0 payments=0 skipped=3
2025-12-17 08:29:58 | INFO     | Locked bookings sync complete. created=0 skipped=55
2025-12-17 08:45:01 | INFO     | Within active window (07:00-23:00). Running sync...
2025-12-17 08:45:01 | INFO     | Orders sync complete. created=0 payments=0 skipped=3
2025-12-17 08:45:01 | INFO     | Locked bookings sync complete. created=0 skipped=55
2025-12-17 09:00:01 | INFO     | Within active window (07:00-23:00). Running sync...
2025-12-17 09:00:01 | INFO     | Orders sync complete. created=0 payments=0 skipped=3
2025-12-17 09:00:01 | INFO     | Locked bookings sync complete. created=0 skipped=55
2025-12-17 09:15:01 | INFO     | Within active window (07:00-23:00). Running sync...
2025-12-17 09:15:01 | INFO     | Orders sync complete. created=0 payments=0 skipped=3
2025-12-17 09:15:01 | INFO     | Locked bookings sync complete. created=0 skipped=55
2025-12-17 09:30:01 | INFO     | Within active window (07:00-23:00). Running sync...
2025-12-17 09:30:01 | INFO     | Orders sync complete. created=0 payments=0 skipped=3
2025-12-17 09:30:01 | INFO     | Locked bookings sync complete. created=0 skipped=55
2025-12-17 09:45:01 | INFO     | Within active window (07:00-23:00). Running sync...
2025-12-17 09:45:01 | INFO     | Orders sync complete. created=0 payments=0 skipped=3
2025-12-17 09:45:01 | INFO     | Locked bookings sync complete. created=0 skipped=55
2025-12-17 10:00:01 | INFO     | Within active window (07:00-23:00). Running sync...
2025-12-17 10:00:01 | INFO     | Orders sync complete. created=0 payments=0 skipped=3
2025-12-17 10:00:01 | INFO     | Locked bookings sync complete. created=0 skipped=55
2025-12-17 10:15:02 | INFO     | Within active window (07:00-23:00). Running sync...
2025-12-17 10:15:02 | INFO     | Orders sync complete. created=0 payments=0 skipped=3
2025-12-17 10:15:02 | INFO     | Locked bookings sync complete. created=0 skipped=55
2025-12-17 10:30:02 | INFO     | Within active window (07:00-23:00). Running sync...
2025-12-17 10:30:02 | INFO     | Orders sync complete. created=0 payments=0 skipped=3
2025-12-17 10:30:02 | INFO     | Locked bookings sync complete. created=0 skipped=55
2025-12-17 10:45:02 | INFO     | Within active window (07:00-23:00). Running sync...
2025-12-17 10:45:02 | INFO     | Orders sync complete. created=0 payments=0 skipped=3
2025-12-17 10:45:02 | INFO     | Locked bookings sync complete. created=0 skipped=55
2025-12-17 11:00:02 | INFO     | Within active window (07:00-23:00). Running sync...
2025-12-17 11:00:02 | INFO     | Orders sync complete. created=0 payments=0 skipped=3
2025-12-17 11:00:02 | INFO     | Locked bookings sync complete. created=0 skipped=55
2025-12-17 11:15:02 | INFO     | Within active window (07:00-23:00). Running sync...
2025-12-17 11:15:02 | INFO     | Orders sync complete. created=0 payments=0 skipped=3
2025-12-17 11:15:02 | INFO     | Locked bookings sync complete. created=0 skipped=55
2025-12-17 11:30:02 | INFO     | Within active window (07:00-23:00). Running sync...
2025-12-17 11:30:02 | INFO     | Orders sync complete. created=0 payments=0 skipped=3
2025-12-17 11:30:02 | INFO     | Locked bookings sync complete. created=0 skipped=55
2025-12-17 11:45:02 | INFO     | Within active window (07:00-23:00). Running sync...
2025-12-17 11:45:02 | INFO     | Orders sync complete. created=0 payments=0 skipped=3
2025-12-17 11:45:02 | INFO     | Locked bookings sync complete. created=0 skipped=55
2025-12-17 12:00:02 | INFO     | Within active window (07:00-23:00). Running sync...
2025-12-17 12:00:02 | INFO     | Orders sync complete. created=0 payments=0 skipped=3
2025-12-17 12:00:02 | INFO     | Locked bookings sync complete. created=0 skipped=55
2025-12-17 12:15:02 | INFO     | Within active window (07:00-23:00). Running sync...
2025-12-17 12:15:02 | INFO     | Orders sync complete. created=0 payments=0 skipped=3
2025-12-17 12:15:02 | INFO     | Locked bookings sync complete. created=0 skipped=55
2025-12-17 12:30:02 | INFO     | Within active window (07:00-23:00). Running sync...
2025-12-17 12:30:02 | INFO     | Orders sync complete. created=0 payments=0 skipped=3
2025-12-17 12:30:02 | INFO     | Locked bookings sync complete. created=0 skipped=55
2025-12-17 12:45:02 | INFO     | Within active window (07:00-23:00). Running sync...
2025-12-17 12:45:02 | INFO     | Orders sync complete. created=0 payments=0 skipped=3
2025-12-17 12:45:02 | INFO     | Locked bookings sync complete. created=0 skipped=55
2025-12-17 13:00:02 | INFO     | Within active window (07:00-23:00). Running sync...
2025-12-17 13:00:02 | INFO     | Orders sync complete. created=0 payments=0 skipped=3
2025-12-17 13:00:02 | INFO     | Locked bookings sync complete. created=0 skipped=55
2025-12-17 13:15:02 | INFO     | Within active window (07:00-23:00). Running sync...
2025-12-17 13:15:02 | INFO     | Orders sync complete. created=0 payments=0 skipped=3
2025-12-17 13:15:02 | INFO     | Locked bookings sync complete. created=0 skipped=55
2025-12-17 13:30:02 | INFO     | Within active window (07:00-23:00). Running sync...
2025-12-17 13:30:02 | INFO     | Orders sync complete. created=0 payments=0 skipped=3
2025-12-17 13:30:02 | INFO     | Locked bookings sync complete. created=0 skipped=55
2025-12-17 13:45:02 | INFO     | Within active window (07:00-23:00). Running sync...
2025-12-17 13:45:02 | INFO     | Orders sync complete. created=0 payments=0 skipped=3
2025-12-17 13:45:02 | INFO     | Locked bookings sync complete. created=0 skipped=55
2025-12-17 15:43:56 | INFO     | Within active window (07:00-23:00). Running sync...
2025-12-17 15:43:56 | INFO     | Orders sync complete. created=0 payments=0 skipped=3
2025-12-17 15:43:56 | INFO     | Locked bookings sync complete. created=0 skipped=55
2025-12-17 15:58:56 | INFO     | Within active window (07:00-23:00). Running sync...
2025-12-17 15:58:56 | INFO     | Orders sync complete. created=0 payments=0 skipped=3
2025-12-17 15:58:56 | INFO     | Locked bookings sync complete. created=0 skipped=55
2025-12-17 16:13:56 | INFO     | Within active window (07:00-23:00). Running sync...
2025-12-17 16:13:56 | INFO     | Orders sync complete. created=0 payments=0 skipped=3
2025-12-17 16:13:57 | INFO     | Locked bookings sync complete. created=0 skipped=55
2025-12-17 16:29:44 | INFO     | Within active window (07:00-23:00). Running sync...
2025-12-17 16:29:44 | INFO     | Orders sync complete. created=0 payments=0 skipped=3
2025-12-17 16:29:44 | INFO     | Locked bookings sync complete. created=0 skipped=55
2025-12-17 16:44:44 | INFO     | Within active window (07:00-23:00). Running sync...
2025-12-17 16:44:44 | INFO     | Orders sync complete. created=0 payments=0 skipped=3
2025-12-17 16:44:44 | INFO     | Locked bookings sync complete. created=0 skipped=55
2025-12-17 17:19:35 | INFO     | Within active window (07:00-23:00). Running sync...
2025-12-17 17:19:35 | INFO     | Orders sync complete. created=0 payments=0 skipped=3
2025-12-17 17:19:35 | INFO     | Locked bookings sync complete. created=0 skipped=55
2025-12-17 17:39:18 | INFO     | Within active window (07:00-23:00). Running sync...
2025-12-17 17:39:18 | INFO     | Orders sync complete. created=0 payments=0 skipped=3
2025-12-17 17:39:18 | INFO     | Locked bookings sync complete. created=0 skipped=55
2025-12-17 17:58:09 | INFO     | Within active window (07:00-23:00). Running sync...
2025-12-17 17:58:09 | INFO     | Orders sync complete. created=0 payments=0 skipped=3
2025-12-17 17:58:09 | INFO     | Locked bookings sync complete. created=0 skipped=55
2025-12-17 19:20:26 | INFO     | Within active window (07:00-23:00). Running sync...
2025-12-17 19:20:26 | INFO     | Orders sync complete. created=0 payments=0 skipped=3
2025-12-17 19:20:26 | INFO     | Locked bookings sync complete. created=0 skipped=55
2025-12-17 19:35:26 | INFO     | Within active window (07:00-23:00). Running sync...
2025-12-17 19:35:27 | INFO     | Orders sync complete. created=0 payments=0 skipped=3
2025-12-17 19:35:27 | INFO     | Locked bookings sync complete. created=0 skipped=55
2025-12-17 19:50:27 | INFO     | Within active window (07:00-23:00). Running sync...
2025-12-17 19:50:27 | INFO     | Orders sync complete. created=0 payments=0 skipped=3
2025-12-17 19:50:27 | INFO     | Locked bookings sync complete. created=0 skipped=55
2025-12-17 20:05:27 | INFO     | Within active window (07:00-23:00). Running sync...
2025-12-17 20:05:27 | INFO     | Orders sync complete. created=0 payments=0 skipped=3
2025-12-17 20:05:27 | INFO     | Locked bookings sync complete. created=0 skipped=55
2025-12-17 20:20:27 | INFO     | Within active window (07:00-23:00). Running sync...
2025-12-17 20:20:27 | INFO     | Orders sync complete. created=0 payments=0 skipped=3
2025-12-17 20:20:27 | INFO     | Locked bookings sync complete. created=0 skipped=55
2025-12-17 20:35:27 | INFO     | Within active window (07:00-23:00). Running sync...
2025-12-17 20:35:27 | INFO     | Orders sync complete. created=0 payments=0 skipped=3
2025-12-17 20:35:27 | INFO     | Locked bookings sync complete. created=0 skipped=55
2025-12-17 20:50:27 | INFO     | Within active window (07:00-23:00). Running sync...
2025-12-17 20:50:27 | INFO     | Orders sync complete. created=0 payments=0 skipped=3
2025-12-17 20:50:27 | INFO     | Locked bookings sync complete. created=0 skipped=55
2025-12-17 21:05:27 | INFO     | Within active window (07:00-23:00). Running sync...
2025-12-17 21:05:27 | INFO     | Orders sync complete. created=0 payments=0 skipped=3
2025-12-17 21:05:27 | INFO     | Locked bookings sync complete. created=0 skipped=55
2025-12-17 21:20:31 | INFO     | Within active window (07:00-23:00). Running sync...
2025-12-17 21:20:31 | INFO     | Orders sync complete. created=0 payments=0 skipped=3
2025-12-17 21:20:31 | INFO     | Locked bookings sync complete. created=0 skipped=55
2025-12-17 21:35:31 | INFO     | Within active window (07:00-23:00). Running sync...
2025-12-17 21:35:31 | INFO     | Orders sync complete. created=0 payments=0 skipped=3
2025-12-17 21:35:31 | INFO     | Locked bookings sync complete. created=0 skipped=55
2025-12-17 21:50:31 | INFO     | Within active window (07:00-23:00). Running sync...
2025-12-17 21:50:31 | INFO     | Orders sync complete. created=0 payments=0 skipped=3
2025-12-17 21:50:31 | INFO     | Locked bookings sync complete. created=0 skipped=55
2025-12-17 22:05:31 | INFO     | Within active window (07:00-23:00). Running sync...
2025-12-17 22:05:31 | INFO     | Orders sync complete. created=0 payments=0 skipped=3
2025-12-17 22:05:31 | INFO     | Locked bookings sync complete. created=0 skipped=55
2025-12-17 22:20:31 | INFO     | Within active window (07:00-23:00). Running sync...
2025-12-17 22:20:31 | INFO     | Orders sync complete. created=0 payments=0 skipped=3
2025-12-17 22:20:32 | INFO     | Locked bookings sync complete. created=0 skipped=55
2025-12-17 22:35:32 | INFO     | Within active window (07:00-23:00). Running sync...
2025-12-17 22:35:32 | INFO     | Orders sync complete. created=0 payments=0 skipped=3
2025-12-17 22:35:32 | INFO     | Locked bookings sync complete. created=0 skipped=55
2025-12-17 23:10:21 | INFO     | Current time 23:10 outside window 07:00-23:00. Sleeping until window opens.
2025-12-17 23:25:21 | INFO     | Current time 23:25 outside window 07:00-23:00. Sleeping until window opens.
2025-12-18 08:38:06 | INFO     | Within active window (07:00-23:00). Running sync...
2025-12-18 08:38:06 | INFO     | Orders sync complete. created=0 payments=0 skipped=3
2025-12-18 08:38:06 | INFO     | Locked bookings sync complete. created=0 skipped=55
2025-12-18 08:53:08 | INFO     | Within active window (07:00-23:00). Running sync...
2025-12-18 08:53:08 | INFO     | Orders sync complete. created=0 payments=0 skipped=3
2025-12-18 08:53:08 | INFO     | Locked bookings sync complete. created=0 skipped=55
2025-12-18 09:08:08 | INFO     | Within active window (07:00-23:00). Running sync...
2025-12-18 09:08:08 | INFO     | Orders sync complete. created=0 payments=0 skipped=3
2025-12-18 09:08:08 | INFO     | Locked bookings sync complete. created=0 skipped=55
2025-12-18 09:23:08 | INFO     | Within active window (07:00-23:00). Running sync...
2025-12-18 09:23:08 | INFO     | Orders sync complete. created=0 payments=0 skipped=3
2025-12-18 09:23:08 | INFO     | Locked bookings sync complete. created=0 skipped=55
2025-12-18 09:38:08 | INFO     | Within active window (07:00-23:00). Running sync...
2025-12-18 09:38:08 | INFO     | Orders sync complete. created=0 payments=0 skipped=3
2025-12-18 09:38:08 | INFO     | Locked bookings sync complete. created=0 skipped=55
2025-12-18 09:53:08 | INFO     | Within active window (07:00-23:00). Running sync...
2025-12-18 09:53:08 | INFO     | Orders sync complete. created=0 payments=0 skipped=3
2025-12-18 09:53:08 | INFO     | Locked bookings sync complete. created=0 skipped=55
2025-12-18 10:08:08 | INFO     | Within active window (07:00-23:00). Running sync...
2025-12-18 10:08:08 | INFO     | Orders sync complete. created=0 payments=0 skipped=3
2025-12-18 10:08:08 | INFO     | Locked bookings sync complete. created=0 skipped=55
2025-12-18 10:23:08 | INFO     | Within active window (07:00-23:00). Running sync...
2025-12-18 10:23:08 | INFO     | Orders sync complete. created=0 payments=0 skipped=3
2025-12-18 10:23:08 | INFO     | Locked bookings sync complete. created=0 skipped=55
2025-12-18 10:38:08 | INFO     | Within active window (07:00-23:00). Running sync...
2025-12-18 10:38:08 | INFO     | Orders sync complete. created=0 payments=0 skipped=3
2025-12-18 10:38:08 | INFO     | Locked bookings sync complete. created=0 skipped=55
2025-12-18 10:53:08 | INFO     | Within active window (07:00-23:00). Running sync...
2025-12-18 10:53:08 | INFO     | Orders sync complete. created=0 payments=0 skipped=3
2025-12-18 10:53:08 | INFO     | Locked bookings sync complete. created=0 skipped=55
2025-12-18 11:08:08 | INFO     | Within active window (07:00-23:00). Running sync...
2025-12-18 11:08:08 | INFO     | Orders sync complete. created=0 payments=0 skipped=3
2025-12-18 11:08:08 | INFO     | Locked bookings sync complete. created=0 skipped=55
2025-12-18 11:23:08 | INFO     | Within active window (07:00-23:00). Running sync...
2025-12-18 11:23:09 | INFO     | Orders sync complete. created=0 payments=0 skipped=3
2025-12-18 11:23:09 | INFO     | Locked bookings sync complete. created=0 skipped=55
2025-12-18 11:38:09 | INFO     | Within active window (07:00-23:00). Running sync...
2025-12-18 11:38:09 | INFO     | Orders sync complete. created=0 payments=0 skipped=3
2025-12-18 11:38:09 | INFO     | Locked bookings sync complete. created=0 skipped=55
2025-12-18 11:53:09 | INFO     | Within active window (07:00-23:00). Running sync...
2025-12-18 11:53:09 | INFO     | Orders sync complete. created=0 payments=0 skipped=3
2025-12-18 11:53:09 | INFO     | Locked bookings sync complete. created=0 skipped=55
2025-12-18 12:08:09 | INFO     | Within active window (07:00-23:00). Running sync...
2025-12-18 12:08:09 | INFO     | Orders sync complete. created=0 payments=0 skipped=3
2025-12-18 12:08:09 | INFO     | Locked bookings sync complete. created=0 skipped=55
2025-12-18 12:23:09 | INFO     | Within active window (07:00-23:00). Running sync...
2025-12-18 12:23:09 | INFO     | Orders sync complete. created=0 payments=0 skipped=3
2025-12-18 12:23:09 | INFO     | Locked bookings sync complete. created=0 skipped=55
2025-12-18 12:38:09 | INFO     | Within active window (07:00-23:00). Running sync...
2025-12-18 12:38:09 | INFO     | Orders sync complete. created=0 payments=0 skipped=3
2025-12-18 12:38:09 | INFO     | Locked bookings sync complete. created=0 skipped=55
2025-12-18 12:53:09 | INFO     | Within active window (07:00-23:00). Running sync...
2025-12-18 12:53:09 | INFO     | Orders sync complete. created=0 payments=0 skipped=3
2025-12-18 12:53:09 | INFO     | Locked bookings sync complete. created=0 skipped=55
2025-12-18 13:08:09 | INFO     | Within active window (07:00-23:00). Running sync...
2025-12-18 13:08:09 | INFO     | Orders sync complete. created=0 payments=0 skipped=3
2025-12-18 13:08:09 | INFO     | Locked bookings sync complete. created=0 skipped=55
2025-12-18 13:23:09 | INFO     | Within active window (07:00-23:00). Running sync...
2025-12-18 13:23:09 | INFO     | Orders sync complete. created=0 payments=0 skipped=3
2025-12-18 13:23:09 | INFO     | Locked bookings sync complete. created=0 skipped=55
2025-12-18 13:38:09 | INFO     | Within active window (07:00-23:00). Running sync...
2025-12-18 13:38:09 | INFO     | Orders sync complete. created=0 payments=0 skipped=3
2025-12-18 13:38:09 | INFO     | Locked bookings sync complete. created=0 skipped=55
2025-12-18 13:53:09 | INFO     | Within active window (07:00-23:00). Running sync...
2025-12-18 13:53:09 | INFO     | Orders sync complete. created=0 payments=0 skipped=3
2025-12-18 13:53:10 | INFO     | Locked bookings sync complete. created=0 skipped=55
2025-12-18 17:56:53 | INFO     | Within active window (07:00-23:00). Running sync...
2025-12-18 17:56:53 | INFO     | Orders sync complete. created=0 payments=0 skipped=3
2025-12-18 17:56:53 | INFO     | Locked bookings sync complete. created=0 skipped=55
2025-12-18 18:11:54 | INFO     | Within active window (07:00-23:00). Running sync...
2025-12-18 18:11:54 | INFO     | Orders sync complete. created=0 payments=0 skipped=3
2025-12-18 18:11:54 | INFO     | Locked bookings sync complete. created=0 skipped=55
2025-12-18 18:26:54 | INFO     | Within active window (07:00-23:00). Running sync...
2025-12-18 18:26:54 | INFO     | Orders sync complete. created=0 payments=0 skipped=3
2025-12-18 18:26:54 | INFO     | Locked bookings sync complete. created=0 skipped=55
2025-12-18 18:41:54 | INFO     | Within active window (07:00-23:00). Running sync...
2025-12-18 18:41:54 | INFO     | Orders sync complete. created=0 payments=0 skipped=3
2025-12-18 18:41:54 | INFO     | Locked bookings sync complete. created=0 skipped=55
2025-12-18 18:56:54 | INFO     | Within active window (07:00-23:00). Running sync...
2025-12-18 18:56:54 | INFO     | Orders sync complete. created=0 payments=0 skipped=3
2025-12-18 18:56:54 | INFO     | Locked bookings sync complete. created=0 skipped=55
2025-12-18 19:11:54 | INFO     | Within active window (07:00-23:00). Running sync...
2025-12-18 19:11:54 | INFO     | Orders sync complete. created=0 payments=0 skipped=3
2025-12-18 19:11:55 | INFO     | Locked bookings sync complete. created=0 skipped=55
2025-12-18 19:26:55 | INFO     | Within active window (07:00-23:00). Running sync...
2025-12-18 19:26:55 | INFO     | Orders sync complete. created=0 payments=0 skipped=3
2025-12-18 19:26:55 | INFO     | Locked bookings sync complete. created=0 skipped=55
2025-12-18 19:41:55 | INFO     | Within active window (07:00-23:00). Running sync...
2025-12-18 19:41:55 | INFO     | Orders sync complete. created=0 payments=0 skipped=3
2025-12-18 19:41:55 | INFO     | Locked bookings sync complete. created=0 skipped=55
2025-12-18 19:56:55 | INFO     | Within active window (07:00-23:00). Running sync...
2025-12-18 19:56:55 | INFO     | Orders sync complete. created=0 payments=0 skipped=3
2025-12-18 19:56:55 | INFO     | Locked bookings sync complete. created=0 skipped=55
2025-12-18 20:11:55 | INFO     | Within active window (07:00-23:00). Running sync...
2025-12-18 20:11:55 | INFO     | Orders sync complete. created=0 payments=0 skipped=3
2025-12-18 20:11:55 | INFO     | Locked bookings sync complete. created=0 skipped=55
2025-12-18 20:26:55 | INFO     | Within active window (07:00-23:00). Running sync...
2025-12-18 20:26:55 | INFO     | Orders sync complete. created=0 payments=0 skipped=3
2025-12-18 20:26:55 | INFO     | Locked bookings sync complete. created=0 skipped=55
2025-12-18 20:41:55 | INFO     | Within active window (07:00-23:00). Running sync...
2025-12-18 20:41:55 | INFO     | Orders sync complete. created=0 payments=0 skipped=3
2025-12-18 20:41:55 | INFO     | Locked bookings sync complete. created=0 skipped=55
2025-12-18 20:56:55 | INFO     | Within active window (07:00-23:00). Running sync...
2025-12-18 20:56:55 | INFO     | Orders sync complete. created=0 payments=0 skipped=3
2025-12-18 20:56:55 | INFO     | Locked bookings sync complete. created=0 skipped=55
2025-12-18 21:11:55 | INFO     | Within active window (07:00-23:00). Running sync...
2025-12-18 21:11:55 | INFO     | Orders sync complete. created=0 payments=0 skipped=3
2025-12-18 21:11:55 | INFO     | Locked bookings sync complete. created=0 skipped=55
2025-12-18 21:26:55 | INFO     | Within active window (07:00-23:00). Running sync...
2025-12-18 21:26:55 | INFO     | Orders sync complete. created=0 payments=0 skipped=3
2025-12-18 21:26:55 | INFO     | Locked bookings sync complete. created=0 skipped=55
2025-12-18 21:41:55 | INFO     | Within active window (07:00-23:00). Running sync...
2025-12-18 21:41:55 | INFO     | Orders sync complete. created=0 payments=0 skipped=3
2025-12-18 21:41:55 | INFO     | Locked bookings sync complete. created=0 skipped=55
2025-12-18 21:56:55 | INFO     | Within active window (07:00-23:00). Running sync...
2025-12-18 21:56:55 | INFO     | Orders sync complete. created=0 payments=0 skipped=3
2025-12-18 21:56:55 | INFO     | Locked bookings sync complete. created=0 skipped=55
2025-12-18 22:11:55 | INFO     | Within active window (07:00-23:00). Running sync...
2025-12-18 22:11:55 | INFO     | Orders sync complete. created=0 payments=0 skipped=3
2025-12-18 22:11:55 | INFO     | Locked bookings sync complete. created=0 skipped=55
2025-12-18 22:26:55 | INFO     | Within active window (07:00-23:00). Running sync...
2025-12-18 22:26:55 | INFO     | Orders sync complete. created=0 payments=0 skipped=3
2025-12-18 22:26:55 | INFO     | Locked bookings sync complete. created=0 skipped=55
2025-12-18 22:41:55 | INFO     | Within active window (07:00-23:00). Running sync...
2025-12-18 22:41:55 | INFO     | Orders sync complete. created=0 payments=0 skipped=3
2025-12-18 22:41:55 | INFO     | Locked bookings sync complete. created=0 skipped=55
2025-12-18 22:56:55 | INFO     | Within active window (07:00-23:00). Running sync...
2025-12-18 22:56:55 | INFO     | Orders sync complete. created=0 payments=0 skipped=3
2025-12-18 22:56:56 | INFO     | Locked bookings sync complete. created=0 skipped=55
2025-12-18 23:11:56 | INFO     | Current time 23:11 outside window 07:00-23:00. Sleeping until window opens.
2025-12-18 23:26:56 | INFO     | Current time 23:26 outside window 07:00-23:00. Sleeping until window opens.
2025-12-18 23:41:56 | INFO     | Current time 23:41 outside window 07:00-23:00. Sleeping until window opens.
2025-12-18 23:56:56 | INFO     | Current time 23:56 outside window 07:00-23:00. Sleeping until window opens.
2025-12-19 00:11:56 | INFO     | Current time 00:11 outside window 07:00-23:00. Sleeping until window opens.
2025-12-19 01:30:32 | INFO     | Current time 01:30 outside window 07:00-23:00. Sleeping until window opens.
2025-12-19 06:44:53 | INFO     | Current time 06:44 outside window 07:00-23:00. Sleeping until window opens.
2025-12-19 07:51:21 | INFO     | Within active window (07:00-23:00). Running sync...
2025-12-19 07:51:21 | INFO     | Orders sync complete. created=0 payments=0 skipped=3
2025-12-19 07:51:21 | INFO     | Locked bookings sync complete. created=0 skipped=55
2025-12-19 08:18:56 | INFO     | Within active window (07:00-23:00). Running sync...
2025-12-19 08:18:56 | INFO     | Orders sync complete. created=0 payments=0 skipped=3
2025-12-19 08:18:56 | INFO     | Locked bookings sync complete. created=0 skipped=55
Traceback (most recent call last):
  File "/Users/mxchip/Documents/sport8-crawl/integrations/sport8_sync.py", line 547, in <module>
    main()
  File "/Users/mxchip/Documents/sport8-crawl/integrations/sport8_sync.py", line 542, in main
    time.sleep(args.interval)
KeyboardInterrupt
