[2025-11-20 15:01:15] ==========================================
[2025-11-20 15:01:15] 开始执行定时任务
[2025-11-20 15:01:15] ==========================================
[2025-11-20 15:01:15] 使用 Python: /Users/mxchip/Documents/sport8-crawl/venv-311/bin/python3
[2025-11-20 15:01:15] 激活虚拟环境: venv
[2025-11-20 15:01:15] 开始执行数据爬取任务...
[2025-11-20 15:01:15] 使用: auto_crawl_with_ocr.py
Traceback (most recent call last):
  File "/Users/mxchip/Documents/sport8-crawl/auto_crawl_with_ocr.py", line 247, in main
    tokens, driver = auto_login_with_ocr()
                     ^^^^^^^^^^^^^^^^^^^^^
  File "/Users/mxchip/Documents/sport8-crawl/auto_crawl_with_ocr.py", line 49, in auto_login_with_ocr
    driver.set_window_size(1200, 900)
    ^^^^^^
UnboundLocalError: cannot access local variable 'driver' where it is not associated with a value

======================================================================
                    🚀 一键自动爬虫（带验证码识别）                    
======================================================================
功能：
  1. 自动登录（自动识别验证码）✨ 新增
  2. 自动提取 tokens
  3. 自动爬取场地数据
  4. 自动爬取订单数据
  5. 自动保存 CSV
  6. 浏览器保持打开
======================================================================
======================================================================
步骤 1/3：自动登录（带验证码识别）
======================================================================
✓ 已加载 ddddocr 识别引擎

[1/5] 启动浏览器...

❌ 错误: cannot access local variable 'driver' where it is not associated with a value
[2025-11-20 15:01:22] ✓ 数据爬取成功
[2025-11-20 15:01:22] 开始执行数据同步任务...
[2025-11-20 15:01:22] 使用: integrations/sport8_sync.py (单次执行)
2025-11-20 15:01:23 | INFO     | Starting looped sync every 900 seconds
2025-11-20 15:01:23 | INFO     | Within active window (07:00-23:00). Running sync...
2025-11-20 15:01:23 | INFO     | Orders sync complete. created=0 payments=0 skipped=1
2025-11-20 15:01:23 | INFO     | Locked bookings sync complete. created=0 skipped=13
[2025-11-20 15:08:04] ==========================================
[2025-11-20 15:08:04] 开始执行定时任务
[2025-11-20 15:08:04] ==========================================
[2025-11-20 15:08:04] 使用 Python: /Users/mxchip/Documents/sport8-crawl/venv-311/bin/python3
[2025-11-20 15:08:04] 激活虚拟环境: venv
[2025-11-20 15:08:04] 开始执行数据爬取任务...
[2025-11-20 15:08:04] 使用: auto_crawl_with_ocr.py
Error sending stats to Plausible: error sending request for url (https://plausible.io/api/event)

======================================================================
                    🚀 一键自动爬虫（带验证码识别）                    
======================================================================
功能：
  1. 自动登录（自动识别验证码）✨ 新增
  2. 自动提取 tokens
  3. 自动爬取场地数据
  4. 自动爬取订单数据
  5. 自动保存 CSV
  6. 浏览器保持打开
======================================================================
======================================================================
步骤 1/3：自动登录（带验证码识别）
======================================================================
✓ 已加载 ddddocr 识别引擎

[1/5] 启动浏览器...
[2/5] 访问登录页...
[3/5] 填写登录信息...
  ✓ 已填写用户名: hehh
  ✓ 已填写密码: ********

[4/5] 自动识别验证码并登录...

  尝试 1/5:
    ✓ 识别结果: 7AVN
    ✓ 已填写验证码
    ✓ 已点击登录

  ✓✓✓ 登录成功！
  当前页面: https://stadium.sports8.com.cn/StadiumHelper/index/PageIndexServlet?optype=toIndex

[5/5] 提取 tokens...
  ✓ 成功提取 8 个 tokens
  ✓ 已保存到: login_tokens.json

======================================================================
步骤 2/3：爬取场地数据
======================================================================

✓ 场地数据爬取完成

======================================================================
步骤 3/3：爬取未来7天的预订记录
======================================================================

✓ 订单数据爬取完成

======================================================================
✓✓✓ 所有任务完成！
======================================================================

✓ 浏览器保持打开
提示：你可以继续在浏览器中查看数据
[2025-11-20 15:08:46] ✓ 数据爬取成功
[2025-11-20 15:08:46] 开始执行数据同步任务...
[2025-11-20 15:08:46] 使用: integrations/sport8_sync.py (单次执行)
2025-11-20 15:08:47 | INFO     | Starting looped sync every 900 seconds
2025-11-20 15:08:47 | INFO     | Within active window (07:00-23:00). Running sync...
2025-11-20 15:08:47 | INFO     | Orders sync complete. created=0 payments=0 skipped=1
2025-11-20 15:08:47 | INFO     | Locked bookings sync complete. created=0 skipped=13
2025-11-20 15:16:23 | INFO     | Within active window (07:00-23:00). Running sync...
2025-11-20 15:16:23 | INFO     | Orders sync complete. created=0 payments=0 skipped=1
2025-11-20 15:16:23 | INFO     | Locked bookings sync complete. created=0 skipped=13
Traceback (most recent call last):
  File "/Users/mxchip/Documents/sport8-crawl/integrations/sport8_sync.py", line 547, in <module>
    main()
  File "/Users/mxchip/Documents/sport8-crawl/integrations/sport8_sync.py", line 542, in main
    time.sleep(args.interval)
KeyboardInterrupt
[2025-11-20 15:16:52] ==========================================
[2025-11-20 15:16:52] 开始执行定时任务
[2025-11-20 15:16:52] ==========================================
[2025-11-20 15:16:52] 使用 Python: /Users/mxchip/Documents/sport8-crawl/venv-311/bin/python3
[2025-11-20 15:16:52] 激活虚拟环境: venv
[2025-11-20 15:16:52] 开始执行数据爬取任务...
[2025-11-20 15:16:52] 使用: auto_crawl_with_ocr.py

======================================================================
                    🚀 一键自动爬虫（带验证码识别）                    
======================================================================
功能：
  1. 自动登录（自动识别验证码）✨ 新增
  2. 自动提取 tokens
  3. 自动爬取场地数据
  4. 自动爬取订单数据
  5. 自动保存 CSV
  6. 浏览器保持打开
======================================================================
======================================================================
步骤 1/3：自动登录（带验证码识别）
======================================================================
✓ 已加载 ddddocr 识别引擎

[1/5] 启动浏览器...
[2/5] 访问登录页...
[3/5] 填写登录信息...
  ✓ 已填写用户名: hehh
  ✓ 已填写密码: ********

[4/5] 自动识别验证码并登录...

  尝试 1/5:
    ✓ 识别结果: 26EW
    ✓ 已填写验证码
    ✓ 已点击登录

  ✓✓✓ 登录成功！
  当前页面: https://stadium.sports8.com.cn/StadiumHelper/index/PageIndexServlet?optype=toIndex

[5/5] 提取 tokens...
  ✓ 成功提取 8 个 tokens
  ✓ 已保存到: login_tokens.json

======================================================================
步骤 2/3：爬取场地数据
======================================================================

验证 tokens...
✓ Tokens 有效！

爬取日期范围: 2025-11-20 到 2025-11-26
[1/7] 2025-11-20... ✓ 3 组场地
[2/7] 2025-11-21... ✓ 3 组场地
[3/7] 2025-11-22... ✓ 3 组场地
[4/7] 2025-11-23... ✓ 3 组场地
[5/7] 2025-11-24... ✓ 3 组场地
[6/7] 2025-11-25... ✓ 3 组场地
[7/7] 2025-11-26... ✓ 3 组场地

✓ 共获取 315 条场地时段，已保存到: data/exports/bookings-20251120.csv

======================================================================
步骤 3/3：爬取未来7天的预订记录
======================================================================
[1/7] 2025-11-20... ✓ 0 条订单
[2/7] 2025-11-21... ✓ 0 条订单
[3/7] 2025-11-22... ✓ 0 条订单
[4/7] 2025-11-23... ✓ 0 条订单
[5/7] 2025-11-24... ✓ 0 条订单
[6/7] 2025-11-25... ✓ 0 条订单
[7/7] 2025-11-26... ✓ 0 条订单

❌ 未获取到任何订单数据

⚠️  订单数据爬取失败

======================================================================
✓✓✓ 所有任务完成！
======================================================================

✓ 浏览器保持打开
提示：你可以继续在浏览器中查看数据
[2025-11-20 15:17:25] ✓ 数据爬取成功
[2025-11-20 15:17:25] 开始执行数据同步任务...
[2025-11-20 15:17:25] 使用: integrations/sport8_sync.py (单次执行)
2025-11-20 15:17:26 | INFO     | Starting looped sync every 900 seconds
2025-11-20 15:17:26 | INFO     | Within active window (07:00-23:00). Running sync...
2025-11-20 15:17:26 | INFO     | Orders sync complete. created=0 payments=0 skipped=1
2025-11-20 15:17:26 | INFO     | Logging in as superadmin
2025-11-20 15:17:26 | INFO     | Login successful, token acquired.
2025-11-20 15:17:27 | INFO     | Locked bookings sync complete. created=5 skipped=13
2025-11-20 15:47:18 | INFO     | Within active window (07:00-23:00). Running sync...
2025-11-20 15:47:18 | INFO     | Orders sync complete. created=0 payments=0 skipped=1
2025-11-20 15:47:18 | INFO     | Locked bookings sync complete. created=0 skipped=18
2025-11-20 15:48:22 | INFO     | Within active window (07:00-23:00). Running sync...
2025-11-20 15:48:22 | INFO     | Orders sync complete. created=0 payments=0 skipped=1
2025-11-20 15:48:22 | INFO     | Locked bookings sync complete. created=0 skipped=18
2025-11-20 16:02:18 | INFO     | Within active window (07:00-23:00). Running sync...
2025-11-20 16:02:18 | INFO     | Orders sync complete. created=0 payments=0 skipped=1
2025-11-20 16:02:18 | INFO     | Locked bookings sync complete. created=0 skipped=18
2025-11-20 16:03:22 | INFO     | Within active window (07:00-23:00). Running sync...
2025-11-20 16:03:22 | INFO     | Orders sync complete. created=0 payments=0 skipped=1
2025-11-20 16:03:22 | INFO     | Locked bookings sync complete. created=0 skipped=18
2025-11-20 16:17:20 | INFO     | Within active window (07:00-23:00). Running sync...
2025-11-20 16:17:20 | INFO     | Orders sync complete. created=0 payments=0 skipped=1
2025-11-20 16:17:20 | INFO     | Locked bookings sync complete. created=0 skipped=18
2025-11-20 16:18:24 | INFO     | Within active window (07:00-23:00). Running sync...
2025-11-20 16:18:24 | INFO     | Orders sync complete. created=0 payments=0 skipped=1
2025-11-20 16:18:24 | INFO     | Locked bookings sync complete. created=0 skipped=18
2025-11-20 16:32:20 | INFO     | Within active window (07:00-23:00). Running sync...
2025-11-20 16:32:20 | INFO     | Orders sync complete. created=0 payments=0 skipped=1
2025-11-20 16:32:20 | INFO     | Locked bookings sync complete. created=0 skipped=18
2025-11-20 16:33:24 | INFO     | Within active window (07:00-23:00). Running sync...
2025-11-20 16:33:24 | INFO     | Orders sync complete. created=0 payments=0 skipped=1
2025-11-20 16:33:24 | INFO     | Locked bookings sync complete. created=0 skipped=18
Traceback (most recent call last):
  File "/Users/mxchip/Documents/sport8-crawl/integrations/sport8_sync.py", line 547, in <module>
    main()
  File "/Users/mxchip/Documents/sport8-crawl/integrations/sport8_sync.py", line 542, in main
    time.sleep(args.interval)
KeyboardInterrupt
[2025-11-20 16:43:20] ==========================================
[2025-11-20 16:43:20] 开始执行定时任务
[2025-11-20 16:43:20] ==========================================
[2025-11-20 16:43:20] 使用 Python: /Users/mxchip/Documents/sport8-crawl/venv-311/bin/python3
[2025-11-20 16:43:20] 激活虚拟环境: venv
[2025-11-20 16:43:20] 开始执行数据爬取任务...
[2025-11-20 16:43:20] 使用: auto_crawl_with_ocr.py
There was an error managing chromedriver (error decoding response body); using driver found in the cache
Error sending stats to Plausible: error sending request for url (https://plausible.io/api/event)
Traceback (most recent call last):
  File "/Users/mxchip/Documents/sport8-crawl/integrations/sport8_sync.py", line 547, in <module>
    main()
  File "/Users/mxchip/Documents/sport8-crawl/integrations/sport8_sync.py", line 542, in main
    time.sleep(args.interval)
KeyboardInterrupt

======================================================================
                    🚀 一键自动爬虫（带验证码识别）                    
======================================================================
功能：
  1. 自动登录（自动识别验证码）✨ 新增
  2. 自动提取 tokens
  3. 自动爬取场地数据
  4. 自动爬取订单数据
  5. 自动保存 CSV
  6. 浏览器保持打开
======================================================================
======================================================================
步骤 1/3：自动登录（带验证码识别）
======================================================================
✓ 已加载 ddddocr 识别引擎

[1/5] 启动浏览器...
[2/5] 访问登录页...
[3/5] 填写登录信息...
  ✓ 已填写用户名: hehh
  ✓ 已填写密码: ********

[4/5] 自动识别验证码并登录...

  尝试 1/5:
    ✓ 识别结果: FRH2
    ✓ 已填写验证码
    ✓ 已点击登录

  ✓✓✓ 登录成功！
  当前页面: https://stadium.sports8.com.cn/StadiumHelper/index/PageIndexServlet?optype=toIndex

[5/5] 提取 tokens...
  ✓ 成功提取 8 个 tokens
  ✓ 已保存到: login_tokens.json

======================================================================
步骤 2/3：爬取场地数据
======================================================================

验证 tokens...
✓ Tokens 有效！

爬取日期范围: 2025-11-20 到 2025-11-26
[1/7] 2025-11-20... ✓ 3 组场地
[2/7] 2025-11-21... ✓ 3 组场地
[3/7] 2025-11-22... ✓ 3 组场地
[4/7] 2025-11-23... ✓ 3 组场地
[5/7] 2025-11-24... ✓ 3 组场地
[6/7] 2025-11-25... ✓ 3 组场地
[7/7] 2025-11-26... ✓ 3 组场地

✓ 共获取 315 条场地时段，已保存到: data/exports/bookings-20251120.csv

======================================================================
步骤 3/3：爬取未来7天的预订记录
======================================================================
[1/7] 2025-11-20... ✓ 0 条订单
[2/7] 2025-11-21... ✓ 0 条订单
[3/7] 2025-11-22... ✓ 0 条订单
[4/7] 2025-11-23... ✓ 0 条订单
[5/7] 2025-11-24... ✓ 0 条订单
[6/7] 2025-11-25... ✓ 0 条订单
[7/7] 2025-11-26... ✓ 0 条订单

❌ 未获取到任何订单数据

⚠️  订单数据爬取失败

======================================================================
✓✓✓ 所有任务完成！
======================================================================

✓ 浏览器保持打开
提示：你可以继续在浏览器中查看数据
[2025-11-20 16:44:02] ✓ 数据爬取成功
[2025-11-20 16:44:02] 开始执行数据同步任务...
[2025-11-20 16:44:02] 使用: integrations/sport8_sync.py (单次执行)
2025-11-20 16:44:03 | INFO     | Starting looped sync every 900 seconds
2025-11-20 16:44:03 | INFO     | Within active window (07:00-23:00). Running sync...
2025-11-20 16:44:03 | INFO     | Orders sync complete. created=0 payments=0 skipped=1
2025-11-20 16:44:03 | INFO     | Logging in as superadmin
2025-11-20 16:44:04 | INFO     | Login successful, token acquired.
2025-11-20 16:44:04 | INFO     | Locked bookings sync complete. created=2 skipped=18
2025-11-20 16:59:04 | INFO     | Within active window (07:00-23:00). Running sync...
2025-11-20 16:59:04 | INFO     | Orders sync complete. created=0 payments=0 skipped=1
2025-11-20 16:59:04 | INFO     | Locked bookings sync complete. created=0 skipped=20
2025-11-20 17:14:04 | INFO     | Within active window (07:00-23:00). Running sync...
2025-11-20 17:14:04 | INFO     | Orders sync complete. created=0 payments=0 skipped=1
2025-11-20 17:14:04 | INFO     | Locked bookings sync complete. created=0 skipped=20
2025-11-20 17:29:04 | INFO     | Within active window (07:00-23:00). Running sync...
2025-11-20 17:29:04 | INFO     | Orders sync complete. created=0 payments=0 skipped=1
2025-11-20 17:29:04 | INFO     | Locked bookings sync complete. created=0 skipped=20
2025-11-20 17:44:04 | INFO     | Within active window (07:00-23:00). Running sync...
2025-11-20 17:44:04 | INFO     | Orders sync complete. created=0 payments=0 skipped=1
2025-11-20 17:44:04 | INFO     | Locked bookings sync complete. created=0 skipped=20
2025-11-20 17:59:04 | INFO     | Within active window (07:00-23:00). Running sync...
2025-11-20 17:59:04 | INFO     | Orders sync complete. created=0 payments=0 skipped=1
2025-11-20 17:59:04 | INFO     | Locked bookings sync complete. created=0 skipped=20
2025-11-20 18:14:38 | INFO     | Within active window (07:00-23:00). Running sync...
2025-11-20 18:14:38 | INFO     | Orders sync complete. created=0 payments=0 skipped=1
2025-11-20 18:14:38 | INFO     | Locked bookings sync complete. created=0 skipped=20
2025-11-20 18:41:50 | INFO     | Within active window (07:00-23:00). Running sync...
2025-11-20 18:41:50 | INFO     | Orders sync complete. created=0 payments=0 skipped=1
2025-11-20 18:41:50 | INFO     | Locked bookings sync complete. created=0 skipped=20
2025-11-20 19:02:58 | INFO     | Within active window (07:00-23:00). Running sync...
2025-11-20 19:02:58 | INFO     | Orders sync complete. created=0 payments=0 skipped=1
2025-11-20 19:02:58 | INFO     | Locked bookings sync complete. created=0 skipped=20
2025-11-20 20:22:19 | INFO     | Within active window (07:00-23:00). Running sync...
2025-11-20 20:22:19 | INFO     | Orders sync complete. created=0 payments=0 skipped=1
2025-11-20 20:22:19 | INFO     | Locked bookings sync complete. created=0 skipped=20
2025-11-20 20:37:20 | INFO     | Within active window (07:00-23:00). Running sync...
2025-11-20 20:37:20 | INFO     | Orders sync complete. created=0 payments=0 skipped=1
2025-11-20 20:37:20 | INFO     | Locked bookings sync complete. created=0 skipped=20
2025-11-20 20:52:20 | INFO     | Within active window (07:00-23:00). Running sync...
2025-11-20 20:52:20 | INFO     | Orders sync complete. created=0 payments=0 skipped=1
2025-11-20 20:52:20 | INFO     | Locked bookings sync complete. created=0 skipped=20
2025-11-20 21:07:20 | INFO     | Within active window (07:00-23:00). Running sync...
2025-11-20 21:07:20 | INFO     | Orders sync complete. created=0 payments=0 skipped=1
2025-11-20 21:07:20 | INFO     | Locked bookings sync complete. created=0 skipped=20
2025-11-20 21:22:20 | INFO     | Within active window (07:00-23:00). Running sync...
2025-11-20 21:22:20 | INFO     | Orders sync complete. created=0 payments=0 skipped=1
2025-11-20 21:22:20 | INFO     | Locked bookings sync complete. created=0 skipped=20
2025-11-20 21:37:20 | INFO     | Within active window (07:00-23:00). Running sync...
2025-11-20 21:37:20 | INFO     | Orders sync complete. created=0 payments=0 skipped=1
2025-11-20 21:37:20 | INFO     | Locked bookings sync complete. created=0 skipped=20
2025-11-20 21:52:20 | INFO     | Within active window (07:00-23:00). Running sync...
2025-11-20 21:52:20 | INFO     | Orders sync complete. created=0 payments=0 skipped=1
2025-11-20 21:52:20 | INFO     | Locked bookings sync complete. created=0 skipped=20
2025-11-20 22:07:20 | INFO     | Within active window (07:00-23:00). Running sync...
2025-11-20 22:07:20 | INFO     | Orders sync complete. created=0 payments=0 skipped=1
2025-11-20 22:07:20 | INFO     | Locked bookings sync complete. created=0 skipped=20
2025-11-20 22:22:20 | INFO     | Within active window (07:00-23:00). Running sync...
2025-11-20 22:22:20 | INFO     | Orders sync complete. created=0 payments=0 skipped=1
2025-11-20 22:22:20 | INFO     | Locked bookings sync complete. created=0 skipped=20
2025-11-20 22:37:20 | INFO     | Within active window (07:00-23:00). Running sync...
2025-11-20 22:37:20 | INFO     | Orders sync complete. created=0 payments=0 skipped=1
2025-11-20 22:37:20 | INFO     | Locked bookings sync complete. created=0 skipped=20
2025-11-20 22:52:20 | INFO     | Within active window (07:00-23:00). Running sync...
2025-11-20 22:52:20 | INFO     | Orders sync complete. created=0 payments=0 skipped=1
2025-11-20 22:52:20 | INFO     | Locked bookings sync complete. created=0 skipped=20
2025-11-20 23:07:20 | INFO     | Current time 23:07 outside window 07:00-23:00. Sleeping until window opens.
2025-11-20 23:22:20 | INFO     | Current time 23:22 outside window 07:00-23:00. Sleeping until window opens.
2025-11-20 23:37:20 | INFO     | Current time 23:37 outside window 07:00-23:00. Sleeping until window opens.
2025-11-20 23:52:20 | INFO     | Current time 23:52 outside window 07:00-23:00. Sleeping until window opens.
2025-11-21 00:07:21 | INFO     | Current time 00:07 outside window 07:00-23:00. Sleeping until window opens.
2025-11-21 00:22:21 | INFO     | Current time 00:22 outside window 07:00-23:00. Sleeping until window opens.
2025-11-21 08:20:12 | INFO     | Within active window (07:00-23:00). Running sync...
2025-11-21 08:20:12 | INFO     | Orders sync complete. created=0 payments=0 skipped=1
2025-11-21 08:20:12 | INFO     | Locked bookings sync complete. created=0 skipped=20
2025-11-21 08:35:12 | INFO     | Within active window (07:00-23:00). Running sync...
2025-11-21 08:35:12 | INFO     | Orders sync complete. created=0 payments=0 skipped=1
2025-11-21 08:35:12 | INFO     | Locked bookings sync complete. created=0 skipped=20
2025-11-21 08:50:13 | INFO     | Within active window (07:00-23:00). Running sync...
2025-11-21 08:50:13 | INFO     | Orders sync complete. created=0 payments=0 skipped=1
2025-11-21 08:50:13 | INFO     | Locked bookings sync complete. created=0 skipped=20
2025-11-21 09:05:13 | INFO     | Within active window (07:00-23:00). Running sync...
2025-11-21 09:05:13 | INFO     | Orders sync complete. created=0 payments=0 skipped=1
2025-11-21 09:05:13 | INFO     | Locked bookings sync complete. created=0 skipped=20
Traceback (most recent call last):
  File "/Users/mxchip/Documents/sport8-crawl/integrations/sport8_sync.py", line 547, in <module>
    main()
  File "/Users/mxchip/Documents/sport8-crawl/integrations/sport8_sync.py", line 542, in main
    time.sleep(args.interval)
KeyboardInterrupt
