[2025-12-02 08:35:01] ==========================================
[2025-12-02 08:35:01] 开始执行定时任务
[2025-12-02 08:35:01] ==========================================
[2025-12-02 08:35:01] 使用 Python: /Users/mxchip/Documents/sport8-crawl/venv-311/bin/python3
[2025-12-02 08:35:01] 激活虚拟环境: venv
[2025-12-02 08:35:01] 开始执行数据爬取任务...
[2025-12-02 08:35:01] 使用: auto_crawl_with_ocr.py
There was an error managing chromedriver (error decoding response body); using driver found in the cache

======================================================================
                    🚀 一键自动爬虫（带验证码识别）                    
======================================================================
功能：
  1. 自动登录（自动识别验证码）✨ 新增
  2. 自动提取 tokens
  3. 自动爬取场地数据
  4. 自动爬取订单数据
  5. 自动保存 CSV
  6. 浏览器保持打开
======================================================================
======================================================================
步骤 1/3：自动登录（带验证码识别）
======================================================================
✓ 已加载 ddddocr 识别引擎

[1/5] 启动浏览器...
[2/5] 访问登录页...
[3/5] 填写登录信息...
  ✓ 已填写用户名: hehh
  ✓ 已填写密码: ********

[4/5] 自动识别验证码并登录...

  尝试 1/5:
    ✓ 识别结果: KLC5
    ✓ 已填写验证码
    ✓ 已点击登录

  ✓✓✓ 登录成功！
  当前页面: https://stadium.sports8.com.cn/StadiumHelper/index/PageIndexServlet?optype=toIndex

[5/5] 提取 tokens...
  ✓ 成功提取 8 个 tokens
  ✓ 已保存到: login_tokens.json

======================================================================
步骤 2/3：爬取场地数据
======================================================================

验证 tokens...
✓ Tokens 有效！

爬取日期范围: 2025-12-02 到 2025-12-08
[1/7] 2025-12-02... ✓ 3 组场地
[2/7] 2025-12-03... ✓ 3 组场地
[3/7] 2025-12-04... ✓ 3 组场地
[4/7] 2025-12-05... ✓ 3 组场地
[5/7] 2025-12-06... ✓ 3 组场地
[6/7] 2025-12-07... ✓ 3 组场地
[7/7] 2025-12-08... ✓ 3 组场地

✓ 共获取 315 条场地时段，已保存到: data/exports/bookings-20251202.csv

======================================================================
步骤 3/3：爬取未来7天的预订记录
======================================================================
[1/7] 2025-12-02... ✓ 0 条订单
[2/7] 2025-12-03... ✓ 1 条订单
[3/7] 2025-12-04... ✓ 0 条订单
[4/7] 2025-12-05... ✓ 0 条订单
[5/7] 2025-12-06... ✓ 0 条订单
[6/7] 2025-12-07... ✓ 0 条订单
[7/7] 2025-12-08... ✓ 0 条订单

✓ 共获取 1 条订单记录，已保存到: data/exports/orders-future-20251202-to-20251208.csv

======================================================================
✓✓✓ 所有任务完成！
======================================================================

✓ 浏览器保持打开
提示：你可以继续在浏览器中查看数据
[2025-12-02 08:40:37] ✓ 数据爬取成功
[2025-12-02 08:40:37] 开始执行数据同步任务...
[2025-12-02 08:40:37] 使用: integrations/sport8_sync.py (单次执行)
2025-12-02 08:40:37 | INFO     | Starting looped sync every 900 seconds
2025-12-02 08:40:37 | INFO     | Within active window (07:00-23:00). Running sync...
2025-12-02 08:40:37 | INFO     | Logging in as superadmin
2025-12-02 08:40:38 | INFO     | Login successful, token acquired.
2025-12-02 08:40:38 | ERROR    | Sync iteration failed: 404 Client Error: Not Found for url: https://51alljoin.cn/api/v1/payments/
Traceback (most recent call last):
  File "/Users/mxchip/Documents/sport8-crawl/integrations/sport8_sync.py", line 532, in main
    run_once(args, client)
  File "/Users/mxchip/Documents/sport8-crawl/integrations/sport8_sync.py", line 499, in run_once
    order_stats = sync_orders(args, client, state)
                  ^^^^^^^^^^^^^^^^^^^^^^^^^^^^^^^^
  File "/Users/mxchip/Documents/sport8-crawl/integrations/sport8_sync.py", line 332, in sync_orders
    payment_resp = client.create_payment(payment_payload)
                   ^^^^^^^^^^^^^^^^^^^^^^^^^^^^^^^^^^^^^^
  File "/Users/mxchip/Documents/sport8-crawl/integrations/sport8_sync.py", line 136, in create_payment
    return self._request("POST", "/payments", json=payload)
           ^^^^^^^^^^^^^^^^^^^^^^^^^^^^^^^^^^^^^^^^^^^^^^^^
  File "/Users/mxchip/Documents/sport8-crawl/integrations/sport8_sync.py", line 117, in _request
    resp.raise_for_status()
  File "/Users/mxchip/Documents/sport8-crawl/venv-311/lib/python3.11/site-packages/requests/models.py", line 1026, in raise_for_status
    raise HTTPError(http_error_msg, response=self)
requests.exceptions.HTTPError: 404 Client Error: Not Found for url: https://51alljoin.cn/api/v1/payments/
2025-12-02 08:55:38 | INFO     | Within active window (07:00-23:00). Running sync...
2025-12-02 08:55:39 | WARNING  | Order T2512012001433962289762 skipped: slot already booked (POST /bookings/with-datetime failed: {'code': 3001, 'message': '该时间段已被预约', 'data': None})
2025-12-02 08:55:39 | INFO     | Orders sync complete. created=0 payments=0 skipped=2
2025-12-02 08:55:39 | WARNING  | Locked slot 2025-12-03::21::19 skipped: already booked (POST /bookings/with-datetime failed: {'code': 3001, 'message': '该时间段已被预约', 'data': None})
2025-12-02 08:55:39 | INFO     | Locked bookings sync complete. created=3 skipped=33
2025-12-02 09:10:39 | INFO     | Within active window (07:00-23:00). Running sync...
2025-12-02 09:10:39 | INFO     | Orders sync complete. created=0 payments=0 skipped=2
2025-12-02 09:10:39 | INFO     | Locked bookings sync complete. created=0 skipped=36
2025-12-02 09:25:39 | INFO     | Within active window (07:00-23:00). Running sync...
2025-12-02 09:25:39 | INFO     | Orders sync complete. created=0 payments=0 skipped=2
2025-12-02 09:25:39 | INFO     | Locked bookings sync complete. created=0 skipped=36
2025-12-02 09:40:39 | INFO     | Within active window (07:00-23:00). Running sync...
2025-12-02 09:40:39 | INFO     | Orders sync complete. created=0 payments=0 skipped=2
2025-12-02 09:40:39 | INFO     | Locked bookings sync complete. created=0 skipped=36
2025-12-02 09:55:39 | INFO     | Within active window (07:00-23:00). Running sync...
2025-12-02 09:55:39 | INFO     | Orders sync complete. created=0 payments=0 skipped=2
2025-12-02 09:55:39 | INFO     | Locked bookings sync complete. created=0 skipped=36
2025-12-02 10:10:39 | INFO     | Within active window (07:00-23:00). Running sync...
2025-12-02 10:10:39 | INFO     | Orders sync complete. created=0 payments=0 skipped=2
2025-12-02 10:10:39 | INFO     | Locked bookings sync complete. created=0 skipped=36
2025-12-02 10:25:39 | INFO     | Within active window (07:00-23:00). Running sync...
2025-12-02 10:25:39 | INFO     | Orders sync complete. created=0 payments=0 skipped=2
2025-12-02 10:25:39 | INFO     | Locked bookings sync complete. created=0 skipped=36
2025-12-02 10:40:39 | INFO     | Within active window (07:00-23:00). Running sync...
2025-12-02 10:40:39 | INFO     | Orders sync complete. created=0 payments=0 skipped=2
2025-12-02 10:40:39 | INFO     | Locked bookings sync complete. created=0 skipped=36
2025-12-02 10:55:39 | INFO     | Within active window (07:00-23:00). Running sync...
2025-12-02 10:55:39 | INFO     | Orders sync complete. created=0 payments=0 skipped=2
2025-12-02 10:55:39 | INFO     | Locked bookings sync complete. created=0 skipped=36
2025-12-02 11:10:39 | INFO     | Within active window (07:00-23:00). Running sync...
2025-12-02 11:10:39 | INFO     | Orders sync complete. created=0 payments=0 skipped=2
2025-12-02 11:10:39 | INFO     | Locked bookings sync complete. created=0 skipped=36
2025-12-02 11:25:39 | INFO     | Within active window (07:00-23:00). Running sync...
2025-12-02 11:25:39 | INFO     | Orders sync complete. created=0 payments=0 skipped=2
2025-12-02 11:25:39 | INFO     | Locked bookings sync complete. created=0 skipped=36
2025-12-02 11:40:39 | INFO     | Within active window (07:00-23:00). Running sync...
2025-12-02 11:40:39 | INFO     | Orders sync complete. created=0 payments=0 skipped=2
2025-12-02 11:40:39 | INFO     | Locked bookings sync complete. created=0 skipped=36
2025-12-02 11:55:39 | INFO     | Within active window (07:00-23:00). Running sync...
2025-12-02 11:55:39 | INFO     | Orders sync complete. created=0 payments=0 skipped=2
2025-12-02 11:55:39 | INFO     | Locked bookings sync complete. created=0 skipped=36
2025-12-02 12:10:39 | INFO     | Within active window (07:00-23:00). Running sync...
2025-12-02 12:10:39 | INFO     | Orders sync complete. created=0 payments=0 skipped=2
2025-12-02 12:10:39 | INFO     | Locked bookings sync complete. created=0 skipped=36
2025-12-02 12:25:39 | INFO     | Within active window (07:00-23:00). Running sync...
2025-12-02 12:25:39 | INFO     | Orders sync complete. created=0 payments=0 skipped=2
2025-12-02 12:25:39 | INFO     | Locked bookings sync complete. created=0 skipped=36
2025-12-02 12:40:39 | INFO     | Within active window (07:00-23:00). Running sync...
2025-12-02 12:40:39 | INFO     | Orders sync complete. created=0 payments=0 skipped=2
2025-12-02 12:40:39 | INFO     | Locked bookings sync complete. created=0 skipped=36
2025-12-02 12:55:39 | INFO     | Within active window (07:00-23:00). Running sync...
2025-12-02 12:55:39 | INFO     | Orders sync complete. created=0 payments=0 skipped=2
2025-12-02 12:55:39 | INFO     | Locked bookings sync complete. created=0 skipped=36
2025-12-02 13:10:40 | INFO     | Within active window (07:00-23:00). Running sync...
2025-12-02 13:10:40 | INFO     | Orders sync complete. created=0 payments=0 skipped=2
2025-12-02 13:10:40 | INFO     | Locked bookings sync complete. created=0 skipped=36
2025-12-02 13:25:40 | INFO     | Within active window (07:00-23:00). Running sync...
2025-12-02 13:25:40 | INFO     | Orders sync complete. created=0 payments=0 skipped=2
2025-12-02 13:25:40 | INFO     | Locked bookings sync complete. created=0 skipped=36
2025-12-02 13:40:40 | INFO     | Within active window (07:00-23:00). Running sync...
2025-12-02 13:40:40 | INFO     | Orders sync complete. created=0 payments=0 skipped=2
2025-12-02 13:40:40 | INFO     | Locked bookings sync complete. created=0 skipped=36
2025-12-02 13:55:40 | INFO     | Within active window (07:00-23:00). Running sync...
2025-12-02 13:55:40 | INFO     | Orders sync complete. created=0 payments=0 skipped=2
2025-12-02 13:55:40 | INFO     | Locked bookings sync complete. created=0 skipped=36
2025-12-02 14:10:40 | INFO     | Within active window (07:00-23:00). Running sync...
2025-12-02 14:10:40 | INFO     | Orders sync complete. created=0 payments=0 skipped=2
2025-12-02 14:10:40 | INFO     | Locked bookings sync complete. created=0 skipped=36
2025-12-02 14:25:40 | INFO     | Within active window (07:00-23:00). Running sync...
2025-12-02 14:25:40 | INFO     | Orders sync complete. created=0 payments=0 skipped=2
2025-12-02 14:25:40 | INFO     | Locked bookings sync complete. created=0 skipped=36
2025-12-02 14:40:40 | INFO     | Within active window (07:00-23:00). Running sync...
2025-12-02 14:40:40 | INFO     | Orders sync complete. created=0 payments=0 skipped=2
2025-12-02 14:40:40 | INFO     | Locked bookings sync complete. created=0 skipped=36
2025-12-02 14:55:40 | INFO     | Within active window (07:00-23:00). Running sync...
2025-12-02 14:55:40 | INFO     | Orders sync complete. created=0 payments=0 skipped=2
2025-12-02 14:55:40 | INFO     | Locked bookings sync complete. created=0 skipped=36
2025-12-02 15:10:40 | INFO     | Within active window (07:00-23:00). Running sync...
2025-12-02 15:10:40 | INFO     | Orders sync complete. created=0 payments=0 skipped=2
2025-12-02 15:10:40 | INFO     | Locked bookings sync complete. created=0 skipped=36
2025-12-02 15:25:40 | INFO     | Within active window (07:00-23:00). Running sync...
2025-12-02 15:25:40 | INFO     | Orders sync complete. created=0 payments=0 skipped=2
2025-12-02 15:25:40 | INFO     | Locked bookings sync complete. created=0 skipped=36
2025-12-02 15:40:40 | INFO     | Within active window (07:00-23:00). Running sync...
2025-12-02 15:40:40 | INFO     | Orders sync complete. created=0 payments=0 skipped=2
2025-12-02 15:40:40 | INFO     | Locked bookings sync complete. created=0 skipped=36
2025-12-02 15:55:40 | INFO     | Within active window (07:00-23:00). Running sync...
2025-12-02 15:55:40 | INFO     | Orders sync complete. created=0 payments=0 skipped=2
2025-12-02 15:55:40 | INFO     | Locked bookings sync complete. created=0 skipped=36
2025-12-02 16:10:40 | INFO     | Within active window (07:00-23:00). Running sync...
2025-12-02 16:10:40 | INFO     | Orders sync complete. created=0 payments=0 skipped=2
2025-12-02 16:10:40 | INFO     | Locked bookings sync complete. created=0 skipped=36
2025-12-02 16:25:40 | INFO     | Within active window (07:00-23:00). Running sync...
2025-12-02 16:25:40 | INFO     | Orders sync complete. created=0 payments=0 skipped=2
2025-12-02 16:25:40 | INFO     | Locked bookings sync complete. created=0 skipped=36
2025-12-02 16:40:40 | INFO     | Within active window (07:00-23:00). Running sync...
2025-12-02 16:40:40 | INFO     | Orders sync complete. created=0 payments=0 skipped=2
2025-12-02 16:40:40 | INFO     | Locked bookings sync complete. created=0 skipped=36
2025-12-02 16:55:40 | INFO     | Within active window (07:00-23:00). Running sync...
2025-12-02 16:55:40 | INFO     | Orders sync complete. created=0 payments=0 skipped=2
2025-12-02 16:55:40 | INFO     | Locked bookings sync complete. created=0 skipped=36
2025-12-02 17:10:40 | INFO     | Within active window (07:00-23:00). Running sync...
2025-12-02 17:10:40 | INFO     | Orders sync complete. created=0 payments=0 skipped=2
2025-12-02 17:10:40 | INFO     | Locked bookings sync complete. created=0 skipped=36
2025-12-02 17:25:40 | INFO     | Within active window (07:00-23:00). Running sync...
2025-12-02 17:25:40 | INFO     | Orders sync complete. created=0 payments=0 skipped=2
2025-12-02 17:25:40 | INFO     | Locked bookings sync complete. created=0 skipped=36
2025-12-02 17:40:40 | INFO     | Within active window (07:00-23:00). Running sync...
2025-12-02 17:40:40 | INFO     | Orders sync complete. created=0 payments=0 skipped=2
2025-12-02 17:40:40 | INFO     | Locked bookings sync complete. created=0 skipped=36
2025-12-02 22:26:18 | INFO     | Within active window (07:00-23:00). Running sync...
2025-12-02 22:26:18 | INFO     | Orders sync complete. created=0 payments=0 skipped=2
2025-12-02 22:26:18 | INFO     | Locked bookings sync complete. created=0 skipped=36
2025-12-02 22:41:18 | INFO     | Within active window (07:00-23:00). Running sync...
2025-12-02 22:41:18 | INFO     | Orders sync complete. created=0 payments=0 skipped=2
2025-12-02 22:41:18 | INFO     | Locked bookings sync complete. created=0 skipped=36
2025-12-02 22:56:18 | INFO     | Within active window (07:00-23:00). Running sync...
2025-12-02 22:56:18 | INFO     | Orders sync complete. created=0 payments=0 skipped=2
2025-12-02 22:56:18 | INFO     | Locked bookings sync complete. created=0 skipped=36
2025-12-02 23:11:18 | INFO     | Current time 23:11 outside window 07:00-23:00. Sleeping until window opens.
2025-12-02 23:26:18 | INFO     | Current time 23:26 outside window 07:00-23:00. Sleeping until window opens.
2025-12-02 23:41:18 | INFO     | Current time 23:41 outside window 07:00-23:00. Sleeping until window opens.
2025-12-02 23:56:18 | INFO     | Current time 23:56 outside window 07:00-23:00. Sleeping until window opens.
2025-12-03 02:10:46 | INFO     | Current time 02:10 outside window 07:00-23:00. Sleeping until window opens.
2025-12-03 09:00:35 | INFO     | Within active window (07:00-23:00). Running sync...
2025-12-03 09:00:35 | INFO     | Orders sync complete. created=0 payments=0 skipped=2
2025-12-03 09:00:35 | INFO     | Locked bookings sync complete. created=0 skipped=36
2025-12-03 09:15:35 | INFO     | Within active window (07:00-23:00). Running sync...
2025-12-03 09:15:35 | INFO     | Orders sync complete. created=0 payments=0 skipped=2
2025-12-03 09:15:35 | INFO     | Locked bookings sync complete. created=0 skipped=36
2025-12-03 09:30:35 | INFO     | Within active window (07:00-23:00). Running sync...
2025-12-03 09:30:35 | INFO     | Orders sync complete. created=0 payments=0 skipped=2
2025-12-03 09:30:35 | INFO     | Locked bookings sync complete. created=0 skipped=36
2025-12-03 09:45:35 | INFO     | Within active window (07:00-23:00). Running sync...
2025-12-03 09:45:35 | INFO     | Orders sync complete. created=0 payments=0 skipped=2
2025-12-03 09:45:35 | INFO     | Locked bookings sync complete. created=0 skipped=36
2025-12-03 10:00:35 | INFO     | Within active window (07:00-23:00). Running sync...
2025-12-03 10:00:35 | INFO     | Orders sync complete. created=0 payments=0 skipped=2
2025-12-03 10:00:35 | INFO     | Locked bookings sync complete. created=0 skipped=36
2025-12-03 10:15:35 | INFO     | Within active window (07:00-23:00). Running sync...
2025-12-03 10:15:35 | INFO     | Orders sync complete. created=0 payments=0 skipped=2
2025-12-03 10:15:35 | INFO     | Locked bookings sync complete. created=0 skipped=36
2025-12-03 10:30:35 | INFO     | Within active window (07:00-23:00). Running sync...
2025-12-03 10:30:35 | INFO     | Orders sync complete. created=0 payments=0 skipped=2
2025-12-03 10:30:35 | INFO     | Locked bookings sync complete. created=0 skipped=36
2025-12-03 10:45:35 | INFO     | Within active window (07:00-23:00). Running sync...
2025-12-03 10:45:35 | INFO     | Orders sync complete. created=0 payments=0 skipped=2
2025-12-03 10:45:35 | INFO     | Locked bookings sync complete. created=0 skipped=36
2025-12-03 11:00:35 | INFO     | Within active window (07:00-23:00). Running sync...
2025-12-03 11:00:35 | INFO     | Orders sync complete. created=0 payments=0 skipped=2
2025-12-03 11:00:35 | INFO     | Locked bookings sync complete. created=0 skipped=36
2025-12-03 11:15:35 | INFO     | Within active window (07:00-23:00). Running sync...
2025-12-03 11:15:35 | INFO     | Orders sync complete. created=0 payments=0 skipped=2
2025-12-03 11:15:35 | INFO     | Locked bookings sync complete. created=0 skipped=36
2025-12-03 11:30:35 | INFO     | Within active window (07:00-23:00). Running sync...
2025-12-03 11:30:35 | INFO     | Orders sync complete. created=0 payments=0 skipped=2
2025-12-03 11:30:35 | INFO     | Locked bookings sync complete. created=0 skipped=36
2025-12-03 11:45:35 | INFO     | Within active window (07:00-23:00). Running sync...
2025-12-03 11:45:35 | INFO     | Orders sync complete. created=0 payments=0 skipped=2
2025-12-03 11:45:35 | INFO     | Locked bookings sync complete. created=0 skipped=36
2025-12-03 12:00:35 | INFO     | Within active window (07:00-23:00). Running sync...
2025-12-03 12:00:35 | INFO     | Orders sync complete. created=0 payments=0 skipped=2
2025-12-03 12:00:35 | INFO     | Locked bookings sync complete. created=0 skipped=36
2025-12-03 12:15:35 | INFO     | Within active window (07:00-23:00). Running sync...
2025-12-03 12:15:35 | INFO     | Orders sync complete. created=0 payments=0 skipped=2
2025-12-03 12:15:36 | INFO     | Locked bookings sync complete. created=0 skipped=36
2025-12-03 12:30:36 | INFO     | Within active window (07:00-23:00). Running sync...
2025-12-03 12:30:36 | INFO     | Orders sync complete. created=0 payments=0 skipped=2
2025-12-03 12:30:36 | INFO     | Locked bookings sync complete. created=0 skipped=36
2025-12-03 12:45:36 | INFO     | Within active window (07:00-23:00). Running sync...
2025-12-03 12:45:36 | INFO     | Orders sync complete. created=0 payments=0 skipped=2
2025-12-03 12:45:36 | INFO     | Locked bookings sync complete. created=0 skipped=36
2025-12-03 13:00:36 | INFO     | Within active window (07:00-23:00). Running sync...
2025-12-03 13:00:36 | INFO     | Orders sync complete. created=0 payments=0 skipped=2
2025-12-03 13:00:36 | INFO     | Locked bookings sync complete. created=0 skipped=36
2025-12-03 13:15:36 | INFO     | Within active window (07:00-23:00). Running sync...
2025-12-03 13:15:36 | INFO     | Orders sync complete. created=0 payments=0 skipped=2
2025-12-03 13:15:36 | INFO     | Locked bookings sync complete. created=0 skipped=36
2025-12-03 13:30:36 | INFO     | Within active window (07:00-23:00). Running sync...
2025-12-03 13:30:36 | INFO     | Orders sync complete. created=0 payments=0 skipped=2
2025-12-03 13:30:36 | INFO     | Locked bookings sync complete. created=0 skipped=36
2025-12-03 13:45:36 | INFO     | Within active window (07:00-23:00). Running sync...
2025-12-03 13:45:36 | INFO     | Orders sync complete. created=0 payments=0 skipped=2
2025-12-03 13:45:36 | INFO     | Locked bookings sync complete. created=0 skipped=36
2025-12-03 14:00:36 | INFO     | Within active window (07:00-23:00). Running sync...
2025-12-03 14:00:36 | INFO     | Orders sync complete. created=0 payments=0 skipped=2
2025-12-03 14:00:36 | INFO     | Locked bookings sync complete. created=0 skipped=36
2025-12-03 14:15:36 | INFO     | Within active window (07:00-23:00). Running sync...
2025-12-03 14:15:36 | INFO     | Orders sync complete. created=0 payments=0 skipped=2
2025-12-03 14:15:36 | INFO     | Locked bookings sync complete. created=0 skipped=36
2025-12-03 14:30:36 | INFO     | Within active window (07:00-23:00). Running sync...
2025-12-03 14:30:36 | INFO     | Orders sync complete. created=0 payments=0 skipped=2
2025-12-03 14:30:36 | INFO     | Locked bookings sync complete. created=0 skipped=36
2025-12-03 14:45:36 | INFO     | Within active window (07:00-23:00). Running sync...
2025-12-03 14:45:36 | INFO     | Orders sync complete. created=0 payments=0 skipped=2
2025-12-03 14:45:36 | INFO     | Locked bookings sync complete. created=0 skipped=36
2025-12-03 15:00:36 | INFO     | Within active window (07:00-23:00). Running sync...
2025-12-03 15:00:36 | INFO     | Orders sync complete. created=0 payments=0 skipped=2
2025-12-03 15:00:36 | INFO     | Locked bookings sync complete. created=0 skipped=36
2025-12-03 15:15:36 | INFO     | Within active window (07:00-23:00). Running sync...
2025-12-03 15:15:36 | INFO     | Orders sync complete. created=0 payments=0 skipped=2
2025-12-03 15:15:36 | INFO     | Locked bookings sync complete. created=0 skipped=36
2025-12-03 15:30:36 | INFO     | Within active window (07:00-23:00). Running sync...
2025-12-03 15:30:36 | INFO     | Orders sync complete. created=0 payments=0 skipped=2
2025-12-03 15:30:36 | INFO     | Locked bookings sync complete. created=0 skipped=36
2025-12-03 15:45:36 | INFO     | Within active window (07:00-23:00). Running sync...
2025-12-03 15:45:36 | INFO     | Orders sync complete. created=0 payments=0 skipped=2
2025-12-03 15:45:36 | INFO     | Locked bookings sync complete. created=0 skipped=36
2025-12-03 16:00:36 | INFO     | Within active window (07:00-23:00). Running sync...
2025-12-03 16:00:37 | INFO     | Orders sync complete. created=0 payments=0 skipped=2
2025-12-03 16:00:37 | INFO     | Locked bookings sync complete. created=0 skipped=36
2025-12-03 16:15:37 | INFO     | Within active window (07:00-23:00). Running sync...
2025-12-03 16:15:37 | INFO     | Orders sync complete. created=0 payments=0 skipped=2
2025-12-03 16:15:37 | INFO     | Locked bookings sync complete. created=0 skipped=36
2025-12-03 16:30:37 | INFO     | Within active window (07:00-23:00). Running sync...
2025-12-03 16:30:37 | INFO     | Orders sync complete. created=0 payments=0 skipped=2
2025-12-03 16:30:37 | INFO     | Locked bookings sync complete. created=0 skipped=36
2025-12-03 16:45:37 | INFO     | Within active window (07:00-23:00). Running sync...
2025-12-03 16:45:37 | INFO     | Orders sync complete. created=0 payments=0 skipped=2
2025-12-03 16:45:37 | INFO     | Locked bookings sync complete. created=0 skipped=36
2025-12-03 17:00:37 | INFO     | Within active window (07:00-23:00). Running sync...
2025-12-03 17:00:37 | INFO     | Orders sync complete. created=0 payments=0 skipped=2
2025-12-03 17:00:37 | INFO     | Locked bookings sync complete. created=0 skipped=36
2025-12-03 17:15:37 | INFO     | Within active window (07:00-23:00). Running sync...
2025-12-03 17:15:37 | INFO     | Orders sync complete. created=0 payments=0 skipped=2
2025-12-03 17:15:37 | INFO     | Locked bookings sync complete. created=0 skipped=36
2025-12-03 17:30:37 | INFO     | Within active window (07:00-23:00). Running sync...
2025-12-03 17:30:37 | INFO     | Orders sync complete. created=0 payments=0 skipped=2
2025-12-03 17:30:37 | INFO     | Locked bookings sync complete. created=0 skipped=36
2025-12-03 17:45:37 | INFO     | Within active window (07:00-23:00). Running sync...
2025-12-03 17:45:37 | INFO     | Orders sync complete. created=0 payments=0 skipped=2
2025-12-03 17:45:37 | INFO     | Locked bookings sync complete. created=0 skipped=36
2025-12-03 18:00:37 | INFO     | Within active window (07:00-23:00). Running sync...
2025-12-03 18:00:37 | INFO     | Orders sync complete. created=0 payments=0 skipped=2
2025-12-03 18:00:37 | INFO     | Locked bookings sync complete. created=0 skipped=36
2025-12-03 18:15:37 | INFO     | Within active window (07:00-23:00). Running sync...
2025-12-03 18:15:37 | INFO     | Orders sync complete. created=0 payments=0 skipped=2
2025-12-03 18:15:37 | INFO     | Locked bookings sync complete. created=0 skipped=36
2025-12-03 18:30:37 | INFO     | Within active window (07:00-23:00). Running sync...
2025-12-03 18:30:37 | INFO     | Orders sync complete. created=0 payments=0 skipped=2
2025-12-03 18:30:37 | INFO     | Locked bookings sync complete. created=0 skipped=36
2025-12-03 18:45:37 | INFO     | Within active window (07:00-23:00). Running sync...
2025-12-03 18:45:37 | INFO     | Orders sync complete. created=0 payments=0 skipped=2
2025-12-03 18:45:37 | INFO     | Locked bookings sync complete. created=0 skipped=36
2025-12-03 19:00:37 | INFO     | Within active window (07:00-23:00). Running sync...
2025-12-03 19:00:37 | INFO     | Orders sync complete. created=0 payments=0 skipped=2
2025-12-03 19:00:37 | INFO     | Locked bookings sync complete. created=0 skipped=36
2025-12-03 20:11:31 | INFO     | Within active window (07:00-23:00). Running sync...
2025-12-03 20:11:31 | INFO     | Orders sync complete. created=0 payments=0 skipped=2
2025-12-03 20:11:31 | INFO     | Locked bookings sync complete. created=0 skipped=36
2025-12-03 20:42:37 | INFO     | Within active window (07:00-23:00). Running sync...
2025-12-03 20:42:37 | INFO     | Orders sync complete. created=0 payments=0 skipped=2
2025-12-03 20:42:37 | INFO     | Locked bookings sync complete. created=0 skipped=36
2025-12-03 20:57:37 | INFO     | Within active window (07:00-23:00). Running sync...
2025-12-03 20:57:37 | INFO     | Orders sync complete. created=0 payments=0 skipped=2
2025-12-03 20:57:37 | INFO     | Locked bookings sync complete. created=0 skipped=36
2025-12-03 21:12:37 | INFO     | Within active window (07:00-23:00). Running sync...
2025-12-03 21:12:37 | INFO     | Orders sync complete. created=0 payments=0 skipped=2
2025-12-03 21:12:37 | INFO     | Locked bookings sync complete. created=0 skipped=36
2025-12-03 21:27:37 | INFO     | Within active window (07:00-23:00). Running sync...
2025-12-03 21:27:37 | INFO     | Orders sync complete. created=0 payments=0 skipped=2
2025-12-03 21:27:37 | INFO     | Locked bookings sync complete. created=0 skipped=36
2025-12-03 21:42:37 | INFO     | Within active window (07:00-23:00). Running sync...
2025-12-03 21:42:37 | INFO     | Orders sync complete. created=0 payments=0 skipped=2
2025-12-03 21:42:37 | INFO     | Locked bookings sync complete. created=0 skipped=36
2025-12-03 21:57:37 | INFO     | Within active window (07:00-23:00). Running sync...
2025-12-03 21:57:37 | INFO     | Orders sync complete. created=0 payments=0 skipped=2
2025-12-03 21:57:37 | INFO     | Locked bookings sync complete. created=0 skipped=36
2025-12-03 22:12:37 | INFO     | Within active window (07:00-23:00). Running sync...
2025-12-03 22:12:37 | INFO     | Orders sync complete. created=0 payments=0 skipped=2
2025-12-03 22:12:37 | INFO     | Locked bookings sync complete. created=0 skipped=36
2025-12-03 22:27:37 | INFO     | Within active window (07:00-23:00). Running sync...
2025-12-03 22:27:38 | INFO     | Orders sync complete. created=0 payments=0 skipped=2
2025-12-03 22:27:38 | INFO     | Locked bookings sync complete. created=0 skipped=36
2025-12-03 22:42:38 | INFO     | Within active window (07:00-23:00). Running sync...
2025-12-03 22:42:38 | INFO     | Orders sync complete. created=0 payments=0 skipped=2
2025-12-03 22:42:38 | INFO     | Locked bookings sync complete. created=0 skipped=36
2025-12-03 22:57:38 | INFO     | Within active window (07:00-23:00). Running sync...
2025-12-03 22:57:38 | INFO     | Orders sync complete. created=0 payments=0 skipped=2
2025-12-03 22:57:38 | INFO     | Locked bookings sync complete. created=0 skipped=36
2025-12-03 23:12:38 | INFO     | Current time 23:12 outside window 07:00-23:00. Sleeping until window opens.
2025-12-03 23:27:38 | INFO     | Current time 23:27 outside window 07:00-23:00. Sleeping until window opens.
2025-12-03 23:42:38 | INFO     | Current time 23:42 outside window 07:00-23:00. Sleeping until window opens.
2025-12-03 23:57:38 | INFO     | Current time 23:57 outside window 07:00-23:00. Sleeping until window opens.
2025-12-04 00:12:38 | INFO     | Current time 00:12 outside window 07:00-23:00. Sleeping until window opens.
2025-12-04 07:02:14 | INFO     | Within active window (07:00-23:00). Running sync...
2025-12-04 07:02:14 | INFO     | Orders sync complete. created=0 payments=0 skipped=2
2025-12-04 07:02:14 | INFO     | Locked bookings sync complete. created=0 skipped=36
2025-12-04 08:34:48 | INFO     | Within active window (07:00-23:00). Running sync...
2025-12-04 08:34:48 | INFO     | Orders sync complete. created=0 payments=0 skipped=2
2025-12-04 08:34:48 | INFO     | Locked bookings sync complete. created=0 skipped=36
2025-12-04 08:49:48 | INFO     | Within active window (07:00-23:00). Running sync...
2025-12-04 08:49:48 | INFO     | Orders sync complete. created=0 payments=0 skipped=2
2025-12-04 08:49:48 | INFO     | Locked bookings sync complete. created=0 skipped=36
2025-12-04 09:04:48 | INFO     | Within active window (07:00-23:00). Running sync...
2025-12-04 09:04:48 | INFO     | Orders sync complete. created=0 payments=0 skipped=2
2025-12-04 09:04:48 | INFO     | Locked bookings sync complete. created=0 skipped=36
2025-12-04 09:19:48 | INFO     | Within active window (07:00-23:00). Running sync...
2025-12-04 09:19:48 | INFO     | Orders sync complete. created=0 payments=0 skipped=2
2025-12-04 09:19:48 | INFO     | Locked bookings sync complete. created=0 skipped=36
2025-12-04 09:34:48 | INFO     | Within active window (07:00-23:00). Running sync...
2025-12-04 09:34:48 | INFO     | Orders sync complete. created=0 payments=0 skipped=2
2025-12-04 09:34:48 | INFO     | Locked bookings sync complete. created=0 skipped=36
2025-12-04 09:49:48 | INFO     | Within active window (07:00-23:00). Running sync...
2025-12-04 09:49:48 | INFO     | Orders sync complete. created=0 payments=0 skipped=2
2025-12-04 09:49:48 | INFO     | Locked bookings sync complete. created=0 skipped=36
2025-12-04 10:04:48 | INFO     | Within active window (07:00-23:00). Running sync...
2025-12-04 10:04:48 | INFO     | Orders sync complete. created=0 payments=0 skipped=2
2025-12-04 10:04:48 | INFO     | Locked bookings sync complete. created=0 skipped=36
2025-12-04 10:19:48 | INFO     | Within active window (07:00-23:00). Running sync...
2025-12-04 10:19:49 | INFO     | Orders sync complete. created=0 payments=0 skipped=2
2025-12-04 10:19:49 | INFO     | Locked bookings sync complete. created=0 skipped=36
2025-12-04 10:34:49 | INFO     | Within active window (07:00-23:00). Running sync...
2025-12-04 10:34:49 | INFO     | Orders sync complete. created=0 payments=0 skipped=2
2025-12-04 10:34:49 | INFO     | Locked bookings sync complete. created=0 skipped=36
2025-12-04 10:49:49 | INFO     | Within active window (07:00-23:00). Running sync...
2025-12-04 10:49:49 | INFO     | Orders sync complete. created=0 payments=0 skipped=2
2025-12-04 10:49:49 | INFO     | Locked bookings sync complete. created=0 skipped=36
2025-12-04 11:04:48 | INFO     | Within active window (07:00-23:00). Running sync...
2025-12-04 11:04:48 | INFO     | Orders sync complete. created=0 payments=0 skipped=2
2025-12-04 11:04:49 | INFO     | Locked bookings sync complete. created=0 skipped=36
2025-12-04 11:19:48 | INFO     | Within active window (07:00-23:00). Running sync...
2025-12-04 11:19:48 | INFO     | Orders sync complete. created=0 payments=0 skipped=2
2025-12-04 11:19:48 | INFO     | Locked bookings sync complete. created=0 skipped=36
2025-12-04 11:34:48 | INFO     | Within active window (07:00-23:00). Running sync...
2025-12-04 11:34:48 | INFO     | Orders sync complete. created=0 payments=0 skipped=2
2025-12-04 11:34:49 | INFO     | Locked bookings sync complete. created=0 skipped=36
2025-12-04 11:49:48 | INFO     | Within active window (07:00-23:00). Running sync...
2025-12-04 11:49:49 | INFO     | Orders sync complete. created=0 payments=0 skipped=2
2025-12-04 11:49:49 | INFO     | Locked bookings sync complete. created=0 skipped=36
2025-12-04 12:04:49 | INFO     | Within active window (07:00-23:00). Running sync...
2025-12-04 12:04:49 | INFO     | Orders sync complete. created=0 payments=0 skipped=2
2025-12-04 12:04:49 | INFO     | Locked bookings sync complete. created=0 skipped=36
2025-12-04 12:19:49 | INFO     | Within active window (07:00-23:00). Running sync...
2025-12-04 12:19:49 | INFO     | Orders sync complete. created=0 payments=0 skipped=2
2025-12-04 12:19:49 | INFO     | Locked bookings sync complete. created=0 skipped=36
2025-12-04 12:34:49 | INFO     | Within active window (07:00-23:00). Running sync...
2025-12-04 12:34:49 | INFO     | Orders sync complete. created=0 payments=0 skipped=2
2025-12-04 12:34:49 | INFO     | Locked bookings sync complete. created=0 skipped=36
2025-12-04 12:49:49 | INFO     | Within active window (07:00-23:00). Running sync...
2025-12-04 12:49:49 | INFO     | Orders sync complete. created=0 payments=0 skipped=2
2025-12-04 12:49:49 | INFO     | Locked bookings sync complete. created=0 skipped=36
2025-12-04 13:04:49 | INFO     | Within active window (07:00-23:00). Running sync...
2025-12-04 13:04:49 | INFO     | Orders sync complete. created=0 payments=0 skipped=2
2025-12-04 13:04:49 | INFO     | Locked bookings sync complete. created=0 skipped=36
2025-12-04 13:19:49 | INFO     | Within active window (07:00-23:00). Running sync...
2025-12-04 13:19:49 | INFO     | Orders sync complete. created=0 payments=0 skipped=2
2025-12-04 13:19:49 | INFO     | Locked bookings sync complete. created=0 skipped=36
2025-12-04 13:34:49 | INFO     | Within active window (07:00-23:00). Running sync...
2025-12-04 13:34:49 | INFO     | Orders sync complete. created=0 payments=0 skipped=2
2025-12-04 13:34:49 | INFO     | Locked bookings sync complete. created=0 skipped=36
2025-12-04 13:49:49 | INFO     | Within active window (07:00-23:00). Running sync...
2025-12-04 13:49:49 | INFO     | Orders sync complete. created=0 payments=0 skipped=2
2025-12-04 13:49:49 | INFO     | Locked bookings sync complete. created=0 skipped=36
2025-12-04 14:04:50 | INFO     | Within active window (07:00-23:00). Running sync...
2025-12-04 14:04:50 | INFO     | Orders sync complete. created=0 payments=0 skipped=2
2025-12-04 14:04:50 | INFO     | Locked bookings sync complete. created=0 skipped=36
2025-12-04 14:19:50 | INFO     | Within active window (07:00-23:00). Running sync...
2025-12-04 14:19:50 | INFO     | Orders sync complete. created=0 payments=0 skipped=2
2025-12-04 14:19:50 | INFO     | Locked bookings sync complete. created=0 skipped=36
2025-12-04 15:36:29 | INFO     | Within active window (07:00-23:00). Running sync...
2025-12-04 15:36:29 | INFO     | Orders sync complete. created=0 payments=0 skipped=2
2025-12-04 15:36:29 | INFO     | Locked bookings sync complete. created=0 skipped=36
2025-12-04 15:51:29 | INFO     | Within active window (07:00-23:00). Running sync...
2025-12-04 15:51:29 | INFO     | Orders sync complete. created=0 payments=0 skipped=2
2025-12-04 15:51:29 | INFO     | Locked bookings sync complete. created=0 skipped=36
2025-12-04 16:06:30 | INFO     | Within active window (07:00-23:00). Running sync...
2025-12-04 16:06:30 | INFO     | Orders sync complete. created=0 payments=0 skipped=2
2025-12-04 16:06:30 | INFO     | Locked bookings sync complete. created=0 skipped=36
2025-12-04 16:21:30 | INFO     | Within active window (07:00-23:00). Running sync...
2025-12-04 16:21:30 | INFO     | Orders sync complete. created=0 payments=0 skipped=2
2025-12-04 16:21:30 | INFO     | Locked bookings sync complete. created=0 skipped=36
2025-12-04 16:36:30 | INFO     | Within active window (07:00-23:00). Running sync...
2025-12-04 16:36:30 | INFO     | Orders sync complete. created=0 payments=0 skipped=2
2025-12-04 16:36:30 | INFO     | Locked bookings sync complete. created=0 skipped=36
2025-12-04 16:51:30 | INFO     | Within active window (07:00-23:00). Running sync...
2025-12-04 16:51:30 | INFO     | Orders sync complete. created=0 payments=0 skipped=2
2025-12-04 16:51:30 | INFO     | Locked bookings sync complete. created=0 skipped=36
2025-12-04 17:06:30 | INFO     | Within active window (07:00-23:00). Running sync...
2025-12-04 17:06:30 | INFO     | Orders sync complete. created=0 payments=0 skipped=2
2025-12-04 17:06:30 | INFO     | Locked bookings sync complete. created=0 skipped=36
2025-12-04 17:21:30 | INFO     | Within active window (07:00-23:00). Running sync...
2025-12-04 17:21:30 | INFO     | Orders sync complete. created=0 payments=0 skipped=2
2025-12-04 17:21:30 | INFO     | Locked bookings sync complete. created=0 skipped=36
2025-12-04 17:36:30 | INFO     | Within active window (07:00-23:00). Running sync...
2025-12-04 17:36:30 | INFO     | Orders sync complete. created=0 payments=0 skipped=2
2025-12-04 17:36:30 | INFO     | Locked bookings sync complete. created=0 skipped=36
2025-12-04 17:51:30 | INFO     | Within active window (07:00-23:00). Running sync...
2025-12-04 17:51:30 | INFO     | Orders sync complete. created=0 payments=0 skipped=2
2025-12-04 17:51:30 | INFO     | Locked bookings sync complete. created=0 skipped=36
2025-12-04 18:06:30 | INFO     | Within active window (07:00-23:00). Running sync...
2025-12-04 18:06:30 | INFO     | Orders sync complete. created=0 payments=0 skipped=2
2025-12-04 18:06:30 | INFO     | Locked bookings sync complete. created=0 skipped=36
2025-12-04 18:21:30 | INFO     | Within active window (07:00-23:00). Running sync...
2025-12-04 18:21:30 | INFO     | Orders sync complete. created=0 payments=0 skipped=2
2025-12-04 18:21:31 | INFO     | Locked bookings sync complete. created=0 skipped=36
2025-12-04 18:37:44 | INFO     | Within active window (07:00-23:00). Running sync...
2025-12-04 18:37:44 | INFO     | Orders sync complete. created=0 payments=0 skipped=2
2025-12-04 18:37:44 | INFO     | Locked bookings sync complete. created=0 skipped=36
2025-12-04 20:18:18 | INFO     | Within active window (07:00-23:00). Running sync...
2025-12-04 20:18:18 | INFO     | Orders sync complete. created=0 payments=0 skipped=2
2025-12-04 20:18:18 | INFO     | Locked bookings sync complete. created=0 skipped=36
2025-12-04 20:33:18 | INFO     | Within active window (07:00-23:00). Running sync...
2025-12-04 20:33:18 | INFO     | Orders sync complete. created=0 payments=0 skipped=2
2025-12-04 20:33:18 | INFO     | Locked bookings sync complete. created=0 skipped=36
2025-12-04 20:48:18 | INFO     | Within active window (07:00-23:00). Running sync...
2025-12-04 20:48:18 | INFO     | Orders sync complete. created=0 payments=0 skipped=2
2025-12-04 20:48:18 | INFO     | Locked bookings sync complete. created=0 skipped=36
2025-12-04 21:03:18 | INFO     | Within active window (07:00-23:00). Running sync...
2025-12-04 21:03:18 | INFO     | Orders sync complete. created=0 payments=0 skipped=2
2025-12-04 21:03:18 | INFO     | Locked bookings sync complete. created=0 skipped=36
2025-12-04 21:18:18 | INFO     | Within active window (07:00-23:00). Running sync...
2025-12-04 21:18:18 | INFO     | Orders sync complete. created=0 payments=0 skipped=2
2025-12-04 21:18:18 | INFO     | Locked bookings sync complete. created=0 skipped=36
2025-12-04 21:33:18 | INFO     | Within active window (07:00-23:00). Running sync...
2025-12-04 21:33:18 | INFO     | Orders sync complete. created=0 payments=0 skipped=2
2025-12-04 21:33:18 | INFO     | Locked bookings sync complete. created=0 skipped=36
2025-12-04 21:55:37 | INFO     | Within active window (07:00-23:00). Running sync...
2025-12-04 21:55:38 | INFO     | Orders sync complete. created=0 payments=0 skipped=2
2025-12-04 21:55:38 | INFO     | Locked bookings sync complete. created=0 skipped=36
2025-12-04 22:10:38 | INFO     | Within active window (07:00-23:00). Running sync...
2025-12-04 22:10:38 | INFO     | Orders sync complete. created=0 payments=0 skipped=2
2025-12-04 22:10:38 | INFO     | Locked bookings sync complete. created=0 skipped=36
2025-12-04 22:25:38 | INFO     | Within active window (07:00-23:00). Running sync...
2025-12-04 22:25:38 | INFO     | Orders sync complete. created=0 payments=0 skipped=2
2025-12-04 22:25:38 | INFO     | Locked bookings sync complete. created=0 skipped=36
2025-12-04 22:40:38 | INFO     | Within active window (07:00-23:00). Running sync...
2025-12-04 22:40:38 | INFO     | Orders sync complete. created=0 payments=0 skipped=2
2025-12-04 22:40:38 | INFO     | Locked bookings sync complete. created=0 skipped=36
2025-12-04 22:55:38 | INFO     | Within active window (07:00-23:00). Running sync...
2025-12-04 22:55:38 | INFO     | Orders sync complete. created=0 payments=0 skipped=2
2025-12-04 22:55:38 | INFO     | Locked bookings sync complete. created=0 skipped=36
2025-12-04 23:10:38 | INFO     | Current time 23:10 outside window 07:00-23:00. Sleeping until window opens.
2025-12-04 23:25:38 | INFO     | Current time 23:25 outside window 07:00-23:00. Sleeping until window opens.
2025-12-04 23:40:38 | INFO     | Current time 23:40 outside window 07:00-23:00. Sleeping until window opens.
2025-12-04 23:55:38 | INFO     | Current time 23:55 outside window 07:00-23:00. Sleeping until window opens.
2025-12-05 00:10:38 | INFO     | Current time 00:10 outside window 07:00-23:00. Sleeping until window opens.
2025-12-05 09:17:24 | INFO     | Within active window (07:00-23:00). Running sync...
2025-12-05 09:17:24 | INFO     | Orders sync complete. created=0 payments=0 skipped=2
2025-12-05 09:17:24 | INFO     | Locked bookings sync complete. created=0 skipped=36
2025-12-05 09:32:24 | INFO     | Within active window (07:00-23:00). Running sync...
2025-12-05 09:32:24 | INFO     | Orders sync complete. created=0 payments=0 skipped=2
2025-12-05 09:32:24 | INFO     | Locked bookings sync complete. created=0 skipped=36
2025-12-05 09:47:24 | INFO     | Within active window (07:00-23:00). Running sync...
2025-12-05 09:47:24 | INFO     | Orders sync complete. created=0 payments=0 skipped=2
2025-12-05 09:47:24 | INFO     | Locked bookings sync complete. created=0 skipped=36
2025-12-05 10:02:24 | INFO     | Within active window (07:00-23:00). Running sync...
2025-12-05 10:02:24 | INFO     | Orders sync complete. created=0 payments=0 skipped=2
2025-12-05 10:02:24 | INFO     | Locked bookings sync complete. created=0 skipped=36
2025-12-05 10:17:24 | INFO     | Within active window (07:00-23:00). Running sync...
2025-12-05 10:17:24 | INFO     | Orders sync complete. created=0 payments=0 skipped=2
2025-12-05 10:17:24 | INFO     | Locked bookings sync complete. created=0 skipped=36
2025-12-05 10:32:24 | INFO     | Within active window (07:00-23:00). Running sync...
2025-12-05 10:32:24 | INFO     | Orders sync complete. created=0 payments=0 skipped=2
2025-12-05 10:32:24 | INFO     | Locked bookings sync complete. created=0 skipped=36
2025-12-05 10:47:24 | INFO     | Within active window (07:00-23:00). Running sync...
2025-12-05 10:47:24 | INFO     | Orders sync complete. created=0 payments=0 skipped=2
2025-12-05 10:47:24 | INFO     | Locked bookings sync complete. created=0 skipped=36
2025-12-05 11:02:24 | INFO     | Within active window (07:00-23:00). Running sync...
2025-12-05 11:02:24 | INFO     | Orders sync complete. created=0 payments=0 skipped=2
2025-12-05 11:02:24 | INFO     | Locked bookings sync complete. created=0 skipped=36
2025-12-05 11:17:24 | INFO     | Within active window (07:00-23:00). Running sync...
2025-12-05 11:17:24 | INFO     | Orders sync complete. created=0 payments=0 skipped=2
2025-12-05 11:17:24 | INFO     | Locked bookings sync complete. created=0 skipped=36
2025-12-05 11:32:24 | INFO     | Within active window (07:00-23:00). Running sync...
2025-12-05 11:32:24 | INFO     | Orders sync complete. created=0 payments=0 skipped=2
2025-12-05 11:32:24 | INFO     | Locked bookings sync complete. created=0 skipped=36
2025-12-05 13:11:39 | INFO     | Within active window (07:00-23:00). Running sync...
2025-12-05 13:11:39 | INFO     | Orders sync complete. created=0 payments=0 skipped=2
2025-12-05 13:11:39 | INFO     | Locked bookings sync complete. created=0 skipped=36
2025-12-05 13:26:39 | INFO     | Within active window (07:00-23:00). Running sync...
2025-12-05 13:26:39 | INFO     | Orders sync complete. created=0 payments=0 skipped=2
2025-12-05 13:26:39 | INFO     | Locked bookings sync complete. created=0 skipped=36
2025-12-05 13:51:05 | INFO     | Within active window (07:00-23:00). Running sync...
2025-12-05 13:51:05 | INFO     | Orders sync complete. created=0 payments=0 skipped=2
2025-12-05 13:51:05 | INFO     | Locked bookings sync complete. created=0 skipped=36
2025-12-05 14:06:05 | INFO     | Within active window (07:00-23:00). Running sync...
2025-12-05 14:06:05 | INFO     | Orders sync complete. created=0 payments=0 skipped=2
2025-12-05 14:06:05 | INFO     | Locked bookings sync complete. created=0 skipped=36
2025-12-05 14:21:05 | INFO     | Within active window (07:00-23:00). Running sync...
2025-12-05 14:21:05 | INFO     | Orders sync complete. created=0 payments=0 skipped=2
2025-12-05 14:21:05 | INFO     | Locked bookings sync complete. created=0 skipped=36
2025-12-05 14:36:05 | INFO     | Within active window (07:00-23:00). Running sync...
2025-12-05 14:36:05 | INFO     | Orders sync complete. created=0 payments=0 skipped=2
2025-12-05 14:36:05 | INFO     | Locked bookings sync complete. created=0 skipped=36
2025-12-05 14:51:05 | INFO     | Within active window (07:00-23:00). Running sync...
2025-12-05 14:51:05 | INFO     | Orders sync complete. created=0 payments=0 skipped=2
2025-12-05 14:51:05 | INFO     | Locked bookings sync complete. created=0 skipped=36
2025-12-05 15:06:05 | INFO     | Within active window (07:00-23:00). Running sync...
2025-12-05 15:06:05 | INFO     | Orders sync complete. created=0 payments=0 skipped=2
2025-12-05 15:06:05 | INFO     | Locked bookings sync complete. created=0 skipped=36
2025-12-05 15:21:05 | INFO     | Within active window (07:00-23:00). Running sync...
2025-12-05 15:21:05 | INFO     | Orders sync complete. created=0 payments=0 skipped=2
2025-12-05 15:21:05 | INFO     | Locked bookings sync complete. created=0 skipped=36
2025-12-05 15:36:05 | INFO     | Within active window (07:00-23:00). Running sync...
2025-12-05 15:36:05 | INFO     | Orders sync complete. created=0 payments=0 skipped=2
2025-12-05 15:36:05 | INFO     | Locked bookings sync complete. created=0 skipped=36
2025-12-05 15:51:05 | INFO     | Within active window (07:00-23:00). Running sync...
2025-12-05 15:51:05 | INFO     | Orders sync complete. created=0 payments=0 skipped=2
2025-12-05 15:51:05 | INFO     | Locked bookings sync complete. created=0 skipped=36
2025-12-05 16:06:05 | INFO     | Within active window (07:00-23:00). Running sync...
2025-12-05 16:06:05 | INFO     | Orders sync complete. created=0 payments=0 skipped=2
2025-12-05 16:06:05 | INFO     | Locked bookings sync complete. created=0 skipped=36
Traceback (most recent call last):
  File "/Users/mxchip/Documents/sport8-crawl/integrations/sport8_sync.py", line 547, in <module>
    main()
  File "/Users/mxchip/Documents/sport8-crawl/integrations/sport8_sync.py", line 542, in main
    time.sleep(args.interval)
KeyboardInterrupt
