2025-11-18 10:53:00 | INFO     | Starting looped sync every 900 seconds
2025-11-18 10:53:00 | INFO     | Within active window (07:00-23:00). Running sync...
2025-11-18 10:53:00 | INFO     | Orders sync complete. created=0 payments=0 skipped=1
2025-11-18 10:53:00 | INFO     | Locked bookings sync complete. created=0 skipped=13
2025-11-18 11:08:00 | INFO     | Within active window (07:00-23:00). Running sync...
2025-11-18 11:08:00 | INFO     | Orders sync complete. created=0 payments=0 skipped=1
2025-11-18 11:08:00 | INFO     | Locked bookings sync complete. created=0 skipped=13
2025-11-18 11:23:00 | INFO     | Within active window (07:00-23:00). Running sync...
2025-11-18 11:23:00 | INFO     | Orders sync complete. created=0 payments=0 skipped=1
2025-11-18 11:23:00 | INFO     | Locked bookings sync complete. created=0 skipped=13
2025-11-18 11:51:47 | INFO     | Within active window (07:00-23:00). Running sync...
2025-11-18 11:51:47 | INFO     | Orders sync complete. created=0 payments=0 skipped=1
2025-11-18 11:51:47 | INFO     | Locked bookings sync complete. created=0 skipped=13
2025-11-18 12:06:47 | INFO     | Within active window (07:00-23:00). Running sync...
2025-11-18 12:06:47 | INFO     | Orders sync complete. created=0 payments=0 skipped=1
2025-11-18 12:06:47 | INFO     | Locked bookings sync complete. created=0 skipped=13
2025-11-18 12:21:48 | INFO     | Within active window (07:00-23:00). Running sync...
2025-11-18 12:21:48 | INFO     | Orders sync complete. created=0 payments=0 skipped=1
2025-11-18 12:21:48 | INFO     | Locked bookings sync complete. created=0 skipped=13
2025-11-18 12:36:47 | INFO     | Within active window (07:00-23:00). Running sync...
2025-11-18 12:36:47 | INFO     | Orders sync complete. created=0 payments=0 skipped=1
2025-11-18 12:36:47 | INFO     | Locked bookings sync complete. created=0 skipped=13
2025-11-18 12:51:47 | INFO     | Within active window (07:00-23:00). Running sync...
2025-11-18 12:51:47 | INFO     | Orders sync complete. created=0 payments=0 skipped=1
2025-11-18 12:51:47 | INFO     | Locked bookings sync complete. created=0 skipped=13
2025-11-18 13:06:48 | INFO     | Within active window (07:00-23:00). Running sync...
2025-11-18 13:06:48 | INFO     | Orders sync complete. created=0 payments=0 skipped=1
2025-11-18 13:06:48 | INFO     | Locked bookings sync complete. created=0 skipped=13
2025-11-18 13:21:48 | INFO     | Within active window (07:00-23:00). Running sync...
2025-11-18 13:21:48 | INFO     | Orders sync complete. created=0 payments=0 skipped=1
2025-11-18 13:21:48 | INFO     | Locked bookings sync complete. created=0 skipped=13
2025-11-18 13:36:48 | INFO     | Within active window (07:00-23:00). Running sync...
2025-11-18 13:36:48 | INFO     | Orders sync complete. created=0 payments=0 skipped=1
2025-11-18 13:36:48 | INFO     | Locked bookings sync complete. created=0 skipped=13
2025-11-18 13:51:48 | INFO     | Within active window (07:00-23:00). Running sync...
2025-11-18 13:51:48 | INFO     | Orders sync complete. created=0 payments=0 skipped=1
2025-11-18 13:51:48 | INFO     | Locked bookings sync complete. created=0 skipped=13
2025-11-18 14:06:48 | INFO     | Within active window (07:00-23:00). Running sync...
2025-11-18 14:06:48 | INFO     | Orders sync complete. created=0 payments=0 skipped=1
2025-11-18 14:06:48 | INFO     | Locked bookings sync complete. created=0 skipped=13
2025-11-18 14:28:41 | INFO     | Within active window (07:00-23:00). Running sync...
2025-11-18 14:28:41 | INFO     | Orders sync complete. created=0 payments=0 skipped=1
2025-11-18 14:28:41 | INFO     | Locked bookings sync complete. created=0 skipped=13
2025-11-18 14:43:41 | INFO     | Within active window (07:00-23:00). Running sync...
2025-11-18 14:43:41 | INFO     | Orders sync complete. created=0 payments=0 skipped=1
2025-11-18 14:43:41 | INFO     | Locked bookings sync complete. created=0 skipped=13
2025-11-18 14:58:41 | INFO     | Within active window (07:00-23:00). Running sync...
2025-11-18 14:58:41 | INFO     | Orders sync complete. created=0 payments=0 skipped=1
2025-11-18 14:58:41 | INFO     | Locked bookings sync complete. created=0 skipped=13
2025-11-18 15:13:45 | INFO     | Within active window (07:00-23:00). Running sync...
2025-11-18 15:13:45 | INFO     | Orders sync complete. created=0 payments=0 skipped=1
2025-11-18 15:13:45 | INFO     | Locked bookings sync complete. created=0 skipped=13
2025-11-18 15:28:45 | INFO     | Within active window (07:00-23:00). Running sync...
2025-11-18 15:28:45 | INFO     | Orders sync complete. created=0 payments=0 skipped=1
2025-11-18 15:28:45 | INFO     | Locked bookings sync complete. created=0 skipped=13
2025-11-18 15:43:45 | INFO     | Within active window (07:00-23:00). Running sync...
2025-11-18 15:43:45 | INFO     | Orders sync complete. created=0 payments=0 skipped=1
2025-11-18 15:43:45 | INFO     | Locked bookings sync complete. created=0 skipped=13
2025-11-18 15:58:45 | INFO     | Within active window (07:00-23:00). Running sync...
2025-11-18 15:58:45 | INFO     | Orders sync complete. created=0 payments=0 skipped=1
2025-11-18 15:58:45 | INFO     | Locked bookings sync complete. created=0 skipped=13
2025-11-18 16:13:45 | INFO     | Within active window (07:00-23:00). Running sync...
2025-11-18 16:13:45 | INFO     | Orders sync complete. created=0 payments=0 skipped=1
2025-11-18 16:13:45 | INFO     | Locked bookings sync complete. created=0 skipped=13
2025-11-18 16:28:45 | INFO     | Within active window (07:00-23:00). Running sync...
2025-11-18 16:28:45 | INFO     | Orders sync complete. created=0 payments=0 skipped=1
2025-11-18 16:28:45 | INFO     | Locked bookings sync complete. created=0 skipped=13
2025-11-18 16:43:45 | INFO     | Within active window (07:00-23:00). Running sync...
2025-11-18 16:43:45 | INFO     | Orders sync complete. created=0 payments=0 skipped=1
2025-11-18 16:43:45 | INFO     | Locked bookings sync complete. created=0 skipped=13
2025-11-18 16:58:45 | INFO     | Within active window (07:00-23:00). Running sync...
2025-11-18 16:58:45 | INFO     | Orders sync complete. created=0 payments=0 skipped=1
2025-11-18 16:58:45 | INFO     | Locked bookings sync complete. created=0 skipped=13
2025-11-18 17:13:45 | INFO     | Within active window (07:00-23:00). Running sync...
2025-11-18 17:13:45 | INFO     | Orders sync complete. created=0 payments=0 skipped=1
2025-11-18 17:13:45 | INFO     | Locked bookings sync complete. created=0 skipped=13
2025-11-18 17:28:45 | INFO     | Within active window (07:00-23:00). Running sync...
2025-11-18 17:28:45 | INFO     | Orders sync complete. created=0 payments=0 skipped=1
2025-11-18 17:28:45 | INFO     | Locked bookings sync complete. created=0 skipped=13
2025-11-18 17:43:45 | INFO     | Within active window (07:00-23:00). Running sync...
2025-11-18 17:43:45 | INFO     | Orders sync complete. created=0 payments=0 skipped=1
2025-11-18 17:43:45 | INFO     | Locked bookings sync complete. created=0 skipped=13
2025-11-18 17:58:45 | INFO     | Within active window (07:00-23:00). Running sync...
2025-11-18 17:58:45 | INFO     | Orders sync complete. created=0 payments=0 skipped=1
2025-11-18 17:58:45 | INFO     | Locked bookings sync complete. created=0 skipped=13
2025-11-18 18:13:45 | INFO     | Within active window (07:00-23:00). Running sync...
2025-11-18 18:13:45 | INFO     | Orders sync complete. created=0 payments=0 skipped=1
2025-11-18 18:13:45 | INFO     | Locked bookings sync complete. created=0 skipped=13
2025-11-18 21:57:04 | INFO     | Within active window (07:00-23:00). Running sync...
2025-11-18 21:57:04 | INFO     | Orders sync complete. created=0 payments=0 skipped=1
2025-11-18 21:57:04 | INFO     | Locked bookings sync complete. created=0 skipped=13
2025-11-18 22:12:06 | INFO     | Within active window (07:00-23:00). Running sync...
2025-11-18 22:12:06 | INFO     | Orders sync complete. created=0 payments=0 skipped=1
2025-11-18 22:12:06 | INFO     | Locked bookings sync complete. created=0 skipped=13
2025-11-18 22:27:06 | INFO     | Within active window (07:00-23:00). Running sync...
2025-11-18 22:27:06 | INFO     | Orders sync complete. created=0 payments=0 skipped=1
2025-11-18 22:27:06 | INFO     | Locked bookings sync complete. created=0 skipped=13
2025-11-18 22:42:06 | INFO     | Within active window (07:00-23:00). Running sync...
2025-11-18 22:42:06 | INFO     | Orders sync complete. created=0 payments=0 skipped=1
2025-11-18 22:42:06 | INFO     | Locked bookings sync complete. created=0 skipped=13
2025-11-18 22:57:06 | INFO     | Within active window (07:00-23:00). Running sync...
2025-11-18 22:57:06 | INFO     | Orders sync complete. created=0 payments=0 skipped=1
2025-11-18 22:57:06 | INFO     | Locked bookings sync complete. created=0 skipped=13
2025-11-18 23:12:06 | INFO     | Current time 23:12 outside window 07:00-23:00. Sleeping until window opens.
2025-11-18 23:27:06 | INFO     | Current time 23:27 outside window 07:00-23:00. Sleeping until window opens.
2025-11-18 23:42:06 | INFO     | Current time 23:42 outside window 07:00-23:00. Sleeping until window opens.
2025-11-18 23:57:06 | INFO     | Current time 23:57 outside window 07:00-23:00. Sleeping until window opens.
