2025-11-20 14:55:12 | INFO     | Starting looped sync every 900 seconds
2025-11-20 14:55:12 | INFO     | Within active window (07:00-23:00). Running sync...
2025-11-20 14:55:12 | INFO     | Orders sync complete. created=0 payments=0 skipped=1
2025-11-20 14:55:12 | INFO     | Locked bookings sync complete. created=0 skipped=13
2025-11-20 15:10:12 | INFO     | Within active window (07:00-23:00). Running sync...
2025-11-20 15:10:12 | INFO     | Orders sync complete. created=0 payments=0 skipped=1
2025-11-20 15:10:12 | INFO     | Locked bookings sync complete. created=0 skipped=13
2025-11-20 15:41:08 | INFO     | Within active window (07:00-23:00). Running sync...
2025-11-20 15:41:08 | INFO     | Orders sync complete. created=0 payments=0 skipped=1
2025-11-20 15:41:08 | INFO     | Locked bookings sync complete. created=0 skipped=18
2025-11-20 15:56:08 | INFO     | Within active window (07:00-23:00). Running sync...
2025-11-20 15:56:08 | INFO     | Orders sync complete. created=0 payments=0 skipped=1
2025-11-20 15:56:08 | INFO     | Locked bookings sync complete. created=0 skipped=18
2025-11-20 16:11:09 | INFO     | Within active window (07:00-23:00). Running sync...
2025-11-20 16:11:09 | INFO     | Orders sync complete. created=0 payments=0 skipped=1
2025-11-20 16:11:09 | INFO     | Locked bookings sync complete. created=0 skipped=18
2025-11-20 16:26:09 | INFO     | Within active window (07:00-23:00). Running sync...
2025-11-20 16:26:09 | INFO     | Orders sync complete. created=0 payments=0 skipped=1
2025-11-20 16:26:09 | INFO     | Locked bookings sync complete. created=0 skipped=18
2025-11-20 16:41:09 | INFO     | Within active window (07:00-23:00). Running sync...
2025-11-20 16:41:09 | INFO     | Orders sync complete. created=0 payments=0 skipped=1
2025-11-20 16:41:09 | INFO     | Locked bookings sync complete. created=0 skipped=18
2025-11-20 16:56:09 | INFO     | Within active window (07:00-23:00). Running sync...
2025-11-20 16:56:09 | INFO     | Orders sync complete. created=0 payments=0 skipped=1
2025-11-20 16:56:09 | INFO     | Locked bookings sync complete. created=0 skipped=20
2025-11-20 17:11:09 | INFO     | Within active window (07:00-23:00). Running sync...
2025-11-20 17:11:10 | INFO     | Orders sync complete. created=0 payments=0 skipped=1
2025-11-20 17:11:10 | INFO     | Locked bookings sync complete. created=0 skipped=20
2025-11-20 17:26:10 | INFO     | Within active window (07:00-23:00). Running sync...
2025-11-20 17:26:10 | INFO     | Orders sync complete. created=0 payments=0 skipped=1
2025-11-20 17:26:10 | INFO     | Locked bookings sync complete. created=0 skipped=20
2025-11-20 17:41:10 | INFO     | Within active window (07:00-23:00). Running sync...
2025-11-20 17:41:10 | INFO     | Orders sync complete. created=0 payments=0 skipped=1
2025-11-20 17:41:10 | INFO     | Locked bookings sync complete. created=0 skipped=20
2025-11-20 17:56:10 | INFO     | Within active window (07:00-23:00). Running sync...
2025-11-20 17:56:10 | INFO     | Orders sync complete. created=0 payments=0 skipped=1
2025-11-20 17:56:10 | INFO     | Locked bookings sync complete. created=0 skipped=20
2025-11-20 18:11:12 | INFO     | Within active window (07:00-23:00). Running sync...
2025-11-20 18:11:12 | INFO     | Orders sync complete. created=0 payments=0 skipped=1
2025-11-20 18:11:12 | INFO     | Locked bookings sync complete. created=0 skipped=20
2025-11-20 18:36:25 | INFO     | Within active window (07:00-23:00). Running sync...
2025-11-20 18:36:25 | INFO     | Orders sync complete. created=0 payments=0 skipped=1
2025-11-20 18:36:25 | INFO     | Locked bookings sync complete. created=0 skipped=20
2025-11-20 19:00:04 | INFO     | Within active window (07:00-23:00). Running sync...
2025-11-20 19:00:04 | INFO     | Orders sync complete. created=0 payments=0 skipped=1
2025-11-20 19:00:04 | INFO     | Locked bookings sync complete. created=0 skipped=20
2025-11-20 20:19:25 | INFO     | Within active window (07:00-23:00). Running sync...
2025-11-20 20:19:25 | INFO     | Orders sync complete. created=0 payments=0 skipped=1
2025-11-20 20:19:25 | INFO     | Locked bookings sync complete. created=0 skipped=20
2025-11-20 20:34:25 | INFO     | Within active window (07:00-23:00). Running sync...
2025-11-20 20:34:25 | INFO     | Orders sync complete. created=0 payments=0 skipped=1
2025-11-20 20:34:25 | INFO     | Locked bookings sync complete. created=0 skipped=20
2025-11-20 20:49:25 | INFO     | Within active window (07:00-23:00). Running sync...
2025-11-20 20:49:25 | INFO     | Orders sync complete. created=0 payments=0 skipped=1
2025-11-20 20:49:25 | INFO     | Locked bookings sync complete. created=0 skipped=20
2025-11-20 21:04:25 | INFO     | Within active window (07:00-23:00). Running sync...
2025-11-20 21:04:25 | INFO     | Orders sync complete. created=0 payments=0 skipped=1
2025-11-20 21:04:25 | INFO     | Locked bookings sync complete. created=0 skipped=20
2025-11-20 21:19:25 | INFO     | Within active window (07:00-23:00). Running sync...
2025-11-20 21:19:25 | INFO     | Orders sync complete. created=0 payments=0 skipped=1
2025-11-20 21:19:25 | INFO     | Locked bookings sync complete. created=0 skipped=20
2025-11-20 21:34:25 | INFO     | Within active window (07:00-23:00). Running sync...
2025-11-20 21:34:25 | INFO     | Orders sync complete. created=0 payments=0 skipped=1
2025-11-20 21:34:25 | INFO     | Locked bookings sync complete. created=0 skipped=20
2025-11-20 21:49:25 | INFO     | Within active window (07:00-23:00). Running sync...
2025-11-20 21:49:25 | INFO     | Orders sync complete. created=0 payments=0 skipped=1
2025-11-20 21:49:25 | INFO     | Locked bookings sync complete. created=0 skipped=20
2025-11-20 22:04:25 | INFO     | Within active window (07:00-23:00). Running sync...
2025-11-20 22:04:25 | INFO     | Orders sync complete. created=0 payments=0 skipped=1
2025-11-20 22:04:25 | INFO     | Locked bookings sync complete. created=0 skipped=20
2025-11-20 22:19:25 | INFO     | Within active window (07:00-23:00). Running sync...
2025-11-20 22:19:25 | INFO     | Orders sync complete. created=0 payments=0 skipped=1
2025-11-20 22:19:25 | INFO     | Locked bookings sync complete. created=0 skipped=20
2025-11-20 22:34:25 | INFO     | Within active window (07:00-23:00). Running sync...
2025-11-20 22:34:25 | INFO     | Orders sync complete. created=0 payments=0 skipped=1
2025-11-20 22:34:25 | INFO     | Locked bookings sync complete. created=0 skipped=20
2025-11-20 22:49:26 | INFO     | Within active window (07:00-23:00). Running sync...
2025-11-20 22:49:26 | INFO     | Orders sync complete. created=0 payments=0 skipped=1
2025-11-20 22:49:26 | INFO     | Locked bookings sync complete. created=0 skipped=20
2025-11-20 23:04:26 | INFO     | Current time 23:04 outside window 07:00-23:00. Sleeping until window opens.
2025-11-20 23:19:26 | INFO     | Current time 23:19 outside window 07:00-23:00. Sleeping until window opens.
2025-11-20 23:34:26 | INFO     | Current time 23:34 outside window 07:00-23:00. Sleeping until window opens.
2025-11-20 23:49:26 | INFO     | Current time 23:49 outside window 07:00-23:00. Sleeping until window opens.
2025-11-21 00:04:26 | INFO     | Current time 00:04 outside window 07:00-23:00. Sleeping until window opens.
2025-11-21 00:19:26 | INFO     | Current time 00:19 outside window 07:00-23:00. Sleeping until window opens.
2025-11-21 06:50:00 | INFO     | Current time 06:50 outside window 07:00-23:00. Sleeping until window opens.
2025-11-21 08:32:17 | INFO     | Within active window (07:00-23:00). Running sync...
2025-11-21 08:32:17 | INFO     | Orders sync complete. created=0 payments=0 skipped=1
2025-11-21 08:32:17 | INFO     | Locked bookings sync complete. created=0 skipped=20
2025-11-21 08:47:17 | INFO     | Within active window (07:00-23:00). Running sync...
2025-11-21 08:47:17 | INFO     | Orders sync complete. created=0 payments=0 skipped=1
2025-11-21 08:47:17 | INFO     | Locked bookings sync complete. created=0 skipped=20
2025-11-21 09:02:18 | INFO     | Within active window (07:00-23:00). Running sync...
2025-11-21 09:02:18 | INFO     | Orders sync complete. created=0 payments=0 skipped=1
2025-11-21 09:02:18 | INFO     | Locked bookings sync complete. created=0 skipped=20
2025-11-21 09:17:18 | INFO     | Within active window (07:00-23:00). Running sync...
2025-11-21 09:17:18 | INFO     | Orders sync complete. created=0 payments=0 skipped=1
2025-11-21 09:17:18 | INFO     | Locked bookings sync complete. created=0 skipped=24
2025-11-21 09:32:18 | INFO     | Within active window (07:00-23:00). Running sync...
2025-11-21 09:32:18 | INFO     | Orders sync complete. created=0 payments=0 skipped=1
2025-11-21 09:32:18 | INFO     | Locked bookings sync complete. created=0 skipped=24
2025-11-21 09:47:18 | INFO     | Within active window (07:00-23:00). Running sync...
2025-11-21 09:47:18 | INFO     | Orders sync complete. created=0 payments=0 skipped=1
2025-11-21 09:47:18 | INFO     | Locked bookings sync complete. created=0 skipped=24
2025-11-21 10:02:18 | INFO     | Within active window (07:00-23:00). Running sync...
2025-11-21 10:02:18 | INFO     | Orders sync complete. created=0 payments=0 skipped=1
2025-11-21 10:02:18 | INFO     | Locked bookings sync complete. created=0 skipped=24
2025-11-21 10:17:18 | INFO     | Within active window (07:00-23:00). Running sync...
2025-11-21 10:17:18 | INFO     | Orders sync complete. created=0 payments=0 skipped=1
2025-11-21 10:17:18 | INFO     | Locked bookings sync complete. created=0 skipped=24
2025-11-21 10:32:18 | INFO     | Within active window (07:00-23:00). Running sync...
2025-11-21 10:32:18 | INFO     | Orders sync complete. created=0 payments=0 skipped=1
2025-11-21 10:32:18 | INFO     | Locked bookings sync complete. created=0 skipped=24
2025-11-21 10:47:18 | INFO     | Within active window (07:00-23:00). Running sync...
2025-11-21 10:47:18 | INFO     | Orders sync complete. created=0 payments=0 skipped=1
2025-11-21 10:47:18 | INFO     | Locked bookings sync complete. created=0 skipped=24
2025-11-21 11:02:18 | INFO     | Within active window (07:00-23:00). Running sync...
2025-11-21 11:02:18 | INFO     | Orders sync complete. created=0 payments=0 skipped=1
2025-11-21 11:02:19 | INFO     | Locked bookings sync complete. created=0 skipped=24
2025-11-21 11:17:19 | INFO     | Within active window (07:00-23:00). Running sync...
2025-11-21 11:17:19 | INFO     | Orders sync complete. created=0 payments=0 skipped=1
2025-11-21 11:17:19 | INFO     | Locked bookings sync complete. created=0 skipped=24
2025-11-21 11:32:19 | INFO     | Within active window (07:00-23:00). Running sync...
2025-11-21 11:32:19 | INFO     | Orders sync complete. created=0 payments=0 skipped=1
2025-11-21 11:32:19 | INFO     | Locked bookings sync complete. created=0 skipped=24
2025-11-21 11:47:19 | INFO     | Within active window (07:00-23:00). Running sync...
2025-11-21 11:47:19 | INFO     | Orders sync complete. created=0 payments=0 skipped=1
2025-11-21 11:47:19 | INFO     | Locked bookings sync complete. created=0 skipped=24
2025-11-21 12:02:19 | INFO     | Within active window (07:00-23:00). Running sync...
2025-11-21 12:02:19 | INFO     | Orders sync complete. created=0 payments=0 skipped=1
2025-11-21 12:02:19 | INFO     | Locked bookings sync complete. created=0 skipped=24
2025-11-21 12:17:19 | INFO     | Within active window (07:00-23:00). Running sync...
2025-11-21 12:17:19 | INFO     | Orders sync complete. created=0 payments=0 skipped=1
2025-11-21 12:17:19 | INFO     | Locked bookings sync complete. created=0 skipped=24
2025-11-21 12:32:19 | INFO     | Within active window (07:00-23:00). Running sync...
2025-11-21 12:32:19 | INFO     | Orders sync complete. created=0 payments=0 skipped=1
2025-11-21 12:32:19 | INFO     | Locked bookings sync complete. created=0 skipped=24
2025-11-21 12:47:19 | INFO     | Within active window (07:00-23:00). Running sync...
2025-11-21 12:47:19 | INFO     | Orders sync complete. created=0 payments=0 skipped=1
2025-11-21 12:47:19 | INFO     | Locked bookings sync complete. created=0 skipped=24
2025-11-21 13:02:19 | INFO     | Within active window (07:00-23:00). Running sync...
2025-11-21 13:02:19 | INFO     | Orders sync complete. created=0 payments=0 skipped=1
2025-11-21 13:02:19 | INFO     | Locked bookings sync complete. created=0 skipped=24
2025-11-21 13:17:19 | INFO     | Within active window (07:00-23:00). Running sync...
2025-11-21 13:17:19 | INFO     | Orders sync complete. created=0 payments=0 skipped=1
2025-11-21 13:17:19 | INFO     | Locked bookings sync complete. created=0 skipped=24
2025-11-21 13:32:19 | INFO     | Within active window (07:00-23:00). Running sync...
2025-11-21 13:32:19 | INFO     | Orders sync complete. created=0 payments=0 skipped=1
2025-11-21 13:32:19 | INFO     | Locked bookings sync complete. created=0 skipped=24
2025-11-21 13:47:19 | INFO     | Within active window (07:00-23:00). Running sync...
2025-11-21 13:47:19 | INFO     | Orders sync complete. created=0 payments=0 skipped=1
2025-11-21 13:47:19 | INFO     | Locked bookings sync complete. created=0 skipped=24
2025-11-21 14:02:19 | INFO     | Within active window (07:00-23:00). Running sync...
2025-11-21 14:02:19 | INFO     | Orders sync complete. created=0 payments=0 skipped=1
2025-11-21 14:02:19 | INFO     | Locked bookings sync complete. created=0 skipped=24
2025-11-21 14:17:19 | INFO     | Within active window (07:00-23:00). Running sync...
2025-11-21 14:17:19 | INFO     | Orders sync complete. created=0 payments=0 skipped=1
2025-11-21 14:17:19 | INFO     | Locked bookings sync complete. created=0 skipped=24
2025-11-21 14:32:19 | INFO     | Within active window (07:00-23:00). Running sync...
2025-11-21 14:32:19 | INFO     | Orders sync complete. created=0 payments=0 skipped=1
2025-11-21 14:32:19 | INFO     | Locked bookings sync complete. created=0 skipped=24
2025-11-21 14:47:19 | INFO     | Within active window (07:00-23:00). Running sync...
2025-11-21 14:47:19 | INFO     | Orders sync complete. created=0 payments=0 skipped=1
2025-11-21 14:47:19 | INFO     | Locked bookings sync complete. created=0 skipped=24
2025-11-21 15:02:19 | INFO     | Within active window (07:00-23:00). Running sync...
2025-11-21 15:02:19 | INFO     | Orders sync complete. created=0 payments=0 skipped=1
2025-11-21 15:02:19 | INFO     | Locked bookings sync complete. created=0 skipped=24
2025-11-21 15:17:19 | INFO     | Within active window (07:00-23:00). Running sync...
2025-11-21 15:17:19 | INFO     | Orders sync complete. created=0 payments=0 skipped=1
2025-11-21 15:17:19 | INFO     | Locked bookings sync complete. created=0 skipped=24
2025-11-21 15:32:19 | INFO     | Within active window (07:00-23:00). Running sync...
2025-11-21 15:32:19 | INFO     | Orders sync complete. created=0 payments=0 skipped=1
2025-11-21 15:32:19 | INFO     | Locked bookings sync complete. created=0 skipped=24
2025-11-21 15:47:19 | INFO     | Within active window (07:00-23:00). Running sync...
2025-11-21 15:47:19 | INFO     | Orders sync complete. created=0 payments=0 skipped=1
2025-11-21 15:47:19 | INFO     | Locked bookings sync complete. created=0 skipped=24
2025-11-21 16:02:19 | INFO     | Within active window (07:00-23:00). Running sync...
2025-11-21 16:02:19 | INFO     | Orders sync complete. created=0 payments=0 skipped=1
2025-11-21 16:02:19 | INFO     | Locked bookings sync complete. created=0 skipped=24
2025-11-21 16:17:19 | INFO     | Within active window (07:00-23:00). Running sync...
2025-11-21 16:17:19 | INFO     | Orders sync complete. created=0 payments=0 skipped=1
2025-11-21 16:17:19 | INFO     | Locked bookings sync complete. created=0 skipped=24
2025-11-21 16:32:19 | INFO     | Within active window (07:00-23:00). Running sync...
2025-11-21 16:32:19 | INFO     | Orders sync complete. created=0 payments=0 skipped=1
2025-11-21 16:32:20 | INFO     | Locked bookings sync complete. created=0 skipped=24
2025-11-21 16:47:20 | INFO     | Within active window (07:00-23:00). Running sync...
2025-11-21 16:47:20 | INFO     | Orders sync complete. created=0 payments=0 skipped=1
2025-11-21 16:47:20 | INFO     | Locked bookings sync complete. created=0 skipped=24
2025-11-21 17:02:20 | INFO     | Within active window (07:00-23:00). Running sync...
2025-11-21 17:02:20 | INFO     | Orders sync complete. created=0 payments=0 skipped=1
2025-11-21 17:02:20 | INFO     | Locked bookings sync complete. created=0 skipped=24
2025-11-21 17:17:20 | INFO     | Within active window (07:00-23:00). Running sync...
2025-11-21 17:17:20 | INFO     | Orders sync complete. created=0 payments=0 skipped=1
2025-11-21 17:17:20 | INFO     | Locked bookings sync complete. created=0 skipped=24
2025-11-21 17:32:20 | INFO     | Within active window (07:00-23:00). Running sync...
2025-11-21 17:32:20 | INFO     | Orders sync complete. created=0 payments=0 skipped=1
2025-11-21 17:32:20 | INFO     | Locked bookings sync complete. created=0 skipped=24
2025-11-21 17:47:20 | INFO     | Within active window (07:00-23:00). Running sync...
2025-11-21 17:47:20 | INFO     | Orders sync complete. created=0 payments=0 skipped=1
2025-11-21 17:47:20 | INFO     | Locked bookings sync complete. created=0 skipped=24
2025-11-21 18:02:20 | INFO     | Within active window (07:00-23:00). Running sync...
2025-11-21 18:02:20 | INFO     | Orders sync complete. created=0 payments=0 skipped=1
2025-11-21 18:02:20 | INFO     | Locked bookings sync complete. created=0 skipped=24
2025-11-21 18:17:20 | INFO     | Within active window (07:00-23:00). Running sync...
2025-11-21 18:17:20 | INFO     | Orders sync complete. created=0 payments=0 skipped=1
2025-11-21 18:17:20 | INFO     | Locked bookings sync complete. created=0 skipped=24
2025-11-21 18:32:20 | INFO     | Within active window (07:00-23:00). Running sync...
2025-11-21 18:32:20 | INFO     | Orders sync complete. created=0 payments=0 skipped=1
2025-11-21 18:32:20 | INFO     | Locked bookings sync complete. created=0 skipped=24
2025-11-22 02:16:34 | INFO     | Current time 02:16 outside window 07:00-23:00. Sleeping until window opens.
2025-11-22 09:17:28 | INFO     | Within active window (07:00-23:00). Running sync...
2025-11-22 09:17:28 | INFO     | Orders sync complete. created=0 payments=0 skipped=1
2025-11-22 09:17:28 | INFO     | Locked bookings sync complete. created=0 skipped=24
2025-11-22 09:32:29 | INFO     | Within active window (07:00-23:00). Running sync...
2025-11-22 09:32:29 | INFO     | Orders sync complete. created=0 payments=0 skipped=1
2025-11-22 09:32:29 | INFO     | Locked bookings sync complete. created=0 skipped=24
2025-11-22 09:47:29 | INFO     | Within active window (07:00-23:00). Running sync...
2025-11-22 09:47:29 | INFO     | Orders sync complete. created=0 payments=0 skipped=1
2025-11-22 09:47:29 | INFO     | Locked bookings sync complete. created=0 skipped=24
2025-11-22 10:02:29 | INFO     | Within active window (07:00-23:00). Running sync...
2025-11-22 10:02:29 | INFO     | Orders sync complete. created=0 payments=0 skipped=1
2025-11-22 10:02:29 | INFO     | Locked bookings sync complete. created=0 skipped=24
2025-11-22 10:17:29 | INFO     | Within active window (07:00-23:00). Running sync...
2025-11-22 10:17:29 | INFO     | Orders sync complete. created=0 payments=0 skipped=1
2025-11-22 10:17:29 | INFO     | Locked bookings sync complete. created=0 skipped=24
2025-11-22 10:32:29 | INFO     | Within active window (07:00-23:00). Running sync...
2025-11-22 10:32:29 | INFO     | Orders sync complete. created=0 payments=0 skipped=1
2025-11-22 10:32:29 | INFO     | Locked bookings sync complete. created=0 skipped=24
2025-11-22 10:47:29 | INFO     | Within active window (07:00-23:00). Running sync...
2025-11-22 10:47:29 | INFO     | Orders sync complete. created=0 payments=0 skipped=1
2025-11-22 10:47:29 | INFO     | Locked bookings sync complete. created=0 skipped=24
2025-11-22 11:02:29 | INFO     | Within active window (07:00-23:00). Running sync...
2025-11-22 11:02:29 | INFO     | Orders sync complete. created=0 payments=0 skipped=1
2025-11-22 11:02:29 | INFO     | Locked bookings sync complete. created=0 skipped=24
2025-11-22 11:17:29 | INFO     | Within active window (07:00-23:00). Running sync...
2025-11-22 11:17:29 | INFO     | Orders sync complete. created=0 payments=0 skipped=1
2025-11-22 11:17:29 | INFO     | Locked bookings sync complete. created=0 skipped=24
2025-11-22 11:32:29 | INFO     | Within active window (07:00-23:00). Running sync...
2025-11-22 11:32:29 | INFO     | Orders sync complete. created=0 payments=0 skipped=1
2025-11-22 11:32:29 | INFO     | Locked bookings sync complete. created=0 skipped=24
2025-11-22 11:47:29 | INFO     | Within active window (07:00-23:00). Running sync...
2025-11-22 11:47:29 | INFO     | Orders sync complete. created=0 payments=0 skipped=1
2025-11-22 11:47:29 | INFO     | Locked bookings sync complete. created=0 skipped=24
2025-11-22 12:02:29 | INFO     | Within active window (07:00-23:00). Running sync...
2025-11-22 12:02:29 | INFO     | Orders sync complete. created=0 payments=0 skipped=1
2025-11-22 12:02:29 | INFO     | Locked bookings sync complete. created=0 skipped=24
2025-11-22 12:34:30 | INFO     | Within active window (07:00-23:00). Running sync...
2025-11-22 12:34:30 | INFO     | Orders sync complete. created=0 payments=0 skipped=1
2025-11-22 12:34:30 | INFO     | Locked bookings sync complete. created=0 skipped=24
2025-11-22 13:47:56 | INFO     | Within active window (07:00-23:00). Running sync...
2025-11-22 13:47:56 | INFO     | Orders sync complete. created=0 payments=0 skipped=1
2025-11-22 13:47:56 | INFO     | Locked bookings sync complete. created=0 skipped=24
2025-11-22 14:20:40 | INFO     | Within active window (07:00-23:00). Running sync...
2025-11-22 14:20:40 | INFO     | Orders sync complete. created=0 payments=0 skipped=1
2025-11-22 14:20:40 | INFO     | Locked bookings sync complete. created=0 skipped=24
2025-11-22 14:35:40 | INFO     | Within active window (07:00-23:00). Running sync...
2025-11-22 14:35:40 | INFO     | Orders sync complete. created=0 payments=0 skipped=1
2025-11-22 14:35:40 | INFO     | Locked bookings sync complete. created=0 skipped=24
2025-11-22 14:50:40 | INFO     | Within active window (07:00-23:00). Running sync...
2025-11-22 14:50:40 | INFO     | Orders sync complete. created=0 payments=0 skipped=1
2025-11-22 14:50:40 | INFO     | Locked bookings sync complete. created=0 skipped=24
2025-11-22 15:05:40 | INFO     | Within active window (07:00-23:00). Running sync...
2025-11-22 15:05:40 | INFO     | Orders sync complete. created=0 payments=0 skipped=1
2025-11-22 15:05:40 | INFO     | Locked bookings sync complete. created=0 skipped=24
2025-11-22 15:20:40 | INFO     | Within active window (07:00-23:00). Running sync...
2025-11-22 15:20:40 | INFO     | Orders sync complete. created=0 payments=0 skipped=1
2025-11-22 15:20:40 | INFO     | Locked bookings sync complete. created=0 skipped=24
2025-11-22 15:35:40 | INFO     | Within active window (07:00-23:00). Running sync...
2025-11-22 15:35:40 | INFO     | Orders sync complete. created=0 payments=0 skipped=1
2025-11-22 15:35:40 | INFO     | Locked bookings sync complete. created=0 skipped=24
2025-11-22 15:50:41 | INFO     | Within active window (07:00-23:00). Running sync...
2025-11-22 15:50:41 | INFO     | Orders sync complete. created=0 payments=0 skipped=1
2025-11-22 15:50:41 | INFO     | Locked bookings sync complete. created=0 skipped=24
2025-11-22 16:06:23 | INFO     | Within active window (07:00-23:00). Running sync...
2025-11-22 16:06:23 | INFO     | Orders sync complete. created=0 payments=0 skipped=1
2025-11-22 16:06:23 | INFO     | Locked bookings sync complete. created=0 skipped=24
2025-11-22 16:21:59 | INFO     | Within active window (07:00-23:00). Running sync...
2025-11-22 16:21:59 | INFO     | Orders sync complete. created=0 payments=0 skipped=1
2025-11-22 16:21:59 | INFO     | Locked bookings sync complete. created=0 skipped=24
2025-11-22 16:36:59 | INFO     | Within active window (07:00-23:00). Running sync...
2025-11-22 16:36:59 | INFO     | Orders sync complete. created=0 payments=0 skipped=1
2025-11-22 16:36:59 | INFO     | Locked bookings sync complete. created=0 skipped=24
2025-11-22 16:51:59 | INFO     | Within active window (07:00-23:00). Running sync...
2025-11-22 16:51:59 | INFO     | Orders sync complete. created=0 payments=0 skipped=1
2025-11-22 16:51:59 | INFO     | Locked bookings sync complete. created=0 skipped=24
2025-11-22 17:06:59 | INFO     | Within active window (07:00-23:00). Running sync...
2025-11-22 17:06:59 | INFO     | Orders sync complete. created=0 payments=0 skipped=1
2025-11-22 17:06:59 | INFO     | Locked bookings sync complete. created=0 skipped=24
2025-11-22 17:22:01 | INFO     | Within active window (07:00-23:00). Running sync...
2025-11-22 17:22:01 | INFO     | Orders sync complete. created=0 payments=0 skipped=1
2025-11-22 17:22:01 | INFO     | Locked bookings sync complete. created=0 skipped=24
2025-11-23 10:13:42 | INFO     | Within active window (07:00-23:00). Running sync...
2025-11-23 10:13:42 | INFO     | Orders sync complete. created=0 payments=0 skipped=1
2025-11-23 10:13:42 | INFO     | Locked bookings sync complete. created=0 skipped=24
2025-11-23 10:28:42 | INFO     | Within active window (07:00-23:00). Running sync...
2025-11-23 10:28:42 | INFO     | Orders sync complete. created=0 payments=0 skipped=1
2025-11-23 10:28:42 | INFO     | Locked bookings sync complete. created=0 skipped=24
2025-11-23 10:43:59 | INFO     | Within active window (07:00-23:00). Running sync...
2025-11-23 10:43:59 | INFO     | Orders sync complete. created=0 payments=0 skipped=1
2025-11-23 10:43:59 | INFO     | Locked bookings sync complete. created=0 skipped=24
2025-11-23 10:59:00 | INFO     | Within active window (07:00-23:00). Running sync...
2025-11-23 10:59:00 | INFO     | Orders sync complete. created=0 payments=0 skipped=1
2025-11-23 10:59:00 | INFO     | Locked bookings sync complete. created=0 skipped=24
2025-11-23 11:14:00 | INFO     | Within active window (07:00-23:00). Running sync...
2025-11-23 11:14:00 | INFO     | Orders sync complete. created=0 payments=0 skipped=1
2025-11-23 11:14:00 | INFO     | Locked bookings sync complete. created=0 skipped=24
2025-11-23 11:29:00 | INFO     | Within active window (07:00-23:00). Running sync...
2025-11-23 11:29:00 | INFO     | Orders sync complete. created=0 payments=0 skipped=1
2025-11-23 11:29:00 | INFO     | Locked bookings sync complete. created=0 skipped=24
2025-11-23 11:44:00 | INFO     | Within active window (07:00-23:00). Running sync...
2025-11-23 11:44:00 | INFO     | Orders sync complete. created=0 payments=0 skipped=1
2025-11-23 11:44:00 | INFO     | Locked bookings sync complete. created=0 skipped=24
2025-11-23 11:59:00 | INFO     | Within active window (07:00-23:00). Running sync...
2025-11-23 11:59:00 | INFO     | Orders sync complete. created=0 payments=0 skipped=1
2025-11-23 11:59:00 | INFO     | Locked bookings sync complete. created=0 skipped=24
2025-11-23 12:14:00 | INFO     | Within active window (07:00-23:00). Running sync...
2025-11-23 12:14:00 | INFO     | Orders sync complete. created=0 payments=0 skipped=1
2025-11-23 12:14:00 | INFO     | Locked bookings sync complete. created=0 skipped=24
2025-11-23 12:29:00 | INFO     | Within active window (07:00-23:00). Running sync...
2025-11-23 12:29:00 | INFO     | Orders sync complete. created=0 payments=0 skipped=1
2025-11-23 12:29:00 | INFO     | Locked bookings sync complete. created=0 skipped=24
2025-11-23 12:44:00 | INFO     | Within active window (07:00-23:00). Running sync...
2025-11-23 12:44:00 | INFO     | Orders sync complete. created=0 payments=0 skipped=1
2025-11-23 12:44:00 | INFO     | Locked bookings sync complete. created=0 skipped=24
2025-11-23 12:59:00 | INFO     | Within active window (07:00-23:00). Running sync...
2025-11-23 12:59:00 | INFO     | Orders sync complete. created=0 payments=0 skipped=1
2025-11-23 12:59:00 | INFO     | Locked bookings sync complete. created=0 skipped=24
2025-11-23 13:14:00 | INFO     | Within active window (07:00-23:00). Running sync...
2025-11-23 13:14:00 | INFO     | Orders sync complete. created=0 payments=0 skipped=1
2025-11-23 13:14:00 | INFO     | Locked bookings sync complete. created=0 skipped=24
2025-11-23 13:29:00 | INFO     | Within active window (07:00-23:00). Running sync...
2025-11-23 13:29:00 | INFO     | Orders sync complete. created=0 payments=0 skipped=1
2025-11-23 13:29:00 | INFO     | Locked bookings sync complete. created=0 skipped=24
2025-11-23 13:44:00 | INFO     | Within active window (07:00-23:00). Running sync...
2025-11-23 13:44:00 | INFO     | Orders sync complete. created=0 payments=0 skipped=1
2025-11-23 13:44:00 | INFO     | Locked bookings sync complete. created=0 skipped=24
2025-11-23 13:59:00 | INFO     | Within active window (07:00-23:00). Running sync...
2025-11-23 13:59:00 | INFO     | Orders sync complete. created=0 payments=0 skipped=1
2025-11-23 13:59:00 | INFO     | Locked bookings sync complete. created=0 skipped=24
2025-11-23 14:14:00 | INFO     | Within active window (07:00-23:00). Running sync...
2025-11-23 14:14:00 | INFO     | Orders sync complete. created=0 payments=0 skipped=1
2025-11-23 14:14:00 | INFO     | Locked bookings sync complete. created=0 skipped=24
2025-11-23 14:29:00 | INFO     | Within active window (07:00-23:00). Running sync...
2025-11-23 14:29:00 | INFO     | Orders sync complete. created=0 payments=0 skipped=1
2025-11-23 14:29:00 | INFO     | Locked bookings sync complete. created=0 skipped=24
2025-11-23 14:44:00 | INFO     | Within active window (07:00-23:00). Running sync...
2025-11-23 14:44:00 | INFO     | Orders sync complete. created=0 payments=0 skipped=1
2025-11-23 14:44:00 | INFO     | Locked bookings sync complete. created=0 skipped=24
2025-11-23 14:59:00 | INFO     | Within active window (07:00-23:00). Running sync...
2025-11-23 14:59:00 | INFO     | Orders sync complete. created=0 payments=0 skipped=1
2025-11-23 14:59:00 | INFO     | Locked bookings sync complete. created=0 skipped=24
2025-11-23 15:14:00 | INFO     | Within active window (07:00-23:00). Running sync...
2025-11-23 15:14:00 | INFO     | Orders sync complete. created=0 payments=0 skipped=1
2025-11-23 15:14:00 | INFO     | Locked bookings sync complete. created=0 skipped=24
2025-11-23 15:29:00 | INFO     | Within active window (07:00-23:00). Running sync...
2025-11-23 15:29:00 | INFO     | Orders sync complete. created=0 payments=0 skipped=1
2025-11-23 15:29:00 | INFO     | Locked bookings sync complete. created=0 skipped=24
2025-11-23 15:44:00 | INFO     | Within active window (07:00-23:00). Running sync...
2025-11-23 15:44:00 | INFO     | Orders sync complete. created=0 payments=0 skipped=1
2025-11-23 15:44:00 | INFO     | Locked bookings sync complete. created=0 skipped=24
2025-11-23 15:59:00 | INFO     | Within active window (07:00-23:00). Running sync...
2025-11-23 15:59:00 | INFO     | Orders sync complete. created=0 payments=0 skipped=1
2025-11-23 15:59:00 | INFO     | Locked bookings sync complete. created=0 skipped=24
2025-11-23 16:14:00 | INFO     | Within active window (07:00-23:00). Running sync...
2025-11-23 16:14:00 | INFO     | Orders sync complete. created=0 payments=0 skipped=1
2025-11-23 16:14:00 | INFO     | Locked bookings sync complete. created=0 skipped=24
2025-11-23 16:29:00 | INFO     | Within active window (07:00-23:00). Running sync...
2025-11-23 16:29:00 | INFO     | Orders sync complete. created=0 payments=0 skipped=1
2025-11-23 16:29:00 | INFO     | Locked bookings sync complete. created=0 skipped=24
2025-11-23 16:44:00 | INFO     | Within active window (07:00-23:00). Running sync...
2025-11-23 16:44:00 | INFO     | Orders sync complete. created=0 payments=0 skipped=1
2025-11-23 16:44:00 | INFO     | Locked bookings sync complete. created=0 skipped=24
2025-11-23 16:59:00 | INFO     | Within active window (07:00-23:00). Running sync...
2025-11-23 16:59:01 | INFO     | Orders sync complete. created=0 payments=0 skipped=1
2025-11-23 16:59:01 | INFO     | Locked bookings sync complete. created=0 skipped=24
2025-11-23 17:13:59 | INFO     | Within active window (07:00-23:00). Running sync...
2025-11-23 17:13:59 | INFO     | Orders sync complete. created=0 payments=0 skipped=1
2025-11-23 17:13:59 | INFO     | Locked bookings sync complete. created=0 skipped=24
2025-11-23 18:43:36 | INFO     | Within active window (07:00-23:00). Running sync...
2025-11-23 18:43:36 | INFO     | Orders sync complete. created=0 payments=0 skipped=1
2025-11-23 18:43:36 | INFO     | Locked bookings sync complete. created=0 skipped=24
2025-11-23 18:58:36 | INFO     | Within active window (07:00-23:00). Running sync...
2025-11-23 18:58:36 | INFO     | Orders sync complete. created=0 payments=0 skipped=1
2025-11-23 18:58:36 | INFO     | Locked bookings sync complete. created=0 skipped=24
2025-11-23 19:13:36 | INFO     | Within active window (07:00-23:00). Running sync...
2025-11-23 19:13:36 | INFO     | Orders sync complete. created=0 payments=0 skipped=1
2025-11-23 19:13:36 | INFO     | Locked bookings sync complete. created=0 skipped=24
2025-11-23 19:28:36 | INFO     | Within active window (07:00-23:00). Running sync...
2025-11-23 19:28:36 | INFO     | Orders sync complete. created=0 payments=0 skipped=1
2025-11-23 19:28:36 | INFO     | Locked bookings sync complete. created=0 skipped=24
2025-11-23 19:43:36 | INFO     | Within active window (07:00-23:00). Running sync...
2025-11-23 19:43:36 | INFO     | Orders sync complete. created=0 payments=0 skipped=1
2025-11-23 19:43:36 | INFO     | Locked bookings sync complete. created=0 skipped=24
2025-11-23 19:58:36 | INFO     | Within active window (07:00-23:00). Running sync...
2025-11-23 19:58:36 | INFO     | Orders sync complete. created=0 payments=0 skipped=1
2025-11-23 19:58:36 | INFO     | Locked bookings sync complete. created=0 skipped=24
2025-11-23 20:13:36 | INFO     | Within active window (07:00-23:00). Running sync...
2025-11-23 20:13:36 | INFO     | Orders sync complete. created=0 payments=0 skipped=1
2025-11-23 20:13:36 | INFO     | Locked bookings sync complete. created=0 skipped=24
2025-11-23 20:28:36 | INFO     | Within active window (07:00-23:00). Running sync...
2025-11-23 20:28:36 | INFO     | Orders sync complete. created=0 payments=0 skipped=1
2025-11-23 20:28:36 | INFO     | Locked bookings sync complete. created=0 skipped=24
2025-11-23 20:43:36 | INFO     | Within active window (07:00-23:00). Running sync...
2025-11-23 20:43:36 | INFO     | Orders sync complete. created=0 payments=0 skipped=1
2025-11-23 20:43:36 | INFO     | Locked bookings sync complete. created=0 skipped=24
2025-11-23 20:58:36 | INFO     | Within active window (07:00-23:00). Running sync...
2025-11-23 20:58:36 | INFO     | Orders sync complete. created=0 payments=0 skipped=1
2025-11-23 20:58:36 | INFO     | Locked bookings sync complete. created=0 skipped=24
2025-11-23 21:13:36 | INFO     | Within active window (07:00-23:00). Running sync...
2025-11-23 21:13:36 | INFO     | Orders sync complete. created=0 payments=0 skipped=1
2025-11-23 21:13:36 | INFO     | Locked bookings sync complete. created=0 skipped=24
2025-11-23 21:28:37 | INFO     | Within active window (07:00-23:00). Running sync...
2025-11-23 21:28:37 | INFO     | Orders sync complete. created=0 payments=0 skipped=1
2025-11-23 21:28:37 | INFO     | Locked bookings sync complete. created=0 skipped=24
2025-11-23 21:43:37 | INFO     | Within active window (07:00-23:00). Running sync...
2025-11-23 21:43:37 | INFO     | Orders sync complete. created=0 payments=0 skipped=1
2025-11-23 21:43:37 | INFO     | Locked bookings sync complete. created=0 skipped=24
2025-11-23 21:58:37 | INFO     | Within active window (07:00-23:00). Running sync...
2025-11-23 21:58:37 | INFO     | Orders sync complete. created=0 payments=0 skipped=1
2025-11-23 21:58:37 | INFO     | Locked bookings sync complete. created=0 skipped=24
2025-11-23 22:13:37 | INFO     | Within active window (07:00-23:00). Running sync...
2025-11-23 22:13:37 | INFO     | Orders sync complete. created=0 payments=0 skipped=1
2025-11-23 22:13:37 | INFO     | Locked bookings sync complete. created=0 skipped=24
2025-11-23 22:28:37 | INFO     | Within active window (07:00-23:00). Running sync...
2025-11-23 22:28:37 | INFO     | Orders sync complete. created=0 payments=0 skipped=1
2025-11-23 22:28:37 | INFO     | Locked bookings sync complete. created=0 skipped=24
2025-11-23 22:43:37 | INFO     | Within active window (07:00-23:00). Running sync...
2025-11-23 22:43:37 | INFO     | Orders sync complete. created=0 payments=0 skipped=1
2025-11-23 22:43:37 | INFO     | Locked bookings sync complete. created=0 skipped=24
2025-11-23 22:58:37 | INFO     | Within active window (07:00-23:00). Running sync...
2025-11-23 22:58:37 | INFO     | Orders sync complete. created=0 payments=0 skipped=1
2025-11-23 22:58:37 | INFO     | Locked bookings sync complete. created=0 skipped=24
2025-11-23 23:13:37 | INFO     | Current time 23:13 outside window 07:00-23:00. Sleeping until window opens.
2025-11-23 23:28:37 | INFO     | Current time 23:28 outside window 07:00-23:00. Sleeping until window opens.
2025-11-23 23:43:37 | INFO     | Current time 23:43 outside window 07:00-23:00. Sleeping until window opens.
2025-11-23 23:58:37 | INFO     | Current time 23:58 outside window 07:00-23:00. Sleeping until window opens.
2025-11-24 02:35:06 | INFO     | Current time 02:35 outside window 07:00-23:00. Sleeping until window opens.
2025-11-24 07:23:22 | INFO     | Within active window (07:00-23:00). Running sync...
2025-11-24 07:23:22 | INFO     | Orders sync complete. created=0 payments=0 skipped=1
2025-11-24 07:23:22 | INFO     | Locked bookings sync complete. created=0 skipped=24
2025-11-24 08:42:00 | INFO     | Within active window (07:00-23:00). Running sync...
2025-11-24 08:42:00 | INFO     | Orders sync complete. created=0 payments=0 skipped=1
2025-11-24 08:42:00 | INFO     | Locked bookings sync complete. created=0 skipped=24
2025-11-24 08:58:00 | INFO     | Within active window (07:00-23:00). Running sync...
2025-11-24 08:58:00 | INFO     | Orders sync complete. created=0 payments=0 skipped=1
2025-11-24 08:58:00 | INFO     | Locked bookings sync complete. created=0 skipped=24
2025-11-24 09:13:45 | INFO     | Within active window (07:00-23:00). Running sync...
2025-11-24 09:13:45 | INFO     | Orders sync complete. created=0 payments=0 skipped=1
2025-11-24 09:13:45 | INFO     | Locked bookings sync complete. created=0 skipped=24
2025-11-24 09:28:45 | INFO     | Within active window (07:00-23:00). Running sync...
2025-11-24 09:28:45 | INFO     | Orders sync complete. created=0 payments=0 skipped=1
2025-11-24 09:28:45 | INFO     | Locked bookings sync complete. created=0 skipped=24
2025-11-24 09:43:46 | INFO     | Within active window (07:00-23:00). Running sync...
2025-11-24 09:43:46 | INFO     | Orders sync complete. created=0 payments=0 skipped=1
2025-11-24 09:43:46 | INFO     | Locked bookings sync complete. created=0 skipped=24
2025-11-24 09:58:46 | INFO     | Within active window (07:00-23:00). Running sync...
2025-11-24 09:58:46 | INFO     | Orders sync complete. created=0 payments=0 skipped=1
2025-11-24 09:58:46 | INFO     | Locked bookings sync complete. created=0 skipped=24
2025-11-24 10:13:46 | INFO     | Within active window (07:00-23:00). Running sync...
2025-11-24 10:13:46 | INFO     | Orders sync complete. created=0 payments=0 skipped=1
2025-11-24 10:13:46 | INFO     | Locked bookings sync complete. created=0 skipped=24
2025-11-24 10:28:46 | INFO     | Within active window (07:00-23:00). Running sync...
2025-11-24 10:28:46 | INFO     | Orders sync complete. created=0 payments=0 skipped=1
2025-11-24 10:28:46 | INFO     | Locked bookings sync complete. created=0 skipped=24
2025-11-24 10:43:46 | INFO     | Within active window (07:00-23:00). Running sync...
2025-11-24 10:43:46 | INFO     | Orders sync complete. created=0 payments=0 skipped=1
2025-11-24 10:43:46 | INFO     | Locked bookings sync complete. created=0 skipped=24
2025-11-24 10:58:46 | INFO     | Within active window (07:00-23:00). Running sync...
2025-11-24 10:58:46 | INFO     | Orders sync complete. created=0 payments=0 skipped=1
2025-11-24 10:58:46 | INFO     | Locked bookings sync complete. created=0 skipped=24
2025-11-24 11:13:46 | INFO     | Within active window (07:00-23:00). Running sync...
2025-11-24 11:13:46 | INFO     | Orders sync complete. created=0 payments=0 skipped=1
2025-11-24 11:13:46 | INFO     | Locked bookings sync complete. created=0 skipped=24
2025-11-24 11:28:46 | INFO     | Within active window (07:00-23:00). Running sync...
2025-11-24 11:28:46 | INFO     | Orders sync complete. created=0 payments=0 skipped=1
2025-11-24 11:28:46 | INFO     | Locked bookings sync complete. created=0 skipped=24
2025-11-24 11:43:46 | INFO     | Within active window (07:00-23:00). Running sync...
2025-11-24 11:43:46 | INFO     | Orders sync complete. created=0 payments=0 skipped=1
2025-11-24 11:43:46 | INFO     | Locked bookings sync complete. created=0 skipped=24
2025-11-24 11:58:46 | INFO     | Within active window (07:00-23:00). Running sync...
2025-11-24 11:58:46 | INFO     | Orders sync complete. created=0 payments=0 skipped=1
2025-11-24 11:58:46 | INFO     | Locked bookings sync complete. created=0 skipped=24
2025-11-24 12:13:46 | INFO     | Within active window (07:00-23:00). Running sync...
2025-11-24 12:13:46 | INFO     | Orders sync complete. created=0 payments=0 skipped=1
2025-11-24 12:13:46 | INFO     | Locked bookings sync complete. created=0 skipped=24
2025-11-24 12:28:46 | INFO     | Within active window (07:00-23:00). Running sync...
2025-11-24 12:28:46 | INFO     | Orders sync complete. created=0 payments=0 skipped=1
2025-11-24 12:28:46 | INFO     | Locked bookings sync complete. created=0 skipped=24
2025-11-24 12:43:46 | INFO     | Within active window (07:00-23:00). Running sync...
2025-11-24 12:43:46 | INFO     | Orders sync complete. created=0 payments=0 skipped=1
2025-11-24 12:43:46 | INFO     | Locked bookings sync complete. created=0 skipped=24
2025-11-24 12:58:46 | INFO     | Within active window (07:00-23:00). Running sync...
2025-11-24 12:58:46 | INFO     | Orders sync complete. created=0 payments=0 skipped=1
2025-11-24 12:58:46 | INFO     | Locked bookings sync complete. created=0 skipped=24
2025-11-24 15:14:18 | INFO     | Within active window (07:00-23:00). Running sync...
2025-11-24 15:14:18 | INFO     | Orders sync complete. created=0 payments=0 skipped=1
2025-11-24 15:14:18 | INFO     | Locked bookings sync complete. created=0 skipped=24
2025-11-24 15:29:18 | INFO     | Within active window (07:00-23:00). Running sync...
2025-11-24 15:29:18 | INFO     | Orders sync complete. created=0 payments=0 skipped=1
2025-11-24 15:29:18 | INFO     | Locked bookings sync complete. created=0 skipped=24
2025-11-24 15:44:25 | INFO     | Within active window (07:00-23:00). Running sync...
2025-11-24 15:44:25 | INFO     | Orders sync complete. created=0 payments=0 skipped=1
2025-11-24 15:44:25 | INFO     | Locked bookings sync complete. created=0 skipped=26
2025-11-24 15:59:26 | INFO     | Within active window (07:00-23:00). Running sync...
2025-11-24 15:59:26 | INFO     | Orders sync complete. created=0 payments=0 skipped=1
2025-11-24 15:59:26 | INFO     | Locked bookings sync complete. created=0 skipped=26
2025-11-24 16:14:26 | INFO     | Within active window (07:00-23:00). Running sync...
2025-11-24 16:14:26 | INFO     | Orders sync complete. created=0 payments=0 skipped=1
2025-11-24 16:14:26 | INFO     | Locked bookings sync complete. created=0 skipped=26
2025-11-24 16:29:26 | INFO     | Within active window (07:00-23:00). Running sync...
2025-11-24 16:29:26 | INFO     | Orders sync complete. created=0 payments=0 skipped=1
2025-11-24 16:29:26 | INFO     | Locked bookings sync complete. created=0 skipped=26
2025-11-24 16:44:26 | INFO     | Within active window (07:00-23:00). Running sync...
2025-11-24 16:44:26 | INFO     | Orders sync complete. created=0 payments=0 skipped=1
2025-11-24 16:44:26 | INFO     | Locked bookings sync complete. created=0 skipped=26
2025-11-24 16:59:27 | INFO     | Within active window (07:00-23:00). Running sync...
2025-11-24 16:59:27 | INFO     | Orders sync complete. created=0 payments=0 skipped=1
2025-11-24 16:59:27 | INFO     | Locked bookings sync complete. created=0 skipped=26
2025-11-24 17:14:27 | INFO     | Within active window (07:00-23:00). Running sync...
2025-11-24 17:14:27 | INFO     | Orders sync complete. created=0 payments=0 skipped=1
2025-11-24 17:14:27 | INFO     | Locked bookings sync complete. created=0 skipped=26
2025-11-24 17:29:27 | INFO     | Within active window (07:00-23:00). Running sync...
2025-11-24 17:29:27 | INFO     | Orders sync complete. created=0 payments=0 skipped=1
2025-11-24 17:29:27 | INFO     | Locked bookings sync complete. created=0 skipped=26
2025-11-24 17:44:27 | INFO     | Within active window (07:00-23:00). Running sync...
2025-11-24 17:44:27 | INFO     | Orders sync complete. created=0 payments=0 skipped=1
2025-11-24 17:44:27 | INFO     | Locked bookings sync complete. created=0 skipped=26
2025-11-24 17:59:27 | INFO     | Within active window (07:00-23:00). Running sync...
2025-11-24 17:59:27 | INFO     | Orders sync complete. created=0 payments=0 skipped=1
2025-11-24 17:59:27 | INFO     | Locked bookings sync complete. created=0 skipped=26
2025-11-24 18:14:27 | INFO     | Within active window (07:00-23:00). Running sync...
2025-11-24 18:14:27 | INFO     | Orders sync complete. created=0 payments=0 skipped=1
2025-11-24 18:14:27 | INFO     | Locked bookings sync complete. created=0 skipped=26
2025-11-24 18:57:49 | INFO     | Within active window (07:00-23:00). Running sync...
2025-11-24 18:57:49 | INFO     | Orders sync complete. created=0 payments=0 skipped=1
2025-11-24 18:57:49 | INFO     | Locked bookings sync complete. created=0 skipped=26
2025-11-24 19:43:54 | INFO     | Within active window (07:00-23:00). Running sync...
2025-11-24 19:43:54 | INFO     | Orders sync complete. created=0 payments=0 skipped=1
2025-11-24 19:43:54 | INFO     | Locked bookings sync complete. created=0 skipped=26
2025-11-24 19:58:56 | INFO     | Within active window (07:00-23:00). Running sync...
2025-11-24 19:58:56 | INFO     | Orders sync complete. created=0 payments=0 skipped=1
2025-11-24 19:58:56 | INFO     | Locked bookings sync complete. created=0 skipped=26
2025-11-24 20:13:54 | INFO     | Within active window (07:00-23:00). Running sync...
2025-11-24 20:13:54 | INFO     | Orders sync complete. created=0 payments=0 skipped=1
2025-11-24 20:13:54 | INFO     | Locked bookings sync complete. created=0 skipped=26
2025-11-24 20:28:57 | INFO     | Within active window (07:00-23:00). Running sync...
2025-11-24 20:28:57 | INFO     | Orders sync complete. created=0 payments=0 skipped=1
2025-11-24 20:28:57 | INFO     | Locked bookings sync complete. created=0 skipped=26
2025-11-24 20:43:58 | INFO     | Within active window (07:00-23:00). Running sync...
2025-11-24 20:43:58 | INFO     | Orders sync complete. created=0 payments=0 skipped=1
2025-11-24 20:43:58 | INFO     | Locked bookings sync complete. created=0 skipped=26
2025-11-24 20:59:38 | INFO     | Within active window (07:00-23:00). Running sync...
2025-11-24 20:59:38 | INFO     | Orders sync complete. created=0 payments=0 skipped=1
2025-11-24 20:59:38 | INFO     | Locked bookings sync complete. created=0 skipped=26
2025-11-24 21:45:58 | INFO     | Within active window (07:00-23:00). Running sync...
2025-11-24 21:45:58 | INFO     | Orders sync complete. created=0 payments=0 skipped=1
2025-11-24 21:45:58 | INFO     | Locked bookings sync complete. created=0 skipped=26
2025-11-25 09:18:30 | INFO     | Within active window (07:00-23:00). Running sync...
2025-11-25 09:18:30 | INFO     | Orders sync complete. created=0 payments=0 skipped=1
2025-11-25 09:18:30 | INFO     | Locked bookings sync complete. created=0 skipped=27
2025-11-25 09:33:33 | INFO     | Within active window (07:00-23:00). Running sync...
2025-11-25 09:33:33 | INFO     | Orders sync complete. created=0 payments=0 skipped=1
2025-11-25 09:33:33 | INFO     | Locked bookings sync complete. created=0 skipped=27
2025-11-25 09:48:33 | INFO     | Within active window (07:00-23:00). Running sync...
2025-11-25 09:48:33 | INFO     | Orders sync complete. created=0 payments=0 skipped=1
2025-11-25 09:48:33 | INFO     | Locked bookings sync complete. created=0 skipped=27
2025-11-25 10:03:33 | INFO     | Within active window (07:00-23:00). Running sync...
2025-11-25 10:03:33 | INFO     | Orders sync complete. created=0 payments=0 skipped=1
2025-11-25 10:03:33 | INFO     | Locked bookings sync complete. created=0 skipped=27
2025-11-25 10:18:33 | INFO     | Within active window (07:00-23:00). Running sync...
2025-11-25 10:18:33 | INFO     | Orders sync complete. created=0 payments=0 skipped=1
2025-11-25 10:18:33 | INFO     | Locked bookings sync complete. created=0 skipped=27
2025-11-25 10:33:33 | INFO     | Within active window (07:00-23:00). Running sync...
2025-11-25 10:33:33 | INFO     | Orders sync complete. created=0 payments=0 skipped=1
2025-11-25 10:33:33 | INFO     | Locked bookings sync complete. created=0 skipped=27
2025-11-25 10:48:33 | INFO     | Within active window (07:00-23:00). Running sync...
2025-11-25 10:48:33 | INFO     | Orders sync complete. created=0 payments=0 skipped=1
2025-11-25 10:48:33 | INFO     | Locked bookings sync complete. created=0 skipped=27
2025-11-25 11:03:33 | INFO     | Within active window (07:00-23:00). Running sync...
2025-11-25 11:03:33 | INFO     | Orders sync complete. created=0 payments=0 skipped=1
2025-11-25 11:03:33 | INFO     | Locked bookings sync complete. created=0 skipped=27
2025-11-25 11:18:33 | INFO     | Within active window (07:00-23:00). Running sync...
2025-11-25 11:18:33 | INFO     | Orders sync complete. created=0 payments=0 skipped=1
2025-11-25 11:18:33 | INFO     | Locked bookings sync complete. created=0 skipped=27
2025-11-25 11:33:33 | INFO     | Within active window (07:00-23:00). Running sync...
2025-11-25 11:33:33 | INFO     | Orders sync complete. created=0 payments=0 skipped=1
2025-11-25 11:33:33 | INFO     | Locked bookings sync complete. created=0 skipped=27
2025-11-25 13:12:52 | INFO     | Within active window (07:00-23:00). Running sync...
2025-11-25 13:12:52 | INFO     | Orders sync complete. created=0 payments=0 skipped=1
2025-11-25 13:12:52 | INFO     | Locked bookings sync complete. created=0 skipped=27
2025-11-25 13:27:52 | INFO     | Within active window (07:00-23:00). Running sync...
2025-11-25 13:27:52 | INFO     | Orders sync complete. created=0 payments=0 skipped=1
2025-11-25 13:27:52 | INFO     | Locked bookings sync complete. created=0 skipped=27
2025-11-25 13:42:52 | INFO     | Within active window (07:00-23:00). Running sync...
2025-11-25 13:42:52 | INFO     | Orders sync complete. created=0 payments=0 skipped=1
2025-11-25 13:42:52 | INFO     | Locked bookings sync complete. created=0 skipped=27
2025-11-25 13:57:52 | INFO     | Within active window (07:00-23:00). Running sync...
2025-11-25 13:57:52 | INFO     | Orders sync complete. created=0 payments=0 skipped=1
2025-11-25 13:57:52 | INFO     | Locked bookings sync complete. created=0 skipped=27
2025-11-25 14:12:53 | INFO     | Within active window (07:00-23:00). Running sync...
2025-11-25 14:12:53 | INFO     | Orders sync complete. created=0 payments=0 skipped=1
2025-11-25 14:12:53 | INFO     | Locked bookings sync complete. created=0 skipped=27
2025-11-25 14:27:53 | INFO     | Within active window (07:00-23:00). Running sync...
2025-11-25 14:27:53 | INFO     | Orders sync complete. created=0 payments=0 skipped=1
2025-11-25 14:27:53 | INFO     | Locked bookings sync complete. created=0 skipped=27
2025-11-25 14:42:53 | INFO     | Within active window (07:00-23:00). Running sync...
2025-11-25 14:42:53 | INFO     | Orders sync complete. created=0 payments=0 skipped=1
2025-11-25 14:42:53 | INFO     | Locked bookings sync complete. created=0 skipped=27
2025-11-25 14:57:53 | INFO     | Within active window (07:00-23:00). Running sync...
2025-11-25 14:57:53 | INFO     | Orders sync complete. created=0 payments=0 skipped=1
2025-11-25 14:57:53 | INFO     | Locked bookings sync complete. created=0 skipped=27
2025-11-25 15:12:53 | INFO     | Within active window (07:00-23:00). Running sync...
2025-11-25 15:12:53 | INFO     | Orders sync complete. created=0 payments=0 skipped=1
2025-11-25 15:12:53 | INFO     | Locked bookings sync complete. created=0 skipped=27
2025-11-25 15:27:53 | INFO     | Within active window (07:00-23:00). Running sync...
2025-11-25 15:27:53 | INFO     | Orders sync complete. created=0 payments=0 skipped=1
2025-11-25 15:27:53 | INFO     | Locked bookings sync complete. created=0 skipped=27
2025-11-25 15:42:53 | INFO     | Within active window (07:00-23:00). Running sync...
2025-11-25 15:42:53 | INFO     | Orders sync complete. created=0 payments=0 skipped=1
2025-11-25 15:42:53 | INFO     | Locked bookings sync complete. created=0 skipped=27
2025-11-25 15:57:53 | INFO     | Within active window (07:00-23:00). Running sync...
2025-11-25 15:57:53 | INFO     | Orders sync complete. created=0 payments=0 skipped=1
2025-11-25 15:57:53 | INFO     | Locked bookings sync complete. created=0 skipped=27
2025-11-25 16:12:53 | INFO     | Within active window (07:00-23:00). Running sync...
2025-11-25 16:12:53 | INFO     | Orders sync complete. created=0 payments=0 skipped=1
2025-11-25 16:12:53 | INFO     | Locked bookings sync complete. created=0 skipped=27
2025-11-25 16:27:53 | INFO     | Within active window (07:00-23:00). Running sync...
2025-11-25 16:27:53 | INFO     | Orders sync complete. created=0 payments=0 skipped=1
2025-11-25 16:27:53 | INFO     | Locked bookings sync complete. created=0 skipped=27
2025-11-25 16:42:53 | INFO     | Within active window (07:00-23:00). Running sync...
2025-11-25 16:42:53 | INFO     | Orders sync complete. created=0 payments=0 skipped=1
2025-11-25 16:42:53 | INFO     | Locked bookings sync complete. created=0 skipped=27
2025-11-25 16:57:53 | INFO     | Within active window (07:00-23:00). Running sync...
2025-11-25 16:57:53 | INFO     | Orders sync complete. created=0 payments=0 skipped=1
2025-11-25 16:57:53 | INFO     | Locked bookings sync complete. created=0 skipped=27
2025-11-25 17:12:53 | INFO     | Within active window (07:00-23:00). Running sync...
2025-11-25 17:12:53 | INFO     | Orders sync complete. created=0 payments=0 skipped=1
2025-11-25 17:12:53 | INFO     | Locked bookings sync complete. created=0 skipped=27
2025-11-25 17:27:53 | INFO     | Within active window (07:00-23:00). Running sync...
2025-11-25 17:27:53 | INFO     | Orders sync complete. created=0 payments=0 skipped=1
2025-11-25 17:27:53 | INFO     | Locked bookings sync complete. created=0 skipped=27
2025-11-25 17:42:53 | INFO     | Within active window (07:00-23:00). Running sync...
2025-11-25 17:42:53 | INFO     | Orders sync complete. created=0 payments=0 skipped=1
2025-11-25 17:42:53 | INFO     | Locked bookings sync complete. created=0 skipped=27
2025-11-25 17:57:53 | INFO     | Within active window (07:00-23:00). Running sync...
2025-11-25 17:57:53 | INFO     | Orders sync complete. created=0 payments=0 skipped=1
2025-11-25 17:57:53 | INFO     | Locked bookings sync complete. created=0 skipped=27
2025-11-25 18:12:53 | INFO     | Within active window (07:00-23:00). Running sync...
2025-11-25 18:12:53 | INFO     | Orders sync complete. created=0 payments=0 skipped=1
2025-11-25 18:12:53 | INFO     | Locked bookings sync complete. created=0 skipped=27
2025-11-25 18:27:53 | INFO     | Within active window (07:00-23:00). Running sync...
2025-11-25 18:27:53 | INFO     | Orders sync complete. created=0 payments=0 skipped=1
2025-11-25 18:27:53 | INFO     | Locked bookings sync complete. created=0 skipped=27
2025-11-25 18:42:54 | INFO     | Within active window (07:00-23:00). Running sync...
2025-11-25 18:42:54 | INFO     | Orders sync complete. created=0 payments=0 skipped=1
2025-11-25 18:42:54 | INFO     | Locked bookings sync complete. created=0 skipped=27
2025-11-26 08:17:05 | INFO     | Within active window (07:00-23:00). Running sync...
2025-11-26 08:17:05 | INFO     | Orders sync complete. created=0 payments=0 skipped=1
2025-11-26 08:17:05 | INFO     | Locked bookings sync complete. created=0 skipped=27
2025-11-26 08:32:06 | INFO     | Within active window (07:00-23:00). Running sync...
2025-11-26 08:32:06 | INFO     | Orders sync complete. created=0 payments=0 skipped=1
2025-11-26 08:32:06 | INFO     | Locked bookings sync complete. created=0 skipped=28
2025-11-26 08:47:08 | INFO     | Within active window (07:00-23:00). Running sync...
2025-11-26 08:47:08 | INFO     | Orders sync complete. created=0 payments=0 skipped=1
2025-11-26 08:47:08 | INFO     | Locked bookings sync complete. created=0 skipped=28
2025-11-26 09:02:09 | INFO     | Within active window (07:00-23:00). Running sync...
2025-11-26 09:02:09 | INFO     | Orders sync complete. created=0 payments=0 skipped=1
2025-11-26 09:02:09 | INFO     | Locked bookings sync complete. created=0 skipped=28
2025-11-26 09:17:09 | INFO     | Within active window (07:00-23:00). Running sync...
2025-11-26 09:17:09 | INFO     | Orders sync complete. created=0 payments=0 skipped=1
2025-11-26 09:17:09 | INFO     | Locked bookings sync complete. created=0 skipped=28
2025-11-26 09:32:09 | INFO     | Within active window (07:00-23:00). Running sync...
2025-11-26 09:32:09 | INFO     | Orders sync complete. created=0 payments=0 skipped=1
2025-11-26 09:32:09 | INFO     | Locked bookings sync complete. created=0 skipped=28
2025-11-26 09:47:09 | INFO     | Within active window (07:00-23:00). Running sync...
2025-11-26 09:47:09 | INFO     | Orders sync complete. created=0 payments=0 skipped=1
2025-11-26 09:47:09 | INFO     | Locked bookings sync complete. created=0 skipped=28
2025-11-26 10:02:09 | INFO     | Within active window (07:00-23:00). Running sync...
2025-11-26 10:02:09 | INFO     | Orders sync complete. created=0 payments=0 skipped=1
2025-11-26 10:02:09 | INFO     | Locked bookings sync complete. created=0 skipped=28
2025-11-26 10:17:09 | INFO     | Within active window (07:00-23:00). Running sync...
2025-11-26 10:17:09 | INFO     | Orders sync complete. created=0 payments=0 skipped=1
2025-11-26 10:17:09 | INFO     | Locked bookings sync complete. created=0 skipped=28
2025-11-26 10:32:09 | INFO     | Within active window (07:00-23:00). Running sync...
2025-11-26 10:32:09 | INFO     | Orders sync complete. created=0 payments=0 skipped=1
2025-11-26 10:32:09 | INFO     | Locked bookings sync complete. created=0 skipped=28
2025-11-26 10:47:09 | INFO     | Within active window (07:00-23:00). Running sync...
2025-11-26 10:47:09 | INFO     | Orders sync complete. created=0 payments=0 skipped=1
2025-11-26 10:47:09 | INFO     | Locked bookings sync complete. created=0 skipped=28
2025-11-26 11:02:09 | INFO     | Within active window (07:00-23:00). Running sync...
2025-11-26 11:02:09 | INFO     | Orders sync complete. created=0 payments=0 skipped=1
2025-11-26 11:02:09 | INFO     | Locked bookings sync complete. created=0 skipped=28
2025-11-26 11:17:09 | INFO     | Within active window (07:00-23:00). Running sync...
2025-11-26 11:17:09 | INFO     | Orders sync complete. created=0 payments=0 skipped=1
2025-11-26 11:17:09 | INFO     | Locked bookings sync complete. created=0 skipped=28
2025-11-26 11:32:09 | INFO     | Within active window (07:00-23:00). Running sync...
2025-11-26 11:32:09 | INFO     | Orders sync complete. created=0 payments=0 skipped=1
2025-11-26 11:32:09 | INFO     | Locked bookings sync complete. created=0 skipped=28
2025-11-26 11:47:09 | INFO     | Within active window (07:00-23:00). Running sync...
2025-11-26 11:47:09 | INFO     | Orders sync complete. created=0 payments=0 skipped=1
2025-11-26 11:47:09 | INFO     | Locked bookings sync complete. created=0 skipped=28
2025-11-26 12:02:09 | INFO     | Within active window (07:00-23:00). Running sync...
2025-11-26 12:02:09 | INFO     | Orders sync complete. created=0 payments=0 skipped=1
2025-11-26 12:02:09 | INFO     | Locked bookings sync complete. created=0 skipped=28
2025-11-26 12:17:09 | INFO     | Within active window (07:00-23:00). Running sync...
2025-11-26 12:17:09 | INFO     | Orders sync complete. created=0 payments=0 skipped=1
2025-11-26 12:17:09 | INFO     | Locked bookings sync complete. created=0 skipped=28
2025-11-26 12:32:09 | INFO     | Within active window (07:00-23:00). Running sync...
2025-11-26 12:32:09 | INFO     | Orders sync complete. created=0 payments=0 skipped=1
2025-11-26 12:32:09 | INFO     | Locked bookings sync complete. created=0 skipped=28
2025-11-26 12:47:09 | INFO     | Within active window (07:00-23:00). Running sync...
2025-11-26 12:47:09 | INFO     | Orders sync complete. created=0 payments=0 skipped=1
2025-11-26 12:47:09 | INFO     | Locked bookings sync complete. created=0 skipped=28
2025-11-26 13:02:09 | INFO     | Within active window (07:00-23:00). Running sync...
2025-11-26 13:02:09 | INFO     | Orders sync complete. created=0 payments=0 skipped=1
2025-11-26 13:02:09 | INFO     | Locked bookings sync complete. created=0 skipped=28
2025-11-26 13:17:09 | INFO     | Within active window (07:00-23:00). Running sync...
2025-11-26 13:17:09 | INFO     | Orders sync complete. created=0 payments=0 skipped=1
2025-11-26 13:17:10 | INFO     | Locked bookings sync complete. created=0 skipped=28
2025-11-26 13:32:10 | INFO     | Within active window (07:00-23:00). Running sync...
2025-11-26 13:32:10 | INFO     | Orders sync complete. created=0 payments=0 skipped=1
2025-11-26 13:32:10 | INFO     | Locked bookings sync complete. created=0 skipped=28
2025-11-26 13:47:10 | INFO     | Within active window (07:00-23:00). Running sync...
2025-11-26 13:47:10 | INFO     | Orders sync complete. created=0 payments=0 skipped=1
2025-11-26 13:47:10 | INFO     | Locked bookings sync complete. created=0 skipped=28
2025-11-26 14:02:10 | INFO     | Within active window (07:00-23:00). Running sync...
2025-11-26 14:02:10 | INFO     | Orders sync complete. created=0 payments=0 skipped=1
2025-11-26 14:02:10 | INFO     | Locked bookings sync complete. created=0 skipped=28
2025-11-26 14:17:10 | INFO     | Within active window (07:00-23:00). Running sync...
2025-11-26 14:17:10 | INFO     | Orders sync complete. created=0 payments=0 skipped=1
2025-11-26 14:17:10 | INFO     | Locked bookings sync complete. created=0 skipped=28
2025-11-26 14:32:10 | INFO     | Within active window (07:00-23:00). Running sync...
2025-11-26 14:32:10 | INFO     | Orders sync complete. created=0 payments=0 skipped=1
2025-11-26 14:32:10 | INFO     | Locked bookings sync complete. created=0 skipped=28
2025-11-26 14:47:10 | INFO     | Within active window (07:00-23:00). Running sync...
2025-11-26 14:47:10 | INFO     | Orders sync complete. created=0 payments=0 skipped=1
2025-11-26 14:47:10 | INFO     | Locked bookings sync complete. created=0 skipped=28
2025-11-26 15:02:10 | INFO     | Within active window (07:00-23:00). Running sync...
2025-11-26 15:02:10 | INFO     | Orders sync complete. created=0 payments=0 skipped=1
2025-11-26 15:02:10 | INFO     | Locked bookings sync complete. created=0 skipped=28
2025-11-26 15:17:10 | INFO     | Within active window (07:00-23:00). Running sync...
2025-11-26 15:17:10 | INFO     | Orders sync complete. created=0 payments=0 skipped=1
2025-11-26 15:17:10 | INFO     | Locked bookings sync complete. created=0 skipped=28
2025-11-26 15:32:10 | INFO     | Within active window (07:00-23:00). Running sync...
2025-11-26 15:32:10 | INFO     | Orders sync complete. created=0 payments=0 skipped=1
2025-11-26 15:32:10 | INFO     | Locked bookings sync complete. created=0 skipped=28
2025-11-26 15:47:10 | INFO     | Within active window (07:00-23:00). Running sync...
2025-11-26 15:47:10 | INFO     | Orders sync complete. created=0 payments=0 skipped=1
2025-11-26 15:47:10 | INFO     | Locked bookings sync complete. created=0 skipped=28
2025-11-26 16:02:10 | INFO     | Within active window (07:00-23:00). Running sync...
2025-11-26 16:02:10 | INFO     | Orders sync complete. created=0 payments=0 skipped=1
2025-11-26 16:02:10 | INFO     | Locked bookings sync complete. created=0 skipped=28
2025-11-26 16:17:10 | INFO     | Within active window (07:00-23:00). Running sync...
2025-11-26 16:17:10 | INFO     | Orders sync complete. created=0 payments=0 skipped=1
2025-11-26 16:17:10 | INFO     | Locked bookings sync complete. created=0 skipped=28
2025-11-26 16:32:10 | INFO     | Within active window (07:00-23:00). Running sync...
2025-11-26 16:32:10 | INFO     | Orders sync complete. created=0 payments=0 skipped=1
2025-11-26 16:32:10 | INFO     | Locked bookings sync complete. created=0 skipped=28
2025-11-26 16:47:10 | INFO     | Within active window (07:00-23:00). Running sync...
2025-11-26 16:47:10 | INFO     | Orders sync complete. created=0 payments=0 skipped=1
2025-11-26 16:47:10 | INFO     | Locked bookings sync complete. created=0 skipped=28
2025-11-26 17:02:10 | INFO     | Within active window (07:00-23:00). Running sync...
2025-11-26 17:02:10 | INFO     | Orders sync complete. created=0 payments=0 skipped=1
2025-11-26 17:02:10 | INFO     | Locked bookings sync complete. created=0 skipped=28
2025-11-26 17:17:10 | INFO     | Within active window (07:00-23:00). Running sync...
2025-11-26 17:17:10 | INFO     | Orders sync complete. created=0 payments=0 skipped=1
2025-11-26 17:17:10 | INFO     | Locked bookings sync complete. created=0 skipped=28
2025-11-26 17:32:10 | INFO     | Within active window (07:00-23:00). Running sync...
2025-11-26 17:32:10 | INFO     | Orders sync complete. created=0 payments=0 skipped=1
2025-11-26 17:32:10 | INFO     | Locked bookings sync complete. created=0 skipped=28
2025-11-26 17:47:10 | INFO     | Within active window (07:00-23:00). Running sync...
2025-11-26 17:47:10 | INFO     | Orders sync complete. created=0 payments=0 skipped=1
2025-11-26 17:47:10 | INFO     | Locked bookings sync complete. created=0 skipped=28
2025-11-26 18:02:10 | INFO     | Within active window (07:00-23:00). Running sync...
2025-11-26 18:02:10 | INFO     | Orders sync complete. created=0 payments=0 skipped=1
2025-11-26 18:02:10 | INFO     | Locked bookings sync complete. created=0 skipped=28
2025-11-26 18:17:10 | INFO     | Within active window (07:00-23:00). Running sync...
2025-11-26 18:17:10 | INFO     | Orders sync complete. created=0 payments=0 skipped=1
2025-11-26 18:17:10 | INFO     | Locked bookings sync complete. created=0 skipped=28
2025-11-27 08:41:27 | INFO     | Within active window (07:00-23:00). Running sync...
2025-11-27 08:41:27 | INFO     | Orders sync complete. created=0 payments=0 skipped=1
2025-11-27 08:41:27 | INFO     | Locked bookings sync complete. created=0 skipped=28
